Archive member included to satisfy reference by file (symbol)

../src/ASF/thirdparty/wireless/services/common_hw_timer/sam0/lib\libsam0_lib_hw_timer.a(common_hw_timer.o)
                              src/ASF/thirdparty/wireless/miwi/source/sys/sysTimer.o (common_tc_read_count)
c:/program files (x86)/atmel/studio/7.0/toolchain/arm/arm-gnu-toolchain/bin/../lib/gcc/arm-none-eabi/6.3.1/thumb/v6-m\libgcc.a(_thumb1_case_sqi.o)
                              src/ASF/sam0/drivers/sercom/sercom.o (__gnu_thumb1_case_sqi)
c:/program files (x86)/atmel/studio/7.0/toolchain/arm/arm-gnu-toolchain/bin/../lib/gcc/arm-none-eabi/6.3.1/thumb/v6-m\libgcc.a(_thumb1_case_uqi.o)
                              src/ASF/sam0/drivers/sercom/sercom.o (__gnu_thumb1_case_uqi)
c:/program files (x86)/atmel/studio/7.0/toolchain/arm/arm-gnu-toolchain/bin/../lib/gcc/arm-none-eabi/6.3.1/thumb/v6-m\libgcc.a(_udivsi3.o)
                              src/ASF/common2/services/delay/sam0/systick_counter.o (__aeabi_uidiv)
c:/program files (x86)/atmel/studio/7.0/toolchain/arm/arm-gnu-toolchain/bin/../lib/gcc/arm-none-eabi/6.3.1/thumb/v6-m\libgcc.a(_divsi3.o)
                              src/ASF/thirdparty/wireless/miwi/source/miwi_p2p_star/miwi_p2p_star.o (__aeabi_idiv)
c:/program files (x86)/atmel/studio/7.0/toolchain/arm/arm-gnu-toolchain/bin/../lib/gcc/arm-none-eabi/6.3.1/thumb/v6-m\libgcc.a(_dvmd_tls.o)
                              c:/program files (x86)/atmel/studio/7.0/toolchain/arm/arm-gnu-toolchain/bin/../lib/gcc/arm-none-eabi/6.3.1/thumb/v6-m\libgcc.a(_udivsi3.o) (__aeabi_idiv0)
c:/program files (x86)/atmel/studio/7.0/toolchain/arm/arm-gnu-toolchain/bin/../lib/gcc/arm-none-eabi/6.3.1/thumb/v6-m\libgcc.a(_ashldi3.o)
                              src/ASF/sam0/drivers/sercom/sercom.o (__aeabi_llsl)
c:/program files (x86)/atmel/studio/7.0/toolchain/arm/arm-gnu-toolchain/bin/../lib/gcc/arm-none-eabi/6.3.1/thumb/v6-m\libgcc.a(_arm_cmpsf2.o)
                              src/ASF/thirdparty/wireless/services/common_hw_timer/sam0/hw_timer.o (__aeabi_fcmpge)
c:/program files (x86)/atmel/studio/7.0/toolchain/arm/arm-gnu-toolchain/bin/../lib/gcc/arm-none-eabi/6.3.1/thumb/v6-m\libgcc.a(_muldi3.o)
                              src/ASF/sam0/drivers/sercom/sercom.o (__aeabi_lmul)
c:/program files (x86)/atmel/studio/7.0/toolchain/arm/arm-gnu-toolchain/bin/../lib/gcc/arm-none-eabi/6.3.1/thumb/v6-m\libgcc.a(_fixunssfsi.o)
                              src/ASF/thirdparty/wireless/services/common_hw_timer/sam0/hw_timer.o (__aeabi_f2uiz)
c:/program files (x86)/atmel/studio/7.0/toolchain/arm/arm-gnu-toolchain/bin/../lib/gcc/arm-none-eabi/6.3.1/thumb/v6-m\libgcc.a(_fixunsdfsi.o)
                              src/dutyCycling.o (__aeabi_d2uiz)
c:/program files (x86)/atmel/studio/7.0/toolchain/arm/arm-gnu-toolchain/bin/../lib/gcc/arm-none-eabi/6.3.1/thumb/v6-m\libgcc.a(addsf3.o)
                              src/ASF/thirdparty/wireless/services/common_hw_timer/sam0/hw_timer.o (__aeabi_fadd)
c:/program files (x86)/atmel/studio/7.0/toolchain/arm/arm-gnu-toolchain/bin/../lib/gcc/arm-none-eabi/6.3.1/thumb/v6-m\libgcc.a(divsf3.o)
                              src/ASF/thirdparty/wireless/services/common_hw_timer/sam0/hw_timer.o (__aeabi_fdiv)
c:/program files (x86)/atmel/studio/7.0/toolchain/arm/arm-gnu-toolchain/bin/../lib/gcc/arm-none-eabi/6.3.1/thumb/v6-m\libgcc.a(eqsf2.o)
                              c:/program files (x86)/atmel/studio/7.0/toolchain/arm/arm-gnu-toolchain/bin/../lib/gcc/arm-none-eabi/6.3.1/thumb/v6-m\libgcc.a(_arm_cmpsf2.o) (__eqsf2)
c:/program files (x86)/atmel/studio/7.0/toolchain/arm/arm-gnu-toolchain/bin/../lib/gcc/arm-none-eabi/6.3.1/thumb/v6-m\libgcc.a(gesf2.o)
                              c:/program files (x86)/atmel/studio/7.0/toolchain/arm/arm-gnu-toolchain/bin/../lib/gcc/arm-none-eabi/6.3.1/thumb/v6-m\libgcc.a(_arm_cmpsf2.o) (__gesf2)
c:/program files (x86)/atmel/studio/7.0/toolchain/arm/arm-gnu-toolchain/bin/../lib/gcc/arm-none-eabi/6.3.1/thumb/v6-m\libgcc.a(lesf2.o)
                              c:/program files (x86)/atmel/studio/7.0/toolchain/arm/arm-gnu-toolchain/bin/../lib/gcc/arm-none-eabi/6.3.1/thumb/v6-m\libgcc.a(_arm_cmpsf2.o) (__lesf2)
c:/program files (x86)/atmel/studio/7.0/toolchain/arm/arm-gnu-toolchain/bin/../lib/gcc/arm-none-eabi/6.3.1/thumb/v6-m\libgcc.a(mulsf3.o)
                              src/main.o (__aeabi_fmul)
c:/program files (x86)/atmel/studio/7.0/toolchain/arm/arm-gnu-toolchain/bin/../lib/gcc/arm-none-eabi/6.3.1/thumb/v6-m\libgcc.a(subsf3.o)
                              src/ASF/thirdparty/wireless/services/common_hw_timer/sam0/hw_timer.o (__aeabi_fsub)
c:/program files (x86)/atmel/studio/7.0/toolchain/arm/arm-gnu-toolchain/bin/../lib/gcc/arm-none-eabi/6.3.1/thumb/v6-m\libgcc.a(fixsfsi.o)
                              c:/program files (x86)/atmel/studio/7.0/toolchain/arm/arm-gnu-toolchain/bin/../lib/gcc/arm-none-eabi/6.3.1/thumb/v6-m\libgcc.a(_fixunssfsi.o) (__aeabi_f2iz)
[...]
Memory Configuration

Name             Origin             Length             Attributes
rom              0x00008000         0x00040000         xr
ram              0x20000000         0x00008000         xrw
lpram            0x30000000         0x00002000         xrw
*default*        0x00000000         0xffffffff

Linker script and memory map

LOAD c:/program files (x86)/atmel/studio/7.0/toolchain/arm/arm-gnu-toolchain/bin/../lib/gcc/arm-none-eabi/6.3.1/thumb/v6-m/crti.o
LOAD c:/program files (x86)/atmel/studio/7.0/toolchain/arm/arm-gnu-toolchain/bin/../lib/gcc/arm-none-eabi/6.3.1/thumb/v6-m/crtbegin.o
LOAD c:/program files (x86)/atmel/studio/7.0/toolchain/arm/arm-gnu-toolchain/bin/../lib/gcc/arm-none-eabi/6.3.1/../../../../arm-none-eabi/lib/thumb/v6-m/crt0.o
LOAD src/ASF/common2/services/delay/sam0/systick_counter.o
LOAD src/ASF/common/utils/interrupt/interrupt_sam_nvic.o
LOAD src/ASF/sam0/boards/samr30_xplained_pro/board_init.o
LOAD src/ASF/sam0/drivers/adc/adc_sam_l_c/adc.o
LOAD src/ASF/sam0/drivers/extint/extint_callback.o
LOAD src/ASF/sam0/drivers/extint/extint_sam_l_c/extint.o
LOAD src/ASF/sam0/drivers/nvm/nvm.o
LOAD src/ASF/sam0/drivers/port/port.o
LOAD src/ASF/sam0/drivers/rtc/rtc_sam_l_c/rtc_count.o
LOAD src/ASF/sam0/drivers/rtc/rtc_sam_l_c/rtc_count_interrupt.o
LOAD src/ASF/sam0/drivers/sercom/i2c/i2c_sam0/i2c_master.o
LOAD src/ASF/sam0/drivers/sercom/sercom.o
LOAD src/ASF/sam0/drivers/sercom/sercom_interrupt.o
LOAD src/ASF/sam0/drivers/sercom/spi/spi.o
LOAD src/ASF/sam0/drivers/sercom/usart/usart.o
LOAD src/ASF/sam0/drivers/sercom/usart/usart_interrupt.o
LOAD src/ASF/sam0/drivers/system/clock/clock_samr30/clock.o
LOAD src/ASF/sam0/drivers/system/clock/clock_samr30/gclk.o
LOAD src/ASF/sam0/drivers/system/interrupt/system_interrupt.o
LOAD src/ASF/sam0/drivers/system/pinmux/pinmux.o
LOAD src/ASF/sam0/drivers/system/system.o
LOAD src/ASF/sam0/drivers/tc/tc_interrupt.o
LOAD src/ASF/sam0/drivers/tc/tc_sam_l_c/tc.o
LOAD src/ASF/sam0/utils/cmsis/samr30/source/gcc/startup_samr30.o
LOAD src/ASF/sam0/utils/cmsis/samr30/source/system_samr30.o
LOAD src/ASF/sam0/utils/stdio/read.o
LOAD src/ASF/sam0/utils/stdio/write.o
LOAD src/ASF/sam0/utils/syscalls/gcc/syscalls.o
LOAD src/ASF/thirdparty/wireless/addons/sio2host/uart/sio2host.o
LOAD src/ASF/thirdparty/wireless/miwi/services/lcd/lcd.o
LOAD src/ASF/thirdparty/wireless/miwi/services/pds/src/nopds/fakePds.o
LOAD src/ASF/thirdparty/wireless/miwi/services/pds/src/nv/D_Nv.o
LOAD src/ASF/thirdparty/wireless/miwi/services/pds/src/nv/External/D_XNv-SamR21.o
LOAD src/ASF/thirdparty/wireless/miwi/services/pds/src/nv/External/S_Nv-External.o
LOAD src/ASF/thirdparty/wireless/miwi/services/pds/src/nv/External/S_XNv.o
LOAD src/ASF/thirdparty/wireless/miwi/services/pds/src/nv/S_Nv-SamR21.o
LOAD src/ASF/thirdparty/wireless/miwi/services/pds/src/wl/wlPdsDataServer.o
LOAD src/ASF/thirdparty/wireless/miwi/services/pds/src/wl/wlPdsInit.o
LOAD src/ASF/thirdparty/wireless/miwi/services/pds/src/wl/wlPdsTaskManager.o
LOAD src/ASF/thirdparty/wireless/miwi/services/pds/src/wl/wlPdsTypesConverter.o
LOAD src/ASF/thirdparty/wireless/miwi/services/sleep_mgr/sam0/sleep_mgr.o
LOAD src/ASF/thirdparty/wireless/miwi/source/mimac/mimac_at86rf.o
LOAD src/ASF/thirdparty/wireless/miwi/source/mimac/phy/at86rf212b/phy.o
LOAD src/ASF/thirdparty/wireless/miwi/source/miwi_p2p_star/miwi_p2p_pds.o
LOAD src/ASF/thirdparty/wireless/miwi/source/miwi_p2p_star/miwi_p2p_star.o
LOAD src/ASF/thirdparty/wireless/miwi/source/sys/mimem.o
LOAD src/ASF/thirdparty/wireless/miwi/source/sys/miqueue.o
LOAD src/ASF/thirdparty/wireless/miwi/source/sys/sysTimer.o
LOAD src/ASF/thirdparty/wireless/services/common_hw_timer/sam0/hw_timer.o
LOAD src/ASF/thirdparty/wireless/services/edbg_eui/edbg-eui.o
LOAD src/ASF/thirdparty/wireless/services/nvm/sam0/sam_nvm.o
LOAD src/ASF/thirdparty/wireless/services/sal/at86rf2xx/src/sal.o
LOAD src/ASF/thirdparty/wireless/services/trx_access/trx_access.o
LOAD src/assa_protocol.o
LOAD src/AT25DF/at25dfx.o
LOAD src/CAN/mcp2515_can.o
LOAD src/demo_output.o
LOAD src/dutyCycling.o
LOAD src/ext_flash.o
LOAD src/gpio_expander/MCP23008.o
LOAD src/HAL/hal_i2c.o
LOAD src/HAL/hal_spi.o
LOAD src/int_flash.o
LOAD src/keep_alive_timer.o
LOAD src/main.o
LOAD src/oled/ssd1351.o
LOAD src/p2p_demo.o
LOAD src/task.o
START GROUP
LOAD ../src/ASF/thirdparty/wireless/services/common_hw_timer/sam0/lib\libsam0_lib_hw_timer.a
LOAD ../src/ASF/thirdparty/CMSIS/Lib/GCC\libarm_cortexM0l_math.a
LOAD c:/program files (x86)/atmel/studio/7.0/toolchain/arm/arm-gnu-toolchain/bin/../lib/gcc/arm-none-eabi/6.3.1/../../../../arm-none-eabi/lib/thumb/v6-m\libm.a
END GROUP
START GROUP
LOAD c:/program files (x86)/atmel/studio/7.0/toolchain/arm/arm-gnu-toolchain/bin/../lib/gcc/arm-none-eabi/6.3.1/thumb/v6-m\libgcc.a
LOAD c:/program files (x86)/atmel/studio/7.0/toolchain/arm/arm-gnu-toolchain/bin/../lib/gcc/arm-none-eabi/6.3.1/../../../../arm-none-eabi/lib/thumb/v6-m\libc_nano.a
END GROUP
START GROUP
LOAD c:/program files (x86)/atmel/studio/7.0/toolchain/arm/arm-gnu-toolchain/bin/../lib/gcc/arm-none-eabi/6.3.1/thumb/v6-m\libgcc.a
LOAD c:/program files (x86)/atmel/studio/7.0/toolchain/arm/arm-gnu-toolchain/bin/../lib/gcc/arm-none-eabi/6.3.1/../../../../arm-none-eabi/lib/thumb/v6-m\libc_nano.a
END GROUP
LOAD c:/program files (x86)/atmel/studio/7.0/toolchain/arm/arm-gnu-toolchain/bin/../lib/gcc/arm-none-eabi/6.3.1/thumb/v6-m/crtend.o
LOAD c:/program files (x86)/atmel/studio/7.0/toolchain/arm/arm-gnu-toolchain/bin/../lib/gcc/arm-none-eabi/6.3.1/thumb/v6-m/crtn.o
                0x00002000                STACK_SIZE = DEFINED (STACK_SIZE)?STACK_SIZE:DEFINED (__stack_size__)?__stack_size__:0x2000

.text           0x00008000    0x106f4
                0x00008000                . = ALIGN (0x4)
                0x00008000                _sfixed = .
 *(.vectors .vectors.*)
 .vectors       0x00008000       0xb4 src/ASF/sam0/utils/cmsis/samr30/source/gcc/startup_samr30.o
                0x00008000                exception_table
 *(.text .text.* .gnu.linkonce.t.*)
 .text          0x000080b4       0x60 c:/program files (x86)/atmel/studio/7.0/toolchain/arm/arm-gnu-toolchain/bin/../lib/gcc/arm-none-eabi/6.3.1/thumb/v6-m/crtbegin.o
 .text.delay_init
                0x00008114       0x40 src/ASF/common2/services/delay/sam0/systick_counter.o
                0x00008114                delay_init
 .text.delay_cycles_us
                0x00008154       0x2c src/ASF/common2/services/delay/sam0/systick_counter.o
                0x00008154                delay_cycles_us
 .text.delay_cycles_ms
                0x00008180       0x2c src/ASF/common2/services/delay/sam0/systick_counter.o
                0x00008180                delay_cycles_ms
 .text.cpu_irq_enter_critical
                0x000081ac       0x34 src/ASF/common/utils/interrupt/interrupt_sam_nvic.o
                0x000081ac                cpu_irq_enter_critical
 .text.cpu_irq_leave_critical
                0x000081e0       0x30 src/ASF/common/utils/interrupt/interrupt_sam_nvic.o
                0x000081e0                cpu_irq_leave_critical
 .text.system_board_init
                0x00008210       0xa4 src/ASF/sam0/boards/samr30_xplained_pro/board_init.o
                0x00008210                board_init
                0x00008210                system_board_init
 .text._adc_configure_ain_pin.isra.1
                0x000082b4       0x40 src/ASF/sam0/drivers/adc/adc_sam_l_c/adc.o
 .text.adc_get_config_defaults
                0x000082f4       0x40 src/ASF/sam0/drivers/adc/adc_sam_l_c/adc.o
                0x000082f4                adc_get_config_defaults
 .text.adc_init
                0x00008334      0x2a8 src/ASF/sam0/drivers/adc/adc_sam_l_c/adc.o
                0x00008334                adc_init
 .text.extint_register_callback
                0x000085dc       0x28 src/ASF/sam0/drivers/extint/extint_callback.o
                0x000085dc                extint_register_callback
 .text.extint_chan_enable_callback
                0x00008604       0x20 src/ASF/sam0/drivers/extint/extint_callback.o
                0x00008604                extint_chan_enable_callback
 .text.extint_chan_disable_callback
                0x00008624       0x20 src/ASF/sam0/drivers/extint/extint_callback.o
                0x00008624                extint_chan_disable_callback
 .text.EIC_Handler
                0x00008644       0x40 src/ASF/sam0/drivers/extint/extint_callback.o
                0x00008644                EIC_Handler
 .text.extint_is_syncing
                0x00008684       0x18 src/ASF/sam0/drivers/extint/extint_sam_l_c/extint.o
 .text._extint_enable
                0x0000869c       0x20 src/ASF/sam0/drivers/extint/extint_sam_l_c/extint.o
 .text._extint_disable
                0x000086bc       0x20 src/ASF/sam0/drivers/extint/extint_sam_l_c/extint.o
 .text._system_extint_init
                0x000086dc       0x58 src/ASF/sam0/drivers/extint/extint_sam_l_c/extint.o
                0x000086dc                _system_extint_init
 .text.extint_chan_get_config_defaults
                0x00008734       0x14 src/ASF/sam0/drivers/extint/extint_sam_l_c/extint.o
                0x00008734                extint_chan_get_config_defaults
 .text.extint_chan_set_config
                0x00008748       0x84 src/ASF/sam0/drivers/extint/extint_sam_l_c/extint.o
                0x00008748                extint_chan_set_config
 .text.nvm_is_ready
                0x000087cc       0x10 src/ASF/sam0/drivers/nvm/nvm.o
 .text.nvm_set_config
                0x000087dc       0x88 src/ASF/sam0/drivers/nvm/nvm.o
                0x000087dc                nvm_set_config
 .text.nvm_execute_command
                0x00008864       0xf0 src/ASF/sam0/drivers/nvm/nvm.o
                0x00008864                nvm_execute_command
 .text.nvm_write_buffer
                0x00008954       0xc4 src/ASF/sam0/drivers/nvm/nvm.o
                0x00008954                nvm_write_buffer
 .text.nvm_read_buffer
                0x00008a18       0x80 src/ASF/sam0/drivers/nvm/nvm.o
                0x00008a18                nvm_read_buffer
 .text.nvm_erase_row
                0x00008a98       0xa0 src/ASF/sam0/drivers/nvm/nvm.o
                0x00008a98                nvm_erase_row
 .text.nvm_get_parameters
                0x00008b38       0x5c src/ASF/sam0/drivers/nvm/nvm.o
                0x00008b38                nvm_get_parameters
 .text.port_pin_set_config
                0x00008b94       0x20 src/ASF/sam0/drivers/port/port.o
                0x00008b94                port_pin_set_config
 .text.RTC_Handler
                0x00008bb4       0x90 src/ASF/sam0/drivers/rtc/rtc_sam_l_c/rtc_count_interrupt.o
                0x00008bb4                RTC_Handler
 .text._i2c_master_wait_for_sync
                0x00008c44        0xc src/ASF/sam0/drivers/sercom/i2c/i2c_sam0/i2c_master.o
 .text.i2c_master_init
                0x00008c50      0x2bc src/ASF/sam0/drivers/sercom/i2c/i2c_sam0/i2c_master.o
                0x00008c50                i2c_master_init
 .text._i2c_master_address_response
                0x00008f0c       0x2c src/ASF/sam0/drivers/sercom/i2c/i2c_sam0/i2c_master.o
                0x00008f0c                _i2c_master_address_response
 .text._i2c_master_wait_for_bus
                0x00008f38       0x28 src/ASF/sam0/drivers/sercom/i2c/i2c_sam0/i2c_master.o
                0x00008f38                _i2c_master_wait_for_bus
 .text._i2c_master_send_hs_master_code
                0x00008f60       0x20 src/ASF/sam0/drivers/sercom/i2c/i2c_sam0/i2c_master.o
                0x00008f60                _i2c_master_send_hs_master_code
 .text._i2c_master_read_packet
                0x00008f80      0x154 src/ASF/sam0/drivers/sercom/i2c/i2c_sam0/i2c_master.o
 .text._i2c_master_write_packet
                0x000090d4       0xc8 src/ASF/sam0/drivers/sercom/i2c/i2c_sam0/i2c_master.o
 .text.i2c_master_read_packet_wait
                0x0000919c       0x14 src/ASF/sam0/drivers/sercom/i2c/i2c_sam0/i2c_master.o
                0x0000919c                i2c_master_read_packet_wait
 .text.i2c_master_write_packet_wait
                0x000091b0       0x14 src/ASF/sam0/drivers/sercom/i2c/i2c_sam0/i2c_master.o
                0x000091b0                i2c_master_write_packet_wait
 .text.i2c_master_write_packet_wait_no_stop
                0x000091c4       0x14 src/ASF/sam0/drivers/sercom/i2c/i2c_sam0/i2c_master.o
                0x000091c4                i2c_master_write_packet_wait_no_stop
 .text.long_division
                0x000091d8       0x6c src/ASF/sam0/drivers/sercom/sercom.o
 .text._sercom_get_sync_baud_val
                0x00009244       0x28 src/ASF/sam0/drivers/sercom/sercom.o
                0x00009244                _sercom_get_sync_baud_val
 .text._sercom_get_async_baud_val
                0x0000926c       0x98 src/ASF/sam0/drivers/sercom/sercom.o
                0x0000926c                _sercom_get_async_baud_val
 .text.sercom_set_gclk_generator
                0x00009304       0x44 src/ASF/sam0/drivers/sercom/sercom.o
                0x00009304                sercom_set_gclk_generator
 .text._sercom_get_default_pad
                0x00009348       0xf4 src/ASF/sam0/drivers/sercom/sercom.o
                0x00009348                _sercom_get_default_pad
 .text._sercom_get_sercom_inst_index
                0x0000943c       0x30 src/ASF/sam0/drivers/sercom/sercom.o
                0x0000943c                _sercom_get_sercom_inst_index
 .text._sercom_default_handler
                0x0000946c        0x2 src/ASF/sam0/drivers/sercom/sercom_interrupt.o
 *fill*         0x0000946e        0x2 
 .text._sercom_set_handler
                0x00009470       0x38 src/ASF/sam0/drivers/sercom/sercom_interrupt.o
                0x00009470                _sercom_set_handler
 .text._sercom_get_interrupt_vector
                0x000094a8       0x2c src/ASF/sam0/drivers/sercom/sercom_interrupt.o
                0x000094a8                _sercom_get_interrupt_vector
 .text.SERCOM0_Handler
                0x000094d4       0x10 src/ASF/sam0/drivers/sercom/sercom_interrupt.o
                0x000094d4                SERCOM0_Handler
 .text.SERCOM1_Handler
                0x000094e4       0x10 src/ASF/sam0/drivers/sercom/sercom_interrupt.o
                0x000094e4                SERCOM1_Handler
 .text.SERCOM2_Handler
                0x000094f4       0x10 src/ASF/sam0/drivers/sercom/sercom_interrupt.o
                0x000094f4                SERCOM2_Handler
 .text.SERCOM3_Handler
                0x00009504       0x10 src/ASF/sam0/drivers/sercom/sercom_interrupt.o
                0x00009504                SERCOM3_Handler
 .text.SERCOM4_Handler
                0x00009514       0x10 src/ASF/sam0/drivers/sercom/sercom_interrupt.o
                0x00009514                SERCOM4_Handler
 .text.SERCOM5_Handler
                0x00009524       0x10 src/ASF/sam0/drivers/sercom/sercom_interrupt.o
                0x00009524                SERCOM5_Handler
 .text.spi_write
                0x00009534       0x14 src/ASF/sam0/drivers/sercom/spi/spi.o
 .text.port_pin_set_output_level
                0x00009548       0x2c src/ASF/sam0/drivers/sercom/spi/spi.o
 .text.spi_read
                0x00009574       0x30 src/ASF/sam0/drivers/sercom/spi/spi.o
 .text.spi_init
                0x000095a4      0x2a4 src/ASF/sam0/drivers/sercom/spi/spi.o
                0x000095a4                spi_init
 .text.spi_read_buffer_wait
                0x00009848       0x84 src/ASF/sam0/drivers/sercom/spi/spi.o
                0x00009848                spi_read_buffer_wait
 .text.spi_select_slave
                0x000098cc       0x7c src/ASF/sam0/drivers/sercom/spi/spi.o
                0x000098cc                spi_select_slave
 .text.spi_write_buffer_wait
                0x00009948       0x80 src/ASF/sam0/drivers/sercom/spi/spi.o
                0x00009948                spi_write_buffer_wait
 .text.usart_init
                0x000099c8      0x2d8 src/ASF/sam0/drivers/sercom/usart/usart.o
                0x000099c8                usart_init
 .text.usart_write_wait
                0x00009ca0       0x22 src/ASF/sam0/drivers/sercom/usart/usart.o
                0x00009ca0                usart_write_wait
 .text.usart_read_wait
                0x00009cc2       0x68 src/ASF/sam0/drivers/sercom/usart/usart.o
                0x00009cc2                usart_read_wait
 *fill*         0x00009d2a        0x2 
 .text.usart_read_buffer_wait
                0x00009d2c       0x78 src/ASF/sam0/drivers/sercom/usart/usart.o
                0x00009d2c                usart_read_buffer_wait
 .text._usart_interrupt_handler
                0x00009da4      0x168 src/ASF/sam0/drivers/sercom/usart/usart_interrupt.o
                0x00009da4                _usart_interrupt_handler
 .text._system_dfll_wait_for_sync
                0x00009f0c       0x14 src/ASF/sam0/drivers/system/clock/clock_samr30/clock.o
 .text.system_switch_performance_level
                0x00009f20       0x1a src/ASF/sam0/drivers/system/clock/clock_samr30/clock.o
 *fill*         0x00009f3a        0x2 
 .text.system_clock_source_enable.part.2
                0x00009f3c       0x1c src/ASF/sam0/drivers/system/clock/clock_samr30/clock.o
 .text.system_clock_source_get_hz
                0x00009f58       0x90 src/ASF/sam0/drivers/system/clock/clock_samr30/clock.o
                0x00009f58                system_clock_source_get_hz
 .text.system_clock_source_osc16m_set_config
                0x00009fe8       0x34 src/ASF/sam0/drivers/system/clock/clock_samr30/clock.o
                0x00009fe8                system_clock_source_osc16m_set_config
 .text.system_clock_source_dfll_set_config
                0x0000a01c       0x80 src/ASF/sam0/drivers/system/clock/clock_samr30/clock.o
                0x0000a01c                system_clock_source_dfll_set_config
 .text.system_clock_source_dpll_set_config
                0x0000a09c       0xd0 src/ASF/sam0/drivers/system/clock/clock_samr30/clock.o
                0x0000a09c                system_clock_source_dpll_set_config
 .text.system_clock_source_enable
                0x0000a16c       0x8c src/ASF/sam0/drivers/system/clock/clock_samr30/clock.o
                0x0000a16c                system_clock_source_enable
 .text.system_clock_source_disable
                0x0000a1f8       0x7c src/ASF/sam0/drivers/system/clock/clock_samr30/clock.o
                0x0000a1f8                system_clock_source_disable
 .text.system_clock_init
                0x0000a274      0x224 src/ASF/sam0/drivers/system/clock/clock_samr30/clock.o
                0x0000a274                system_clock_init
 .text.system_gclk_is_syncing
                0x0000a498       0x20 src/ASF/sam0/drivers/system/clock/clock_samr30/gclk.o
 .text.system_gclk_init
                0x0000a4b8       0x20 src/ASF/sam0/drivers/system/clock/clock_samr30/gclk.o
                0x0000a4b8                system_gclk_init
 .text.system_gclk_gen_set_config
                0x0000a4d8       0x98 src/ASF/sam0/drivers/system/clock/clock_samr30/gclk.o
                0x0000a4d8                system_gclk_gen_set_config
 .text.system_gclk_gen_enable
                0x0000a570       0x38 src/ASF/sam0/drivers/system/clock/clock_samr30/gclk.o
                0x0000a570                system_gclk_gen_enable
 .text.system_gclk_gen_get_hz
                0x0000a5a8       0x68 src/ASF/sam0/drivers/system/clock/clock_samr30/gclk.o
                0x0000a5a8                system_gclk_gen_get_hz
 .text.system_gclk_chan_enable
                0x0000a610       0x30 src/ASF/sam0/drivers/system/clock/clock_samr30/gclk.o
                0x0000a610                system_gclk_chan_enable
 .text.system_gclk_chan_disable
                0x0000a640       0x30 src/ASF/sam0/drivers/system/clock/clock_samr30/gclk.o
                0x0000a640                system_gclk_chan_disable
 .text.system_gclk_chan_set_config
                0x0000a670       0x24 src/ASF/sam0/drivers/system/clock/clock_samr30/gclk.o
                0x0000a670                system_gclk_chan_set_config
 .text.system_gclk_chan_get_hz
                0x0000a694       0x30 src/ASF/sam0/drivers/system/clock/clock_samr30/gclk.o
                0x0000a694                system_gclk_chan_get_hz
 .text._system_pinmux_config
                0x0000a6c4       0x84 src/ASF/sam0/drivers/system/pinmux/pinmux.o
 .text.system_pinmux_pin_set_config
                0x0000a748       0x2c src/ASF/sam0/drivers/system/pinmux/pinmux.o
                0x0000a748                system_pinmux_pin_set_config
 .text._system_dummy_init
                0x0000a774        0x2 src/ASF/sam0/drivers/system/system.o
                0x0000a774                _system_events_init
                0x0000a774                _system_dummy_init
                0x0000a774                _system_divas_init
 *fill*         0x0000a776        0x2 
 .text.system_init
                0x0000a778       0x2c src/ASF/sam0/drivers/system/system.o
                0x0000a778                system_init
 .text.tc_register_callback
                0x0000a7a4       0x26 src/ASF/sam0/drivers/tc/tc_interrupt.o
                0x0000a7a4                tc_register_callback
 *fill*         0x0000a7ca        0x2 
 .text._tc_interrupt_handler
                0x0000a7cc       0x5c src/ASF/sam0/drivers/tc/tc_interrupt.o
                0x0000a7cc                _tc_interrupt_handler
 .text.TC0_Handler
                0x0000a828       0x10 src/ASF/sam0/drivers/tc/tc_interrupt.o
                0x0000a828                TC0_Handler
 .text.TC1_Handler
                0x0000a838       0x10 src/ASF/sam0/drivers/tc/tc_interrupt.o
                0x0000a838                TC1_Handler
 .text.TC4_Handler
                0x0000a848       0x10 src/ASF/sam0/drivers/tc/tc_interrupt.o
                0x0000a848                TC4_Handler
 .text.system_apb_clock_set_mask
                0x0000a858       0x44 src/ASF/sam0/drivers/tc/tc_sam_l_c/tc.o
 .text._tc_get_inst_index
                0x0000a89c       0x38 src/ASF/sam0/drivers/tc/tc_sam_l_c/tc.o
                0x0000a89c                _tc_get_inst_index
 .text.tc_init  0x0000a8d4      0x268 src/ASF/sam0/drivers/tc/tc_sam_l_c/tc.o
                0x0000a8d4                tc_init
 .text.tc_get_count_value
                0x0000ab3c       0x46 src/ASF/sam0/drivers/tc/tc_sam_l_c/tc.o
                0x0000ab3c                tc_get_count_value
 .text.tc_set_compare_value
                0x0000ab82       0x78 src/ASF/sam0/drivers/tc/tc_sam_l_c/tc.o
                0x0000ab82                tc_set_compare_value
 .text.Dummy_Handler
                0x0000abfa        0x2 src/ASF/sam0/utils/cmsis/samr30/source/gcc/startup_samr30.o
                0x0000abfa                DMAC_Handler
                0x0000abfa                HardFault_Handler
                0x0000abfa                AC_Handler
                0x0000abfa                SysTick_Handler
                0x0000abfa                PendSV_Handler
                0x0000abfa                NMI_Handler
                0x0000abfa                ADC_Handler
                0x0000abfa                TCC1_Handler
                0x0000abfa                TCC0_Handler
                0x0000abfa                WDT_Handler
                0x0000abfa                USB_Handler
                0x0000abfa                Dummy_Handler
                0x0000abfa                SVC_Handler
                0x0000abfa                TCC2_Handler
                0x0000abfa                EVSYS_Handler
                0x0000abfa                NVMCTRL_Handler
                0x0000abfa                SYSTEM_Handler
                0x0000abfa                PTC_Handler
 .text.Reset_Handler
                0x0000abfc       0x70 src/ASF/sam0/utils/cmsis/samr30/source/gcc/startup_samr30.o
                0x0000abfc                Reset_Handler
 .text._read    0x0000ac6c       0x38 src/ASF/sam0/utils/stdio/read.o
                0x0000ac6c                _read
 .text._write   0x0000aca4       0x34 src/ASF/sam0/utils/stdio/write.o
                0x0000aca4                _write
 .text._sbrk    0x0000acd8       0x20 src/ASF/sam0/utils/syscalls/gcc/syscalls.o
                0x0000acd8                _sbrk
 .text._close   0x0000acf8        0x6 src/ASF/sam0/utils/syscalls/gcc/syscalls.o
                0x0000acf8                _close
 .text._fstat   0x0000acfe        0xa src/ASF/sam0/utils/syscalls/gcc/syscalls.o
                0x0000acfe                _fstat
 .text._isatty  0x0000ad08        0x4 src/ASF/sam0/utils/syscalls/gcc/syscalls.o
                0x0000ad08                _isatty
 .text._lseek   0x0000ad0c        0x4 src/ASF/sam0/utils/syscalls/gcc/syscalls.o
                0x0000ad0c                _lseek
 .text.usart_serial_getchar
                0x0000ad10       0x24 src/ASF/thirdparty/wireless/addons/sio2host/uart/sio2host.o
 .text.usart_serial_putchar
                0x0000ad34       0x18 src/ASF/thirdparty/wireless/addons/sio2host/uart/sio2host.o
 .text.USART_HOST_ISR_VECT
                0x0000ad4c       0x54 src/ASF/thirdparty/wireless/addons/sio2host/uart/sio2host.o
                0x0000ad4c                USART_HOST_ISR_VECT
 .text._usart_wait_for_sync.constprop.7
                0x0000ada0       0x10 src/ASF/thirdparty/wireless/addons/sio2host/uart/sio2host.o
 .text.usart_enable.constprop.6
                0x0000adb0       0x38 src/ASF/thirdparty/wireless/addons/sio2host/uart/sio2host.o
 .text.sio2host_init
                0x0000ade8      0x124 src/ASF/thirdparty/wireless/addons/sio2host/uart/sio2host.o
                0x0000ade8                sio2host_init
 .text.PHY_DataConf
                0x0000af0c       0x14 src/ASF/thirdparty/wireless/miwi/source/mimac/mimac_at86rf.o
                0x0000af0c                PHY_DataConf
 .text.MiMAC_SetAltAddress
                0x0000af20       0x38 src/ASF/thirdparty/wireless/miwi/source/mimac/mimac_at86rf.o
                0x0000af20                MiMAC_SetAltAddress
 .text.mic_generator
                0x0000af58      0x104 src/ASF/thirdparty/wireless/miwi/source/mimac/mimac_at86rf.o
                0x0000af58                mic_generator
 .text.DataEncrypt
                0x0000b05c      0x100 src/ASF/thirdparty/wireless/miwi/source/mimac/mimac_at86rf.o
                0x0000b05c                DataEncrypt
 .text.validate_mic
                0x0000b15c       0x28 src/ASF/thirdparty/wireless/miwi/source/mimac/mimac_at86rf.o
                0x0000b15c                validate_mic
 .text.DataDecrypt
                0x0000b184      0x120 src/ASF/thirdparty/wireless/miwi/source/mimac/mimac_at86rf.o
                0x0000b184                DataDecrypt
 .text.MiMAC_Set
                0x0000b2a4       0x28 src/ASF/thirdparty/wireless/miwi/source/mimac/mimac_at86rf.o
                0x0000b2a4                MiMAC_Set
 .text.MiMAC_Init
                0x0000b2cc       0x6c src/ASF/thirdparty/wireless/miwi/source/mimac/mimac_at86rf.o
                0x0000b2cc                MiMAC_Init
 .text.MiMAC_SendPacket
                0x0000b338      0x2a0 src/ASF/thirdparty/wireless/miwi/source/mimac/mimac_at86rf.o
                0x0000b338                MiMAC_SendPacket
 .text.MiMAC_DiscardPacket
                0x0000b5d8       0x1c src/ASF/thirdparty/wireless/miwi/source/mimac/mimac_at86rf.o
                0x0000b5d8                MiMAC_DiscardPacket
 .text.MiMAC_ReceivedPacket
                0x0000b5f4      0x2fc src/ASF/thirdparty/wireless/miwi/source/mimac/mimac_at86rf.o
                0x0000b5f4                MiMAC_ReceivedPacket
 .text.MiMAC_SymbolToTicks
                0x0000b8f0       0x18 src/ASF/thirdparty/wireless/miwi/source/mimac/mimac_at86rf.o
                0x0000b8f0                MiMAC_SymbolToTicks
 .text.MiMAC_Task
                0x0000b908       0x44 src/ASF/thirdparty/wireless/miwi/source/mimac/mimac_at86rf.o
                0x0000b908                MiMAC_Task
 .text.phyRssiBaseVal
                0x0000b94c       0x24 src/ASF/thirdparty/wireless/miwi/source/mimac/phy/at86rf212b/phy.o
 .text.phySetChannel
                0x0000b970       0x54 src/ASF/thirdparty/wireless/miwi/source/mimac/phy/at86rf212b/phy.o
 .text.phyTrxSetState
                0x0000b9c4       0x50 src/ASF/thirdparty/wireless/miwi/source/mimac/phy/at86rf212b/phy.o
 .text.phySetRxState
                0x0000ba14       0x34 src/ASF/thirdparty/wireless/miwi/source/mimac/phy/at86rf212b/phy.o
 .text.PHY_DataReq
                0x0000ba48       0x3c src/ASF/thirdparty/wireless/miwi/source/mimac/phy/at86rf212b/phy.o
                0x0000ba48                PHY_DataReq
 .text.PHY_TxHandler
                0x0000ba84       0x98 src/ASF/thirdparty/wireless/miwi/source/mimac/phy/at86rf212b/phy.o
                0x0000ba84                PHY_TxHandler
 .text.PHY_Init
                0x0000bb1c       0xb4 src/ASF/thirdparty/wireless/miwi/source/mimac/phy/at86rf212b/phy.o
                0x0000bb1c                PHY_Init
 .text.PHY_SetRxState
                0x0000bbd0       0x14 src/ASF/thirdparty/wireless/miwi/source/mimac/phy/at86rf212b/phy.o
                0x0000bbd0                PHY_SetRxState
 .text.PHY_SetPanId
                0x0000bbe4       0x1c src/ASF/thirdparty/wireless/miwi/source/mimac/phy/at86rf212b/phy.o
                0x0000bbe4                PHY_SetPanId
 .text.PHY_SetShortAddr
                0x0000bc00       0x28 src/ASF/thirdparty/wireless/miwi/source/mimac/phy/at86rf212b/phy.o
                0x0000bc00                PHY_SetShortAddr
 .text.PHY_Wakeup
                0x0000bc28       0x28 src/ASF/thirdparty/wireless/miwi/source/mimac/phy/at86rf212b/phy.o
                0x0000bc28                PHY_Wakeup
 .text.PHY_SetChannel
                0x0000bc50       0x28 src/ASF/thirdparty/wireless/miwi/source/mimac/phy/at86rf212b/phy.o
                0x0000bc50                PHY_SetChannel
 .text.PHY_RandomReq
                0x0000bc78       0x64 src/ASF/thirdparty/wireless/miwi/source/mimac/phy/at86rf212b/phy.o
                0x0000bc78                PHY_RandomReq
 .text.PHY_EncryptReq
                0x0000bcdc       0x2c src/ASF/thirdparty/wireless/miwi/source/mimac/phy/at86rf212b/phy.o
                0x0000bcdc                PHY_EncryptReq
 .text.PHY_SetIEEEAddr
                0x0000bd08       0x20 src/ASF/thirdparty/wireless/miwi/source/mimac/phy/at86rf212b/phy.o
                0x0000bd08                PHY_SetIEEEAddr
 .text.PHY_TaskHandler
                0x0000bd28       0xf8 src/ASF/thirdparty/wireless/miwi/source/mimac/phy/at86rf212b/phy.o
                0x0000bd28                PHY_TaskHandler
 .text.Find_Index
                0x0000be20       0x4c src/ASF/thirdparty/wireless/miwi/source/miwi_p2p_star/miwi_p2p_star.o
 .text.CommandConfCallback
                0x0000be6c       0x10 src/ASF/thirdparty/wireless/miwi/source/miwi_p2p_star/miwi_p2p_star.o
 .text.frameTxCallback
                0x0000be7c       0x30 src/ASF/thirdparty/wireless/miwi/source/miwi_p2p_star/miwi_p2p_star.o
 .text.dataTimerHandler
                0x0000beac       0x74 src/ASF/thirdparty/wireless/miwi/source/miwi_p2p_star/miwi_p2p_star.o
 .text.linkStatusConfCallback
                0x0000bf20       0x54 src/ASF/thirdparty/wireless/miwi/source/miwi_p2p_star/miwi_p2p_star.o
 .text.MiApp_Set.part.1
                0x0000bf74       0x20 src/ASF/thirdparty/wireless/miwi/source/miwi_p2p_star/miwi_p2p_star.o
 .text.MiApp_ProtocolInit
                0x0000bf94      0x138 src/ASF/thirdparty/wireless/miwi/source/miwi_p2p_star/miwi_p2p_star.o
                0x0000bf94                MiApp_ProtocolInit
 .text.MiApp_Set
                0x0000c0cc       0x18 src/ASF/thirdparty/wireless/miwi/source/miwi_p2p_star/miwi_p2p_star.o
                0x0000c0cc                MiApp_Set
 .text.MiApp_ConnectionMode
                0x0000c0e4       0x20 src/ASF/thirdparty/wireless/miwi/source/miwi_p2p_star/miwi_p2p_star.o
                0x0000c0e4                MiApp_ConnectionMode
 .text.MiApp_SubscribeDataIndicationCallback
                0x0000c104       0x10 src/ASF/thirdparty/wireless/miwi/source/miwi_p2p_star/miwi_p2p_star.o
                0x0000c104                MiApp_SubscribeDataIndicationCallback
 .text.Total_Connections
                0x0000c114       0x28 src/ASF/thirdparty/wireless/miwi/source/miwi_p2p_star/miwi_p2p_star.o
                0x0000c114                Total_Connections
 .text.isSameAddress
                0x0000c13c       0x1a src/ASF/thirdparty/wireless/miwi/source/miwi_p2p_star/miwi_p2p_star.o
                0x0000c13c                isSameAddress
 *fill*         0x0000c156        0x2 
 .text.AddConnection
                0x0000c158       0xd0 src/ASF/thirdparty/wireless/miwi/source/miwi_p2p_star/miwi_p2p_star.o
                0x0000c158                AddConnection
 .text.frameTransmit
                0x0000c228       0xe4 src/ASF/thirdparty/wireless/miwi/source/miwi_p2p_star/miwi_p2p_star.o
                0x0000c228                frameTransmit
 .text.sendConnectionRequest
                0x0000c30c       0xac src/ASF/thirdparty/wireless/miwi/source/miwi_p2p_star/miwi_p2p_star.o
 .text.connReqConfCallback
                0x0000c3b8       0x34 src/ASF/thirdparty/wireless/miwi/source/miwi_p2p_star/miwi_p2p_star.o
 .text.MiApp_EstablishConnection
                0x0000c3ec       0x64 src/ASF/thirdparty/wireless/miwi/source/miwi_p2p_star/miwi_p2p_star.o
                0x0000c3ec                MiApp_EstablishConnection
 .text.MiApp_BroadcastConnectionTable
                0x0000c450      0x144 src/ASF/thirdparty/wireless/miwi/source/miwi_p2p_star/miwi_p2p_star.o
 .text.connectionRespConfCallback
                0x0000c594       0x18 src/ASF/thirdparty/wireless/miwi/source/miwi_p2p_star/miwi_p2p_star.o
 .text.removeConnection
                0x0000c5ac       0x54 src/ASF/thirdparty/wireless/miwi/source/miwi_p2p_star/miwi_p2p_star.o
 .text.MiApp_RemoveConnection
                0x0000c600       0x58 src/ASF/thirdparty/wireless/miwi/source/miwi_p2p_star/miwi_p2p_star.o
                0x0000c600                MiApp_RemoveConnection
 .text.protocolTimerHandler
                0x0000c658      0x11c src/ASF/thirdparty/wireless/miwi/source/miwi_p2p_star/miwi_p2p_star.o
 .text.MiApp_SendData
                0x0000c774      0x210 src/ASF/thirdparty/wireless/miwi/source/miwi_p2p_star/miwi_p2p_star.o
                0x0000c774                MiApp_SendData
 .text.P2PTasks
                0x0000c984      0x5f8 src/ASF/thirdparty/wireless/miwi/source/miwi_p2p_star/miwi_p2p_star.o
                0x0000c984                P2PTasks
 .text.macAckOnlyDataCallback
                0x0000cf7c       0xa0 src/ASF/thirdparty/wireless/miwi/source/miwi_p2p_star/miwi_p2p_star.o
                0x0000cf7c                macAckOnlyDataCallback
 .text.appAckWaitDataCallback
                0x0000d01c      0x108 src/ASF/thirdparty/wireless/miwi/source/miwi_p2p_star/miwi_p2p_star.o
                0x0000d01c                appAckWaitDataCallback
 .text.MiApp_SubscribeLinkFailureCallback
                0x0000d124       0x10 src/ASF/thirdparty/wireless/miwi/source/miwi_p2p_star/miwi_p2p_star.o
                0x0000d124                MiApp_SubscribeLinkFailureCallback
 .text.MiMem_Init
                0x0000d134       0x3c src/ASF/thirdparty/wireless/miwi/source/sys/mimem.o
                0x0000d134                MiMem_Init
 .text.MiMem_Alloc
                0x0000d170       0xa0 src/ASF/thirdparty/wireless/miwi/source/sys/mimem.o
                0x0000d170                MiMem_Alloc
 .text.MiMem_Free
                0x0000d210       0x6c src/ASF/thirdparty/wireless/miwi/source/sys/mimem.o
                0x0000d210                MiMem_Free
 .text.MiMem_PercentageOfFreeBuffers
                0x0000d27c       0x20 src/ASF/thirdparty/wireless/miwi/source/sys/mimem.o
                0x0000d27c                MiMem_PercentageOfFreeBuffers
 .text.miQueueReadOrRemove
                0x0000d29c       0x8c src/ASF/thirdparty/wireless/miwi/source/sys/miqueue.o
 .text.miQueueInit
                0x0000d328        0xa src/ASF/thirdparty/wireless/miwi/source/sys/miqueue.o
                0x0000d328                miQueueInit
 *fill*         0x0000d332        0x2 
 .text.miQueueAppend
                0x0000d334       0x38 src/ASF/thirdparty/wireless/miwi/source/sys/miqueue.o
                0x0000d334                miQueueAppend
 .text.miQueueRemove
                0x0000d36c       0x10 src/ASF/thirdparty/wireless/miwi/source/sys/miqueue.o
                0x0000d36c                miQueueRemove
 .text.SYS_HwExpiry_Cb
                0x0000d37c       0x20 src/ASF/thirdparty/wireless/miwi/source/sys/sysTimer.o
 .text.placeTimer
                0x0000d39c       0x48 src/ASF/thirdparty/wireless/miwi/source/sys/sysTimer.o
 .text.SYS_HwOverflow_Cb
                0x0000d3e4       0x24 src/ASF/thirdparty/wireless/miwi/source/sys/sysTimer.o
 .text.SYS_TimerInit
                0x0000d408       0x58 src/ASF/thirdparty/wireless/miwi/source/sys/sysTimer.o
                0x0000d408                SYS_TimerInit
 .text.SYS_TimerStop
                0x0000d460       0x38 src/ASF/thirdparty/wireless/miwi/source/sys/sysTimer.o
                0x0000d460                SYS_TimerStop
 .text.SYS_TimerStarted
                0x0000d498       0x18 src/ASF/thirdparty/wireless/miwi/source/sys/sysTimer.o
                0x0000d498                SYS_TimerStarted
 .text.SYS_TimerStart
                0x0000d4b0       0x1c src/ASF/thirdparty/wireless/miwi/source/sys/sysTimer.o
                0x0000d4b0                SYS_TimerStart
 .text.SYS_TimerTaskHandler
                0x0000d4cc       0x7c src/ASF/thirdparty/wireless/miwi/source/sys/sysTimer.o
                0x0000d4cc                SYS_TimerTaskHandler
 .text.MiWi_TickGet
                0x0000d548       0x48 src/ASF/thirdparty/wireless/miwi/source/sys/sysTimer.o
                0x0000d548                MiWi_TickGet
 .text.MiWi_TickGetDiff
                0x0000d590        0xc src/ASF/thirdparty/wireless/miwi/source/sys/sysTimer.o
                0x0000d590                MiWi_TickGetDiff
 .text.tc_cca_callback
                0x0000d59c        0xc src/ASF/thirdparty/wireless/services/common_hw_timer/sam0/hw_timer.o
 .text.tc_ovf_callback
                0x0000d5a8        0xc src/ASF/thirdparty/wireless/services/common_hw_timer/sam0/hw_timer.o
 .text.tmr_read_count
                0x0000d5b4       0x14 src/ASF/thirdparty/wireless/services/common_hw_timer/sam0/hw_timer.o
                0x0000d5b4                tmr_read_count
 .text.tmr_disable_cc_interrupt
                0x0000d5c8       0x14 src/ASF/thirdparty/wireless/services/common_hw_timer/sam0/hw_timer.o
                0x0000d5c8                tmr_disable_cc_interrupt
 .text.tmr_enable_cc_interrupt
                0x0000d5dc       0x3c src/ASF/thirdparty/wireless/services/common_hw_timer/sam0/hw_timer.o
                0x0000d5dc                tmr_enable_cc_interrupt
 .text.tmr_write_cmpreg
                0x0000d618       0x18 src/ASF/thirdparty/wireless/services/common_hw_timer/sam0/hw_timer.o
                0x0000d618                tmr_write_cmpreg
 .text.tmr_init
                0x0000d630      0x110 src/ASF/thirdparty/wireless/services/common_hw_timer/sam0/hw_timer.o
                0x0000d630                tmr_init
 .text.nvm_init
                0x0000d740       0x34 src/ASF/thirdparty/wireless/services/nvm/sam0/sam_nvm.o
                0x0000d740                nvm_init
 .text.sal_aes_wrrd
                0x0000d774       0x68 src/ASF/thirdparty/wireless/services/sal/at86rf2xx/src/sal.o
                0x0000d774                sal_aes_wrrd
 .text.sal_aes_setup
                0x0000d7dc      0x11c src/ASF/thirdparty/wireless/services/sal/at86rf2xx/src/sal.o
                0x0000d7dc                sal_aes_setup
 .text.sal_aes_read
                0x0000d8f8       0x14 src/ASF/thirdparty/wireless/services/sal/at86rf2xx/src/sal.o
                0x0000d8f8                sal_aes_read
 .text.cpu_irq_save
                0x0000d90c       0x24 src/ASF/thirdparty/wireless/services/trx_access/trx_access.o
 .text.AT86RFX_ISR
                0x0000d930       0x1c src/ASF/thirdparty/wireless/services/trx_access/trx_access.o
                0x0000d930                AT86RFX_ISR
 .text.cpu_irq_restore
                0x0000d94c       0x18 src/ASF/thirdparty/wireless/services/trx_access/trx_access.o
 .text.spi_is_ready_to_read.constprop.3
                0x0000d964       0x10 src/ASF/thirdparty/wireless/services/trx_access/trx_access.o
 .text.spi_read.constprop.1
                0x0000d974       0x40 src/ASF/thirdparty/wireless/services/trx_access/trx_access.o
 .text.spi_is_ready_to_write.constprop.4
                0x0000d9b4       0x10 src/ASF/thirdparty/wireless/services/trx_access/trx_access.o
 .text.spi_write.constprop.2
                0x0000d9c4       0x28 src/ASF/thirdparty/wireless/services/trx_access/trx_access.o
 .text.spi_is_write_complete.constprop.5
                0x0000d9ec       0x10 src/ASF/thirdparty/wireless/services/trx_access/trx_access.o
 .text.trx_spi_init
                0x0000d9fc      0x118 src/ASF/thirdparty/wireless/services/trx_access/trx_access.o
                0x0000d9fc                trx_spi_init
 .text.PhyReset
                0x0000db14       0x30 src/ASF/thirdparty/wireless/services/trx_access/trx_access.o
                0x0000db14                PhyReset
 .text.trx_reg_read
                0x0000db44       0xb0 src/ASF/thirdparty/wireless/services/trx_access/trx_access.o
                0x0000db44                trx_reg_read
 .text.trx_reg_write
                0x0000dbf4       0xa8 src/ASF/thirdparty/wireless/services/trx_access/trx_access.o
                0x0000dbf4                trx_reg_write
 .text.trx_frame_read
                0x0000dc9c       0xc0 src/ASF/thirdparty/wireless/services/trx_access/trx_access.o
                0x0000dc9c                trx_frame_read
 .text.trx_frame_write
                0x0000dd5c       0xac src/ASF/thirdparty/wireless/services/trx_access/trx_access.o
                0x0000dd5c                trx_frame_write
 .text.trx_sram_write
                0x0000de08       0xd0 src/ASF/thirdparty/wireless/services/trx_access/trx_access.o
                0x0000de08                trx_sram_write
 .text.trx_sram_read
                0x0000ded8       0xec src/ASF/thirdparty/wireless/services/trx_access/trx_access.o
                0x0000ded8                trx_sram_read
 .text.trx_aes_wrrd
                0x0000dfc4      0x130 src/ASF/thirdparty/wireless/services/trx_access/trx_access.o
                0x0000dfc4                trx_aes_wrrd
 .text.spi_read
                0x0000e0f4       0x30 src/AT25DF/at25dfx.o
 .text.spi_lock
                0x0000e124       0x28 src/AT25DF/at25dfx.o
 .text._at25dfx_chip_select.isra.0
                0x0000e14c       0x18 src/AT25DF/at25dfx.o
 .text._at25dfx_chip_deselect.isra.1
                0x0000e164       0x18 src/AT25DF/at25dfx.o
 .text._at25dfx_chip_issue_read_command_wait.isra.2
                0x0000e17c       0x54 src/AT25DF/at25dfx.o
 .text._at25dfx_chip_issue_write_command_wait.isra.3
                0x0000e1d0       0x4c src/AT25DF/at25dfx.o
 .text._at25dfx_chip_enable_write
                0x0000e21c       0x18 src/AT25DF/at25dfx.o
 .text._at25dfx_chip_get_nonbusy_status.isra.4
                0x0000e234       0x84 src/AT25DF/at25dfx.o
 .text.at25dfx_chip_check_presence
                0x0000e2b8       0x50 src/AT25DF/at25dfx.o
                0x0000e2b8                at25dfx_chip_check_presence
 .text.at25dfx_chip_read_buffer
                0x0000e308       0x50 src/AT25DF/at25dfx.o
                0x0000e308                at25dfx_chip_read_buffer
 .text.at25dfx_chip_write_buffer
                0x0000e358       0xd0 src/AT25DF/at25dfx.o
                0x0000e358                at25dfx_chip_write_buffer
 .text.at25dfx_chip_erase_block
                0x0000e428       0x68 src/AT25DF/at25dfx.o
                0x0000e428                at25dfx_chip_erase_block
 .text.at25dfx_chip_set_global_sector_protect
                0x0000e490       0x50 src/AT25DF/at25dfx.o
                0x0000e490                at25dfx_chip_set_global_sector_protect
 .text.at25dfx_chip_wake
                0x0000e4e0       0x30 src/AT25DF/at25dfx.o
                0x0000e4e0                at25dfx_chip_wake
 .text.mcp2515_modifyRegister
                0x0000e510       0x2c src/CAN/mcp2515_can.o
 .text.mcp2515_setRegisterS
                0x0000e53c       0x34 src/CAN/mcp2515_can.o
 .text.mcp2515_write_mf
                0x0000e570       0x40 src/CAN/mcp2515_can.o
 .text.mcp2515_setRegister
                0x0000e5b0       0x2c src/CAN/mcp2515_can.o
 .text.mcp2515_readRegister
                0x0000e5dc       0x34 src/CAN/mcp2515_can.o
 .text.sendMsg  0x0000e610      0x108 src/CAN/mcp2515_can.o
 .text.mcp2515_readStatus
                0x0000e718       0x34 src/CAN/mcp2515_can.o
 .text.mcp2515_read_canMsg
                0x0000e74c       0xc8 src/CAN/mcp2515_can.o
 .text.readMsg  0x0000e814       0x4c src/CAN/mcp2515_can.o
 .text.mcp2515_reset
                0x0000e860       0x30 src/CAN/mcp2515_can.o
                0x0000e860                mcp2515_reset
 .text.mcp2515_getMode
                0x0000e890       0x14 src/CAN/mcp2515_can.o
                0x0000e890                mcp2515_getMode
 .text.mcp2515_setCANCTRL_Mode
                0x0000e8a4       0x34 src/CAN/mcp2515_can.o
 .text.mcp2515_setMode
                0x0000e8d8       0x14 src/CAN/mcp2515_can.o
                0x0000e8d8                mcp2515_setMode
 .text.clearMsg
                0x0000e8ec       0x24 src/CAN/mcp2515_can.o
                0x0000e8ec                clearMsg
 .text.mcp2515_begin
                0x0000e910      0x240 src/CAN/mcp2515_can.o
                0x0000e910                mcp2515_begin
 .text.mcp2515_sendMsgBuf
                0x0000eb50       0x40 src/CAN/mcp2515_can.o
                0x0000eb50                mcp2515_sendMsgBuf
 .text.mcp2515_readMsgBuffer
                0x0000eb90       0x6c src/CAN/mcp2515_can.o
                0x0000eb90                mcp2515_readMsgBuffer
 .text.DemoOutput_Greeting
                0x0000ebfc       0x48 src/demo_output.o
                0x0000ebfc                DemoOutput_Greeting
 .text.demo_output_freezer_options
                0x0000ec44        0x2 src/demo_output.o
                0x0000ec44                demo_output_freezer_options
 *fill*         0x0000ec46        0x2 
 .text.ButtonPressed
                0x0000ec48       0x58 src/demo_output.o
                0x0000ec48                ButtonPressed
 .text.ext_flash_init
                0x0000eca0       0x34 src/ext_flash.o
                0x0000eca0                ext_flash_init
 .text.ext_flash_erase_block
                0x0000ecd4       0x1c src/ext_flash.o
                0x0000ecd4                ext_flash_erase_block
 .text.ext_flash_write
                0x0000ecf0       0x20 src/ext_flash.o
                0x0000ecf0                ext_flash_write
 .text.ext_flash_read
                0x0000ed10       0x20 src/ext_flash.o
                0x0000ed10                ext_flash_read
 .text.mcp23x_begin
                0x0000ed30        0x6 src/gpio_expander/MCP23008.o
                0x0000ed30                mcp23x_begin
 *fill*         0x0000ed36        0x2 
 .text.mcp23x_pinMode
                0x0000ed38       0x38 src/gpio_expander/MCP23008.o
                0x0000ed38                mcp23x_pinMode
 .text.mcp23x_readGPIO
                0x0000ed70       0x10 src/gpio_expander/MCP23008.o
                0x0000ed70                mcp23x_readGPIO
 .text.mcp23x_writeGPIO
                0x0000ed80       0x10 src/gpio_expander/MCP23008.o
                0x0000ed80                mcp23x_writeGPIO
 .text.mcp23x_digitalWrite
                0x0000ed90       0x3c src/gpio_expander/MCP23008.o
                0x0000ed90                mcp23x_digitalWrite
 .text.mcp23x_pullUp
                0x0000edcc       0x40 src/gpio_expander/MCP23008.o
                0x0000edcc                mcp23x_pullUp
 .text.mcp23x_digitalRead
                0x0000ee0c       0x20 src/gpio_expander/MCP23008.o
                0x0000ee0c                mcp23x_digitalRead
 .text.hal_i2c_begin
                0x0000ee2c       0x98 src/HAL/hal_i2c.o
                0x0000ee2c                hal_i2c_begin
 .text.hal_i2c_read8
                0x0000eec4       0x74 src/HAL/hal_i2c.o
                0x0000eec4                hal_i2c_read8
 .text.hal_i2c_write8
                0x0000ef38       0x48 src/HAL/hal_i2c.o
                0x0000ef38                hal_i2c_write8
 .text.spi_attach_slave.constprop.1
                0x0000ef80       0x48 src/HAL/hal_spi.o
 .text.hal_spi_init
                0x0000efc8       0xc8 src/HAL/hal_spi.o
                0x0000efc8                hal_spi_init
 .text.hal_spi_tx_buffer
                0x0000f090       0x18 src/HAL/hal_spi.o
                0x0000f090                hal_spi_tx_buffer
 .text.hal_spi_rx_byte
                0x0000f0a8       0x24 src/HAL/hal_spi.o
                0x0000f0a8                hal_spi_rx_byte
 .text.hal_spi_rx_buffer
                0x0000f0cc       0x20 src/HAL/hal_spi.o
                0x0000f0cc                hal_spi_rx_buffer
 .text.hal_spi_tx_byte
                0x0000f0ec       0x1c src/HAL/hal_spi.o
                0x0000f0ec                hal_spi_tx_byte
 .text.GPIO_SetPin
                0x0000f108       0x24 src/HAL/hal_spi.o
                0x0000f108                GPIO_SetPin
 .text.GPIO_ResetPin
                0x0000f12c       0x24 src/HAL/hal_spi.o
                0x0000f12c                GPIO_ResetPin
 .text.hal_spi_end_write_oled
                0x0000f150       0x1c src/HAL/hal_spi.o
                0x0000f150                hal_spi_end_write_oled
 .text.hal_spi_start_write_oled
                0x0000f16c       0x1c src/HAL/hal_spi.o
                0x0000f16c                hal_spi_start_write_oled
 .text.hal_spi_end_write_can
                0x0000f188       0x1c src/HAL/hal_spi.o
                0x0000f188                hal_spi_end_write_can
 .text.hal_spi_start_write_can
                0x0000f1a4       0x1c src/HAL/hal_spi.o
                0x0000f1a4                hal_spi_start_write_can
 .text.int_flash_init
                0x0000f1c0       0x4c src/int_flash.o
                0x0000f1c0                int_flash_init
 .text.int_flash_erase_page
                0x0000f20c       0x18 src/int_flash.o
                0x0000f20c                int_flash_erase_page
 .text.int_flash_read
                0x0000f224       0x14 src/int_flash.o
                0x0000f224                int_flash_read
 .text.int_flash_boot_data_write
                0x0000f238       0x1c src/int_flash.o
                0x0000f238                int_flash_boot_data_write
 .text.int_flash_boot_data_read
                0x0000f254       0x18 src/int_flash.o
                0x0000f254                int_flash_boot_data_read
 .text.int_flash_init_boot_data
                0x0000f26c       0x80 src/int_flash.o
                0x0000f26c                int_flash_init_boot_data
 .text.int_flash_get_default_boot_data
                0x0000f2ec       0x42 src/int_flash.o
                0x0000f2ec                int_flash_get_default_boot_data
 .text.adc_get_status.isra.2
                0x0000f32e       0x1a src/main.o
 .text.adc_enable.constprop.9
                0x0000f348       0x28 src/main.o
 .text.test_subghz_network
                0x0000f370       0x40 src/main.o
                0x0000f370                test_subghz_network
 .text.external_flash_test
                0x0000f3b0       0x70 src/main.o
                0x0000f3b0                external_flash_test
 .text.crc32_for_byte
                0x0000f420       0x24 src/main.o
                0x0000f420                crc32_for_byte
 .text.crc32    0x0000f444       0x50 src/main.o
                0x0000f444                crc32
 .text.check_received_firmware_integrity
                0x0000f494       0xa8 src/main.o
                0x0000f494                check_received_firmware_integrity
 .text.configure_adc_channel6
                0x0000f53c       0x50 src/main.o
                0x0000f53c                configure_adc_channel6
 .text.configure_adc_channel7
                0x0000f58c       0x4c src/main.o
                0x0000f58c                configure_adc_channel7
 .text.read_selected_analog_pin
                0x0000f5d8       0x48 src/main.o
                0x0000f5d8                read_selected_analog_pin
 .text.Check_Battery_Voltage
                0x0000f620      0x190 src/main.o
                0x0000f620                Check_Battery_Voltage
 .text.Check_CAN_Voltage
                0x0000f7b0       0xa4 src/main.o
                0x0000f7b0                Check_CAN_Voltage
 .text.cycle_mux
                0x0000f854      0x934 src/main.o
                0x0000f854                cycle_mux
 .text.sendCAN  0x00010188       0x2c src/main.o
                0x00010188                sendCAN
 .text.readCAN  0x000101b4       0x50 src/main.o
                0x000101b4                readCAN
 .text.turnOnDeviceLED
                0x00010204       0x94 src/main.o
                0x00010204                turnOnDeviceLED
 .text.turnOffDeviceLED
                0x00010298       0x94 src/main.o
                0x00010298                turnOffDeviceLED
 .text.readMAC  0x0001032c       0xac src/main.o
                0x0001032c                readMAC
 .text.readAntenna
                0x000103d8       0xd8 src/main.o
                0x000103d8                readAntenna
 .text.getSensorInfo
                0x000104b0       0x5c src/main.o
                0x000104b0                getSensorInfo
 .text.checkResponse
                0x0001050c       0xb4 src/main.o
                0x0001050c                checkResponse
 .text.lssFastscan
                0x000105c0      0x15c src/main.o
                0x000105c0                lssFastscan
 .text.displayMainMenu
                0x0001071c       0x9c src/main.o
                0x0001071c                displayMainMenu
 .text.displayCableTest
                0x000107b8      0x124 src/main.o
                0x000107b8                displayCableTest
 .text.displayMiWiTest
                0x000108dc       0x80 src/main.o
                0x000108dc                displayMiWiTest
 .text.displayCANTest
                0x0001095c       0x8c src/main.o
                0x0001095c                displayCANTest
 .text.upPressed
                0x000109e8       0xd4 src/main.o
                0x000109e8                upPressed
 .text.downPressed
                0x00010abc       0xc4 src/main.o
                0x00010abc                downPressed
 .text.okPressed
                0x00010b80      0x154 src/main.o
                0x00010b80                okPressed
 .text.resetSettings
                0x00010cd4       0x8c src/main.o
                0x00010cd4                resetSettings
 .text.returnPressed
                0x00010d60       0x94 src/main.o
                0x00010d60                returnPressed
 .text.run_p2p_demo
                0x00010df4      0x4c4 src/main.o
                0x00010df4                run_p2p_demo
 .text.startup.main
                0x000112b8      0x74c src/main.o
                0x000112b8                main
 .text.SSD1351_write_command
                0x00011a04       0x28 src/oled/ssd1351.o
 .text.setAddrWindow
                0x00011a2c       0x58 src/oled/ssd1351.o
                0x00011a2c                setAddrWindow
 .text.writePixel
                0x00011a84       0x4c src/oled/ssd1351.o
 .text.invertDisplay
                0x00011ad0       0x28 src/oled/ssd1351.o
                0x00011ad0                invertDisplay
 .text.SSD1351_invert
                0x00011af8        0xc src/oled/ssd1351.o
                0x00011af8                SSD1351_invert
 .text.writeColor
                0x00011b04       0x48 src/oled/ssd1351.o
                0x00011b04                writeColor
 .text.writeFillRectPreclipped
                0x00011b4c       0x2c src/oled/ssd1351.o
                0x00011b4c                writeFillRectPreclipped
 .text.writeFillRect.part.2
                0x00011b78       0xb4 src/oled/ssd1351.o
 .text.writeFillRect
                0x00011c2c       0x1c src/oled/ssd1351.o
 .text.SSD1351_fill_rect
                0x00011c48       0xbc src/oled/ssd1351.o
                0x00011c48                SSD1351_fill_rect
 .text.SSD1351_set_rotation
                0x00011d04       0x80 src/oled/ssd1351.o
                0x00011d04                SSD1351_set_rotation
 .text.SSD1351_init
                0x00011d84      0x130 src/oled/ssd1351.o
                0x00011d84                SSD1351_init
 .text.SSD1351_fill_screen
                0x00011eb4       0x28 src/oled/ssd1351.o
                0x00011eb4                SSD1351_fill_screen
 .text.SSD1351_draw_fast_vline
                0x00011edc       0x7c src/oled/ssd1351.o
                0x00011edc                SSD1351_draw_fast_vline
 .text.writeFastVLine
                0x00011f58       0x60 src/oled/ssd1351.o
                0x00011f58                writeFastVLine
 .text.drawChar
                0x00011fb8      0x2b4 src/oled/ssd1351.o
 .text.SSD1351_write_char
                0x0001226c      0x164 src/oled/ssd1351.o
 .text.SSD1351_draw_fast_hline
                0x000123d0       0x7c src/oled/ssd1351.o
                0x000123d0                SSD1351_draw_fast_hline
 .text.writeFastHLine
                0x0001244c       0x60 src/oled/ssd1351.o
                0x0001244c                writeFastHLine
 .text.SSD1351_write_string
                0x000124ac       0x1c src/oled/ssd1351.o
                0x000124ac                SSD1351_write_string
 .text.SSD1351_printf
                0x000124c8       0xb8 src/oled/ssd1351.o
                0x000124c8                SSD1351_printf
 .text.SSD1351_set_cursor
                0x00012580       0x14 src/oled/ssd1351.o
                0x00012580                SSD1351_set_cursor
 .text.SSD1351_set_text_color
                0x00012594       0x14 src/oled/ssd1351.o
                0x00012594                SSD1351_set_text_color
 .text.SSD1351_draw_rect
                0x000125a8       0x60 src/oled/ssd1351.o
                0x000125a8                SSD1351_draw_rect
 .text.SSD1351_draw_circle
                0x00012608      0x148 src/oled/ssd1351.o
                0x00012608                SSD1351_draw_circle
 .text.SSD1351_draw_bitmap
                0x00012750       0xac src/oled/ssd1351.o
                0x00012750                SSD1351_draw_bitmap
 .text.com_miwi_bytes_to_uint
                0x000127fc       0x8c src/p2p_demo.o
                0x000127fc                com_miwi_bytes_to_uint
 .text.com_miwi_uint_to_bytes
                0x00012888       0x7c src/p2p_demo.o
                0x00012888                com_miwi_uint_to_bytes
 .text.subghz_rx_queue_push
                0x00012904       0x34 src/p2p_demo.o
                0x00012904                subghz_rx_queue_push
 .text.subghz_rx_queue_pop
                0x00012938       0x48 src/p2p_demo.o
                0x00012938                subghz_rx_queue_pop
 .text.ReceivedDataIndication
                0x00012980       0x5c src/p2p_demo.o
                0x00012980                ReceivedDataIndication
 .text.start_join_callback
                0x000129dc       0xa4 src/p2p_demo.o
                0x000129dc                start_join_callback
 .text.EstablishConfirm
                0x00012a80       0x1c src/task.o
 .text.appLinkFailureCallback
                0x00012a9c       0x2c src/task.o
 .text.freezer_feature
                0x00012ac8       0x38 src/task.o
                0x00012ac8                freezer_feature
 .text.Initialize_Demo
                0x00012b00      0x118 src/task.o
                0x00012b00                Initialize_Demo
 .text.DumpConnection
                0x00012c18      0x18c src/task.o
                0x00012c18                DumpConnection
 .text.common_tc_read_count
                0x00012da4       0x4c ../src/ASF/thirdparty/wireless/services/common_hw_timer/sam0/lib\libsam0_lib_hw_timer.a(common_hw_timer.o)
                0x00012da4                common_tc_read_count
 .text.common_tc_delay
                0x00012df0       0x6c ../src/ASF/thirdparty/wireless/services/common_hw_timer/sam0/lib\libsam0_lib_hw_timer.a(common_hw_timer.o)
                0x00012df0                common_tc_delay
 .text.common_tc_init
                0x00012e5c       0x20 ../src/ASF/thirdparty/wireless/services/common_hw_timer/sam0/lib\libsam0_lib_hw_timer.a(common_hw_timer.o)
                0x00012e5c                common_tc_init
 .text.tmr_ovf_callback
                0x00012e7c       0x48 ../src/ASF/thirdparty/wireless/services/common_hw_timer/sam0/lib\libsam0_lib_hw_timer.a(common_hw_timer.o)
                0x00012e7c                tmr_ovf_callback
 .text.tmr_cca_callback
                0x00012ec4       0x1c ../src/ASF/thirdparty/wireless/services/common_hw_timer/sam0/lib\libsam0_lib_hw_timer.a(common_hw_timer.o)
                0x00012ec4                tmr_cca_callback
 .text.set_common_tc_overflow_callback
                0x00012ee0        0xc ../src/ASF/thirdparty/wireless/services/common_hw_timer/sam0/lib\libsam0_lib_hw_timer.a(common_hw_timer.o)
                0x00012ee0                set_common_tc_overflow_callback
 .text.set_common_tc_expiry_callback
                0x00012eec        0xc ../src/ASF/thirdparty/wireless/services/common_hw_timer/sam0/lib\libsam0_lib_hw_timer.a(common_hw_timer.o)
                0x00012eec                set_common_tc_expiry_callback
 .text          0x00012ef8       0x14 c:/program files (x86)/atmel/studio/7.0/toolchain/arm/arm-gnu-toolchain/bin/../lib/gcc/arm-none-eabi/6.3.1/thumb/v6-m\libgcc.a(_thumb1_case_sqi.o)
                0x00012ef8                __gnu_thumb1_case_sqi
 .text          0x00012f0c       0x14 c:/program files (x86)/atmel/studio/7.0/toolchain/arm/arm-gnu-toolchain/bin/../lib/gcc/arm-none-eabi/6.3.1/thumb/v6-m\libgcc.a(_thumb1_case_uqi.o)
                0x00012f0c                __gnu_thumb1_case_uqi
 .text          0x00012f20      0x114 c:/program files (x86)/atmel/studio/7.0/toolchain/arm/arm-gnu-toolchain/bin/../lib/gcc/arm-none-eabi/6.3.1/thumb/v6-m\libgcc.a(_udivsi3.o)
                0x00012f20                __aeabi_uidiv
                0x00012f20                __udivsi3
                0x0001302c                __aeabi_uidivmod
 .text          0x00013034      0x1d4 c:/program files (x86)/atmel/studio/7.0/toolchain/arm/arm-gnu-toolchain/bin/../lib/gcc/arm-none-eabi/6.3.1/thumb/v6-m\libgcc.a(_divsi3.o)
                0x00013034                __divsi3
                0x00013034                __aeabi_idiv
                0x00013200                __aeabi_idivmod
 .text          0x00013208        0x4 c:/program files (x86)/atmel/studio/7.0/toolchain/arm/arm-gnu-toolchain/bin/../lib/gcc/arm-none-eabi/6.3.1/thumb/v6-m\libgcc.a(_dvmd_tls.o)
                0x00013208                __aeabi_idiv0
                0x00013208                __aeabi_ldiv0
 .text          0x0001320c       0x18 c:/program files (x86)/atmel/studio/7.0/toolchain/arm/arm-gnu-toolchain/bin/../lib/gcc/arm-none-eabi/6.3.1/thumb/v6-m\libgcc.a(_ashldi3.o)
                0x0001320c                __aeabi_llsl
                0x0001320c                __ashldi3
 .text          0x00013224       0x74 c:/program files (x86)/atmel/studio/7.0/toolchain/arm/arm-gnu-toolchain/bin/../lib/gcc/arm-none-eabi/6.3.1/thumb/v6-m\libgcc.a(_arm_cmpsf2.o)
                0x00013224                __aeabi_cfrcmple
                0x0001322c                __aeabi_cfcmpeq
                0x0001322c                __aeabi_cfcmple
                0x0001323c                __aeabi_fcmpeq
                0x00013248                __aeabi_fcmplt
                0x0001325c                __aeabi_fcmple
                0x00013270                __aeabi_fcmpgt
                0x00013284                __aeabi_fcmpge
 .text          0x00013298       0x54 c:/program files (x86)/atmel/studio/7.0/toolchain/arm/arm-gnu-toolchain/bin/../lib/gcc/arm-none-eabi/6.3.1/thumb/v6-m\libgcc.a(_muldi3.o)
                0x00013298                __muldi3
                0x00013298                __aeabi_lmul
 .text          0x000132ec       0x30 c:/program files (x86)/atmel/studio/7.0/toolchain/arm/arm-gnu-toolchain/bin/../lib/gcc/arm-none-eabi/6.3.1/thumb/v6-m\libgcc.a(_fixunssfsi.o)
                0x000132ec                __fixunssfsi
                0x000132ec                __aeabi_f2uiz
 .text          0x0001331c      0x324 c:/program files (x86)/atmel/studio/7.0/toolchain/arm/arm-gnu-toolchain/bin/../lib/gcc/arm-none-eabi/6.3.1/thumb/v6-m\libgcc.a(addsf3.o)
                0x0001331c                __aeabi_fadd
 .text          0x00013640      0x290 c:/program files (x86)/atmel/studio/7.0/toolchain/arm/arm-gnu-toolchain/bin/../lib/gcc/arm-none-eabi/6.3.1/thumb/v6-m\libgcc.a(divsf3.o)
                0x00013640                __aeabi_fdiv
 .text          0x000138d0       0x4c c:/program files (x86)/atmel/studio/7.0/toolchain/arm/arm-gnu-toolchain/bin/../lib/gcc/arm-none-eabi/6.3.1/thumb/v6-m\libgcc.a(eqsf2.o)
                0x000138d0                __eqsf2
                0x000138d0                __nesf2
 .text          0x0001391c       0x80 c:/program files (x86)/atmel/studio/7.0/toolchain/arm/arm-gnu-toolchain/bin/../lib/gcc/arm-none-eabi/6.3.1/thumb/v6-m\libgcc.a(gesf2.o)
                0x0001391c                __gesf2
                0x0001391c                __gtsf2
 .text          0x0001399c       0x84 c:/program files (x86)/atmel/studio/7.0/toolchain/arm/arm-gnu-toolchain/bin/../lib/gcc/arm-none-eabi/6.3.1/thumb/v6-m\libgcc.a(lesf2.o)
                0x0001399c                __ltsf2
                0x0001399c                __lesf2
 .text          0x00013a20      0x240 c:/program files (x86)/atmel/studio/7.0/toolchain/arm/arm-gnu-toolchain/bin/../lib/gcc/arm-none-eabi/6.3.1/thumb/v6-m\libgcc.a(mulsf3.o)
                0x00013a20                __aeabi_fmul
 .text          0x00013c60      0x338 c:/program files (x86)/atmel/studio/7.0/toolchain/arm/arm-gnu-toolchain/bin/../lib/gcc/arm-none-eabi/6.3.1/thumb/v6-m\libgcc.a(subsf3.o)
                0x00013c60                __aeabi_fsub
 .text          0x00013f98       0x40 c:/program files (x86)/atmel/studio/7.0/toolchain/arm/arm-gnu-toolchain/bin/../lib/gcc/arm-none-eabi/6.3.1/thumb/v6-m\libgcc.a(fixsfsi.o)
                0x00013f98                __aeabi_f2iz
 .text          0x00013fd8       0xa0 c:/program files (x86)/atmel/studio/7.0/toolchain/arm/arm-gnu-toolchain/bin/../lib/gcc/arm-none-eabi/6.3.1/thumb/v6-m\libgcc.a(floatsisf.o)
                0x00013fd8                __aeabi_i2f
 .text          0x00014078       0x8c c:/program files (x86)/atmel/studio/7.0/toolchain/arm/arm-gnu-toolchain/bin/../lib/gcc/arm-none-eabi/6.3.1/thumb/v6-m\libgcc.a(floatunsisf.o)
                0x00014078                __aeabi_ui2f
 .text          0x00014104      0x620 c:/program files (x86)/atmel/studio/7.0/toolchain/arm/arm-gnu-toolchain/bin/../lib/gcc/arm-none-eabi/6.3.1/thumb/v6-m\libgcc.a(adddf3.o)
                0x00014104                __aeabi_dadd
 .text          0x00014724      0x668 c:/program files (x86)/atmel/studio/7.0/toolchain/arm/arm-gnu-toolchain/bin/../lib/gcc/arm-none-eabi/6.3.1/thumb/v6-m\libgcc.a(divdf3.o)
                0x00014724                __aeabi_ddiv
 .text          0x00014d8c      0x500 c:/program files (x86)/atmel/studio/7.0/toolchain/arm/arm-gnu-toolchain/bin/../lib/gcc/arm-none-eabi/6.3.1/thumb/v6-m\libgcc.a(muldf3.o)
                0x00014d8c                __aeabi_dmul
 .text          0x0001528c      0x62c c:/program files (x86)/atmel/studio/7.0/toolchain/arm/arm-gnu-toolchain/bin/../lib/gcc/arm-none-eabi/6.3.1/thumb/v6-m\libgcc.a(subdf3.o)
                0x0001528c                __aeabi_dsub
 .text          0x000158b8       0x68 c:/program files (x86)/atmel/studio/7.0/toolchain/arm/arm-gnu-toolchain/bin/../lib/gcc/arm-none-eabi/6.3.1/thumb/v6-m\libgcc.a(fixdfsi.o)
                0x000158b8                __aeabi_d2iz
 .text          0x00015920       0x84 c:/program files (x86)/atmel/studio/7.0/toolchain/arm/arm-gnu-toolchain/bin/../lib/gcc/arm-none-eabi/6.3.1/thumb/v6-m\libgcc.a(floatsidf.o)
                0x00015920                __aeabi_i2d
 .text          0x000159a4       0x70 c:/program files (x86)/atmel/studio/7.0/toolchain/arm/arm-gnu-toolchain/bin/../lib/gcc/arm-none-eabi/6.3.1/thumb/v6-m\libgcc.a(floatunsidf.o)
                0x000159a4                __aeabi_ui2d
 .text          0x00015a14       0xa4 c:/program files (x86)/atmel/studio/7.0/toolchain/arm/arm-gnu-toolchain/bin/../lib/gcc/arm-none-eabi/6.3.1/thumb/v6-m\libgcc.a(extendsfdf2.o)
                0x00015a14                __aeabi_f2d
 .text          0x00015ab8      0x114 c:/program files (x86)/atmel/studio/7.0/toolchain/arm/arm-gnu-toolchain/bin/../lib/gcc/arm-none-eabi/6.3.1/thumb/v6-m\libgcc.a(truncdfsf2.o)
                0x00015ab8                __aeabi_d2f
 .text          0x00015bcc       0x3c c:/program files (x86)/atmel/studio/7.0/toolchain/arm/arm-gnu-toolchain/bin/../lib/gcc/arm-none-eabi/6.3.1/thumb/v6-m\libgcc.a(_clzsi2.o)
                0x00015bcc                __clzsi2
 .text.__libc_init_array
                0x00015c08       0x48 c:/program files (x86)/atmel/studio/7.0/toolchain/arm/arm-gnu-toolchain/bin/../lib/gcc/arm-none-eabi/6.3.1/../../../../arm-none-eabi/lib/thumb/v6-m\libc_nano.a(lib_a-init.o)
                0x00015c08                __libc_init_array
 .text.memcmp   0x00015c50       0x1e c:/program files (x86)/atmel/studio/7.0/toolchain/arm/arm-gnu-toolchain/bin/../lib/gcc/arm-none-eabi/6.3.1/../../../../arm-none-eabi/lib/thumb/v6-m\libc_nano.a(lib_a-memcmp.o)
                0x00015c50                memcmp
 .text.memcpy   0x00015c6e       0x12 c:/program files (x86)/atmel/studio/7.0/toolchain/arm/arm-gnu-toolchain/bin/../lib/gcc/arm-none-eabi/6.3.1/../../../../arm-none-eabi/lib/thumb/v6-m\libc_nano.a(lib_a-memcpy-stub.o)
                0x00015c6e                memcpy
 .text.memset   0x00015c80       0x10 c:/program files (x86)/atmel/studio/7.0/toolchain/arm/arm-gnu-toolchain/bin/../lib/gcc/arm-none-eabi/6.3.1/../../../../arm-none-eabi/lib/thumb/v6-m\libc_nano.a(lib_a-memset.o)
                0x00015c80                memset
 .text.__sfputc_r
                0x00015c90       0x2a c:/program files (x86)/atmel/studio/7.0/toolchain/arm/arm-gnu-toolchain/bin/../lib/gcc/arm-none-eabi/6.3.1/../../../../arm-none-eabi/lib/thumb/v6-m\libc_nano.a(lib_a-nano-vfprintf.o)
 .text.__sfputs_r
                0x00015cba       0x24 c:/program files (x86)/atmel/studio/7.0/toolchain/arm/arm-gnu-toolchain/bin/../lib/gcc/arm-none-eabi/6.3.1/../../../../arm-none-eabi/lib/thumb/v6-m\libc_nano.a(lib_a-nano-vfprintf.o)
                0x00015cba                __sfputs_r
 *fill*         0x00015cde        0x2 
 .text._vfprintf_r
                0x00015ce0      0x238 c:/program files (x86)/atmel/studio/7.0/toolchain/arm/arm-gnu-toolchain/bin/../lib/gcc/arm-none-eabi/6.3.1/../../../../arm-none-eabi/lib/thumb/v6-m\libc_nano.a(lib_a-nano-vfprintf.o)
                0x00015ce0                _vfprintf_r
                0x00015ce0                _vfiprintf_r
 .text._printf_common
                0x00015f18       0xda c:/program files (x86)/atmel/studio/7.0/toolchain/arm/arm-gnu-toolchain/bin/../lib/gcc/arm-none-eabi/6.3.1/../../../../arm-none-eabi/lib/thumb/v6-m\libc_nano.a(lib_a-nano-vfprintf_i.o)
                0x00015f18                _printf_common
 *fill*         0x00015ff2        0x2 
 .text._printf_i
                0x00015ff4      0x234 c:/program files (x86)/atmel/studio/7.0/toolchain/arm/arm-gnu-toolchain/bin/../lib/gcc/arm-none-eabi/6.3.1/../../../../arm-none-eabi/lib/thumb/v6-m\libc_nano.a(lib_a-nano-vfprintf_i.o)
                0x00015ff4                _printf_i
 .text.printf   0x00016228       0x34 c:/program files (x86)/atmel/studio/7.0/toolchain/arm/arm-gnu-toolchain/bin/../lib/gcc/arm-none-eabi/6.3.1/../../../../arm-none-eabi/lib/thumb/v6-m\libc_nano.a(lib_a-printf.o)
                0x00016228                iprintf
                0x00016228                printf
 .text._puts_r  0x0001625c       0xc0 c:/program files (x86)/atmel/studio/7.0/toolchain/arm/arm-gnu-toolchain/bin/../lib/gcc/arm-none-eabi/6.3.1/../../../../arm-none-eabi/lib/thumb/v6-m\libc_nano.a(lib_a-puts.o)
                0x0001625c                _puts_r
 .text.puts     0x0001631c       0x14 c:/program files (x86)/atmel/studio/7.0/toolchain/arm/arm-gnu-toolchain/bin/../lib/gcc/arm-none-eabi/6.3.1/../../../../arm-none-eabi/lib/thumb/v6-m\libc_nano.a(lib_a-puts.o)
                0x0001631c                puts
 .text.srand    0x00016330       0x5c c:/program files (x86)/atmel/studio/7.0/toolchain/arm/arm-gnu-toolchain/bin/../lib/gcc/arm-none-eabi/6.3.1/../../../../arm-none-eabi/lib/thumb/v6-m\libc_nano.a(lib_a-rand.o)
                0x00016330                srand
 .text.rand     0x0001638c       0x78 c:/program files (x86)/atmel/studio/7.0/toolchain/arm/arm-gnu-toolchain/bin/../lib/gcc/arm-none-eabi/6.3.1/../../../../arm-none-eabi/lib/thumb/v6-m\libc_nano.a(lib_a-rand.o)
                0x0001638c                rand
 .text.setbuf   0x00016404       0x12 c:/program files (x86)/atmel/studio/7.0/toolchain/arm/arm-gnu-toolchain/bin/../lib/gcc/arm-none-eabi/6.3.1/../../../../arm-none-eabi/lib/thumb/v6-m\libc_nano.a(lib_a-setbuf.o)
                0x00016404                setbuf
 *fill*         0x00016416        0x2 
 .text.setvbuf  0x00016418      0x158 c:/program files (x86)/atmel/studio/7.0/toolchain/arm/arm-gnu-toolchain/bin/../lib/gcc/arm-none-eabi/6.3.1/../../../../arm-none-eabi/lib/thumb/v6-m\libc_nano.a(lib_a-setvbuf.o)
                0x00016418                setvbuf
 .text.sprintf  0x00016570       0x44 c:/program files (x86)/atmel/studio/7.0/toolchain/arm/arm-gnu-toolchain/bin/../lib/gcc/arm-none-eabi/6.3.1/../../../../arm-none-eabi/lib/thumb/v6-m\libc_nano.a(lib_a-sprintf.o)
                0x00016570                siprintf
                0x00016570                sprintf
 .text.strncmp  0x000165b4       0x22 c:/program files (x86)/atmel/studio/7.0/toolchain/arm/arm-gnu-toolchain/bin/../lib/gcc/arm-none-eabi/6.3.1/../../../../arm-none-eabi/lib/thumb/v6-m\libc_nano.a(lib_a-strncmp.o)
                0x000165b4                strncmp
 *fill*         0x000165d6        0x2 
 .text.__swbuf_r
                0x000165d8       0xac c:/program files (x86)/atmel/studio/7.0/toolchain/arm/arm-gnu-toolchain/bin/../lib/gcc/arm-none-eabi/6.3.1/../../../../arm-none-eabi/lib/thumb/v6-m\libc_nano.a(lib_a-wbuf.o)
                0x000165d8                __swbuf_r
 .text.__swsetup_r
                0x00016684       0xec c:/program files (x86)/atmel/studio/7.0/toolchain/arm/arm-gnu-toolchain/bin/../lib/gcc/arm-none-eabi/6.3.1/../../../../arm-none-eabi/lib/thumb/v6-m\libc_nano.a(lib_a-wsetup.o)
                0x00016684                __swsetup_r
 .text.__sflush_r
                0x00016770      0x114 c:/program files (x86)/atmel/studio/7.0/toolchain/arm/arm-gnu-toolchain/bin/../lib/gcc/arm-none-eabi/6.3.1/../../../../arm-none-eabi/lib/thumb/v6-m\libc_nano.a(lib_a-fflush.o)
                0x00016770                __sflush_r
 .text._fflush_r
                0x00016884       0x58 c:/program files (x86)/atmel/studio/7.0/toolchain/arm/arm-gnu-toolchain/bin/../lib/gcc/arm-none-eabi/6.3.1/../../../../arm-none-eabi/lib/thumb/v6-m\libc_nano.a(lib_a-fflush.o)
                0x00016884                _fflush_r
 .text._cleanup_r
                0x000168dc       0x10 c:/program files (x86)/atmel/studio/7.0/toolchain/arm/arm-gnu-toolchain/bin/../lib/gcc/arm-none-eabi/6.3.1/../../../../arm-none-eabi/lib/thumb/v6-m\libc_nano.a(lib_a-findfp.o)
                0x000168dc                _cleanup_r
 .text.std.isra.0
                0x000168ec       0x48 c:/program files (x86)/atmel/studio/7.0/toolchain/arm/arm-gnu-toolchain/bin/../lib/gcc/arm-none-eabi/6.3.1/../../../../arm-none-eabi/lib/thumb/v6-m\libc_nano.a(lib_a-findfp.o)
 .text.__sfmoreglue
                0x00016934       0x2c c:/program files (x86)/atmel/studio/7.0/toolchain/arm/arm-gnu-toolchain/bin/../lib/gcc/arm-none-eabi/6.3.1/../../../../arm-none-eabi/lib/thumb/v6-m\libc_nano.a(lib_a-findfp.o)
                0x00016934                __sfmoreglue
 .text.__sinit  0x00016960       0x68 c:/program files (x86)/atmel/studio/7.0/toolchain/arm/arm-gnu-toolchain/bin/../lib/gcc/arm-none-eabi/6.3.1/../../../../arm-none-eabi/lib/thumb/v6-m\libc_nano.a(lib_a-findfp.o)
                0x00016960                __sinit
 .text.__sfp    0x000169c8       0x80 c:/program files (x86)/atmel/studio/7.0/toolchain/arm/arm-gnu-toolchain/bin/../lib/gcc/arm-none-eabi/6.3.1/../../../../arm-none-eabi/lib/thumb/v6-m\libc_nano.a(lib_a-findfp.o)
                0x000169c8                __sfp
 .text._fwalk_reent
                0x00016a48       0x42 c:/program files (x86)/atmel/studio/7.0/toolchain/arm/arm-gnu-toolchain/bin/../lib/gcc/arm-none-eabi/6.3.1/../../../../arm-none-eabi/lib/thumb/v6-m\libc_nano.a(lib_a-fwalk.o)
                0x00016a48                _fwalk_reent
 *fill*         0x00016a8a        0x2 
 .text.__swhatbuf_r
                0x00016a8c       0x50 c:/program files (x86)/atmel/studio/7.0/toolchain/arm/arm-gnu-toolchain/bin/../lib/gcc/arm-none-eabi/6.3.1/../../../../arm-none-eabi/lib/thumb/v6-m\libc_nano.a(lib_a-makebuf.o)
                0x00016a8c                __swhatbuf_r
 .text.__smakebuf_r
                0x00016adc       0x88 c:/program files (x86)/atmel/studio/7.0/toolchain/arm/arm-gnu-toolchain/bin/../lib/gcc/arm-none-eabi/6.3.1/../../../../arm-none-eabi/lib/thumb/v6-m\libc_nano.a(lib_a-makebuf.o)
                0x00016adc                __smakebuf_r
 .text.malloc   0x00016b64       0x14 c:/program files (x86)/atmel/studio/7.0/toolchain/arm/arm-gnu-toolchain/bin/../lib/gcc/arm-none-eabi/6.3.1/../../../../arm-none-eabi/lib/thumb/v6-m\libc_nano.a(lib_a-malloc.o)
                0x00016b64                malloc
 .text.memchr   0x00016b78       0x16 c:/program files (x86)/atmel/studio/7.0/toolchain/arm/arm-gnu-toolchain/bin/../lib/gcc/arm-none-eabi/6.3.1/../../../../arm-none-eabi/lib/thumb/v6-m\libc_nano.a(lib_a-memchr-stub.o)
                0x00016b78                memchr
 .text.memmove  0x00016b8e       0x24 c:/program files (x86)/atmel/studio/7.0/toolchain/arm/arm-gnu-toolchain/bin/../lib/gcc/arm-none-eabi/6.3.1/../../../../arm-none-eabi/lib/thumb/v6-m\libc_nano.a(lib_a-memmove.o)
                0x00016b8e                memmove
 *fill*         0x00016bb2        0x2 
 .text._free_r  0x00016bb4       0x94 c:/program files (x86)/atmel/studio/7.0/toolchain/arm/arm-gnu-toolchain/bin/../lib/gcc/arm-none-eabi/6.3.1/../../../../arm-none-eabi/lib/thumb/v6-m\libc_nano.a(lib_a-nano-freer.o)
                0x00016bb4                _free_r
 .text._malloc_r
                0x00016c48       0xbc c:/program files (x86)/atmel/studio/7.0/toolchain/arm/arm-gnu-toolchain/bin/../lib/gcc/arm-none-eabi/6.3.1/../../../../arm-none-eabi/lib/thumb/v6-m\libc_nano.a(lib_a-nano-mallocr.o)
                0x00016c48                _malloc_r
 .text._realloc_r
                0x00016d04       0x4c c:/program files (x86)/atmel/studio/7.0/toolchain/arm/arm-gnu-toolchain/bin/../lib/gcc/arm-none-eabi/6.3.1/../../../../arm-none-eabi/lib/thumb/v6-m\libc_nano.a(lib_a-nano-reallocr.o)
                0x00016d04                _realloc_r
 .text.__ssputs_r
                0x00016d50       0xc4 c:/program files (x86)/atmel/studio/7.0/toolchain/arm/arm-gnu-toolchain/bin/../lib/gcc/arm-none-eabi/6.3.1/../../../../arm-none-eabi/lib/thumb/v6-m\libc_nano.a(lib_a-nano-svfprintf.o)
                0x00016d50                __ssputs_r
 .text._svfprintf_r
                0x00016e14      0x208 c:/program files (x86)/atmel/studio/7.0/toolchain/arm/arm-gnu-toolchain/bin/../lib/gcc/arm-none-eabi/6.3.1/../../../../arm-none-eabi/lib/thumb/v6-m\libc_nano.a(lib_a-nano-svfprintf.o)
                0x00016e14                _svfiprintf_r
                0x00016e14                _svfprintf_r
 .text._sbrk_r  0x0001701c       0x24 c:/program files (x86)/atmel/studio/7.0/toolchain/arm/arm-gnu-toolchain/bin/../lib/gcc/arm-none-eabi/6.3.1/../../../../arm-none-eabi/lib/thumb/v6-m\libc_nano.a(lib_a-sbrkr.o)
                0x0001701c                _sbrk_r
 .text.__sread  0x00017040       0x28 c:/program files (x86)/atmel/studio/7.0/toolchain/arm/arm-gnu-toolchain/bin/../lib/gcc/arm-none-eabi/6.3.1/../../../../arm-none-eabi/lib/thumb/v6-m\libc_nano.a(lib_a-stdio.o)
                0x00017040                __sread
 .text.__swrite
                0x00017068       0x38 c:/program files (x86)/atmel/studio/7.0/toolchain/arm/arm-gnu-toolchain/bin/../lib/gcc/arm-none-eabi/6.3.1/../../../../arm-none-eabi/lib/thumb/v6-m\libc_nano.a(lib_a-stdio.o)
                0x00017068                __swrite
 .text.__sseek  0x000170a0       0x2c c:/program files (x86)/atmel/studio/7.0/toolchain/arm/arm-gnu-toolchain/bin/../lib/gcc/arm-none-eabi/6.3.1/../../../../arm-none-eabi/lib/thumb/v6-m\libc_nano.a(lib_a-stdio.o)
                0x000170a0                __sseek
 .text.__sclose
                0x000170cc        0xc c:/program files (x86)/atmel/studio/7.0/toolchain/arm/arm-gnu-toolchain/bin/../lib/gcc/arm-none-eabi/6.3.1/../../../../arm-none-eabi/lib/thumb/v6-m\libc_nano.a(lib_a-stdio.o)
                0x000170cc                __sclose
 .text._write_r
                0x000170d8       0x28 c:/program files (x86)/atmel/studio/7.0/toolchain/arm/arm-gnu-toolchain/bin/../lib/gcc/arm-none-eabi/6.3.1/../../../../arm-none-eabi/lib/thumb/v6-m\libc_nano.a(lib_a-writer.o)
                0x000170d8                _write_r
 .text._close_r
                0x00017100       0x24 c:/program files (x86)/atmel/studio/7.0/toolchain/arm/arm-gnu-toolchain/bin/../lib/gcc/arm-none-eabi/6.3.1/../../../../arm-none-eabi/lib/thumb/v6-m\libc_nano.a(lib_a-closer.o)
                0x00017100                _close_r
 .text._fstat_r
                0x00017124       0x24 c:/program files (x86)/atmel/studio/7.0/toolchain/arm/arm-gnu-toolchain/bin/../lib/gcc/arm-none-eabi/6.3.1/../../../../arm-none-eabi/lib/thumb/v6-m\libc_nano.a(lib_a-fstatr.o)
                0x00017124                _fstat_r
 .text._isatty_r
                0x00017148       0x24 c:/program files (x86)/atmel/studio/7.0/toolchain/arm/arm-gnu-toolchain/bin/../lib/gcc/arm-none-eabi/6.3.1/../../../../arm-none-eabi/lib/thumb/v6-m\libc_nano.a(lib_a-isattyr.o)
                0x00017148                _isatty_r
 .text._lseek_r
                0x0001716c       0x28 c:/program files (x86)/atmel/studio/7.0/toolchain/arm/arm-gnu-toolchain/bin/../lib/gcc/arm-none-eabi/6.3.1/../../../../arm-none-eabi/lib/thumb/v6-m\libc_nano.a(lib_a-lseekr.o)
                0x0001716c                _lseek_r
 .text.__malloc_lock
                0x00017194        0x2 c:/program files (x86)/atmel/studio/7.0/toolchain/arm/arm-gnu-toolchain/bin/../lib/gcc/arm-none-eabi/6.3.1/../../../../arm-none-eabi/lib/thumb/v6-m\libc_nano.a(lib_a-mlock.o)
                0x00017194                __malloc_lock
 .text.__malloc_unlock
                0x00017196        0x2 c:/program files (x86)/atmel/studio/7.0/toolchain/arm/arm-gnu-toolchain/bin/../lib/gcc/arm-none-eabi/6.3.1/../../../../arm-none-eabi/lib/thumb/v6-m\libc_nano.a(lib_a-mlock.o)
                0x00017196                __malloc_unlock
 .text._malloc_usable_size_r
                0x00017198       0x10 c:/program files (x86)/atmel/studio/7.0/toolchain/arm/arm-gnu-toolchain/bin/../lib/gcc/arm-none-eabi/6.3.1/../../../../arm-none-eabi/lib/thumb/v6-m\libc_nano.a(lib_a-nano-msizer.o)
                0x00017198                _malloc_usable_size_r
 .text._read_r  0x000171a8       0x28 c:/program files (x86)/atmel/studio/7.0/toolchain/arm/arm-gnu-toolchain/bin/../lib/gcc/arm-none-eabi/6.3.1/../../../../arm-none-eabi/lib/thumb/v6-m\libc_nano.a(lib_a-readr.o)
                0x000171a8                _read_r
 *(.glue_7t)
 .glue_7t       0x000171d0        0x0 linker stubs
 *(.glue_7)
 .glue_7        0x000171d0        0x0 linker stubs
 *(.rodata .rodata* .gnu.linkonce.r.*)
 .rodata        0x000171d0       0x58 src/ASF/sam0/drivers/adc/adc_sam_l_c/adc.o
 .rodata        0x00017228       0x18 src/ASF/sam0/drivers/sercom/sercom.o
 .rodata        0x00017240       0x24 src/ASF/sam0/drivers/tc/tc_sam_l_c/tc.o
 .rodata.mySecurityKey
                0x00017264       0x10 src/ASF/thirdparty/wireless/miwi/source/mimac/mimac_at86rf.o
                0x00017264                mySecurityKey
 .rodata.tc_interrupt_vectors.13115
                0x00017274        0x3 src/ASF/thirdparty/wireless/services/common_hw_timer/sam0/hw_timer.o
 *fill*         0x00017277        0x1 
 .rodata.at25dfx_chip_write_buffer.cst2
                0x00017278        0x2 src/AT25DF/at25dfx.o
 *fill*         0x0001727a        0x2 
 .rodata.CSWTCH.10
                0x0001727c       0x2c src/AT25DF/at25dfx.o
 .rodata.CSWTCH.12
                0x000172a8       0x2c src/AT25DF/at25dfx.o
 .rodata.CSWTCH.76
                0x000172d4        0x3 src/AT25DF/at25dfx.o
 .rodata.DemoOutput_Greeting.str1.1
                0x000172d7      0x138 src/demo_output.o
 .rodata        0x0001740f        0xa src/main.o
 .rodata.BatLogo_72x72
                0x00017419      0x288 src/main.o
                0x00017419                BatLogo_72x72
 .rodata.Check_Battery_Voltage.str1.1
                0x000176a1       0x32 src/main.o
                                 0x37 (size before relaxing)
 .rodata.check_received_firmware_integrity.str1.1
                0x000176d3       0x3a src/main.o
 .rodata.cycle_mux.str1.1
                0x0001770d       0x50 src/main.o
                                 0x52 (size before relaxing)
 .rodata.displayCANTest.str1.1
                0x0001775d        0x8 src/main.o
 .rodata.displayCableTest.str1.1
                0x00017765       0x3d src/main.o
 .rodata.displayMainMenu.str1.1
                0x000177a2       0x81 src/main.o
 .rodata.displayMiWiTest.str1.1
                0x00017823        0x5 src/main.o
 .rodata.external_flash_test.str1.1
                0x00017828       0x3c src/main.o
 .rodata.main.str1.1
                0x00017864      0x12d src/main.o
 .rodata.readAntenna.str1.1
                0x00017991       0x85 src/main.o
 .rodata.readMAC.str1.1
                0x00017a16        0xa src/main.o
                                  0xc (size before relaxing)
 .rodata.run_p2p_demo.str1.1
                0x00017a20      0x369 src/main.o
 .rodata.test_subghz_network.str1.1
                0x00017d89       0x56 src/main.o
 .rodata.upPressed.str1.1
                0x00017ddf        0x2 src/main.o
 .rodata.SSD1351_printf.str1.1
                0x00017de1        0x6 src/oled/ssd1351.o
 .rodata.font   0x00017de7      0x500 src/oled/ssd1351.o
 .rodata.start_join_callback.str1.1
                0x000182e7      0x120 src/p2p_demo.o
 .rodata        0x00018407        0x9 src/task.o
 .rodata.DumpConnection.str1.1
                0x00018410       0xaa src/task.o
                                 0xbf (size before relaxing)
 .rodata.EstablishConfirm.str1.1
                0x000184ba        0xe src/task.o
 .rodata.Initialize_Demo.str1.1
                0x000184c8       0x33 src/task.o
                                 0x36 (size before relaxing)
 *fill*         0x000184fb        0x1 
 .rodata        0x000184fc       0x80 c:/program files (x86)/atmel/studio/7.0/toolchain/arm/arm-gnu-toolchain/bin/../lib/gcc/arm-none-eabi/6.3.1/thumb/v6-m\libgcc.a(divsf3.o)
 .rodata        0x0001857c       0x40 c:/program files (x86)/atmel/studio/7.0/toolchain/arm/arm-gnu-toolchain/bin/../lib/gcc/arm-none-eabi/6.3.1/thumb/v6-m\libgcc.a(mulsf3.o)
 .rodata        0x000185bc       0x40 c:/program files (x86)/atmel/studio/7.0/toolchain/arm/arm-gnu-toolchain/bin/../lib/gcc/arm-none-eabi/6.3.1/thumb/v6-m\libgcc.a(divdf3.o)
 .rodata        0x000185fc       0x40 c:/program files (x86)/atmel/studio/7.0/toolchain/arm/arm-gnu-toolchain/bin/../lib/gcc/arm-none-eabi/6.3.1/thumb/v6-m\libgcc.a(muldf3.o)
 .rodata._global_impure_ptr
                0x0001863c        0x4 c:/program files (x86)/atmel/studio/7.0/toolchain/arm/arm-gnu-toolchain/bin/../lib/gcc/arm-none-eabi/6.3.1/../../../../arm-none-eabi/lib/thumb/v6-m\libc_nano.a(lib_a-impure.o)
                0x0001863c                _global_impure_ptr
 .rodata._vfprintf_r.str1.1
                0x00018640       0x11 c:/program files (x86)/atmel/studio/7.0/toolchain/arm/arm-gnu-toolchain/bin/../lib/gcc/arm-none-eabi/6.3.1/../../../../arm-none-eabi/lib/thumb/v6-m\libc_nano.a(lib_a-nano-vfprintf.o)
 .rodata._printf_i.str1.1
                0x00018651       0x22 c:/program files (x86)/atmel/studio/7.0/toolchain/arm/arm-gnu-toolchain/bin/../lib/gcc/arm-none-eabi/6.3.1/../../../../arm-none-eabi/lib/thumb/v6-m\libc_nano.a(lib_a-nano-vfprintf_i.o)
 *fill*         0x00018673        0x1 
 .rodata.__sf_fake_stderr
                0x00018674       0x20 c:/program files (x86)/atmel/studio/7.0/toolchain/arm/arm-gnu-toolchain/bin/../lib/gcc/arm-none-eabi/6.3.1/../../../../arm-none-eabi/lib/thumb/v6-m\libc_nano.a(lib_a-findfp.o)
                0x00018674                __sf_fake_stderr
 .rodata.__sf_fake_stdin
                0x00018694       0x20 c:/program files (x86)/atmel/studio/7.0/toolchain/arm/arm-gnu-toolchain/bin/../lib/gcc/arm-none-eabi/6.3.1/../../../../arm-none-eabi/lib/thumb/v6-m\libc_nano.a(lib_a-findfp.o)
                0x00018694                __sf_fake_stdin
 .rodata.__sf_fake_stdout
                0x000186b4       0x20 c:/program files (x86)/atmel/studio/7.0/toolchain/arm/arm-gnu-toolchain/bin/../lib/gcc/arm-none-eabi/6.3.1/../../../../arm-none-eabi/lib/thumb/v6-m\libc_nano.a(lib_a-findfp.o)
                0x000186b4                __sf_fake_stdout
 .rodata._svfprintf_r.str1.1
                0x000186d4       0x11 c:/program files (x86)/atmel/studio/7.0/toolchain/arm/arm-gnu-toolchain/bin/../lib/gcc/arm-none-eabi/6.3.1/../../../../arm-none-eabi/lib/thumb/v6-m\libc_nano.a(lib_a-nano-svfprintf.o)
 *(.ARM.extab* .gnu.linkonce.armextab.*)
                0x000186e8                . = ALIGN (0x4)
 *(.init)
 .init          0x000186d4        0x4 c:/program files (x86)/atmel/studio/7.0/toolchain/arm/arm-gnu-toolchain/bin/../lib/gcc/arm-none-eabi/6.3.1/thumb/v6-m/crti.o
                0x000186d4                _init
 .init          0x000186d8        0x8 c:/program files (x86)/atmel/studio/7.0/toolchain/arm/arm-gnu-toolchain/bin/../lib/gcc/arm-none-eabi/6.3.1/thumb/v6-m/crtn.o
                0x000186e8                . = ALIGN (0x4)
                0x000186e8                __preinit_array_start = .
 *(.preinit_array)
                0x000186e8                __preinit_array_end = .
                0x000186e8                . = ALIGN (0x4)
                0x000186e8                __init_array_start = .
 *(SORT(.init_array.*))
 *(.init_array)
 .init_array    0x000186e0        0x4 c:/program files (x86)/atmel/studio/7.0/toolchain/arm/arm-gnu-toolchain/bin/../lib/gcc/arm-none-eabi/6.3.1/thumb/v6-m/crtbegin.o
                0x000186e8                __init_array_end = .
                0x000186e8                . = ALIGN (0x4)
 *crtbegin.o(.ctors)
 *(EXCLUDE_FILE(*crtend.o) .ctors)
 *(SORT(.ctors.*))
 *crtend.o(.ctors)
                0x000186e8                . = ALIGN (0x4)
 *(.fini)
 .fini          0x000186e4        0x4 c:/program files (x86)/atmel/studio/7.0/toolchain/arm/arm-gnu-toolchain/bin/../lib/gcc/arm-none-eabi/6.3.1/thumb/v6-m/crti.o
                0x000186e4                _fini
 .fini          0x000186e8        0x8 c:/program files (x86)/atmel/studio/7.0/toolchain/arm/arm-gnu-toolchain/bin/../lib/gcc/arm-none-eabi/6.3.1/thumb/v6-m/crtn.o
                0x000186f0                . = ALIGN (0x4)
                0x000186f0                __fini_array_start = .
 *(.fini_array)
 .fini_array    0x000186f0        0x4 c:/program files (x86)/atmel/studio/7.0/toolchain/arm/arm-gnu-toolchain/bin/../lib/gcc/arm-none-eabi/6.3.1/thumb/v6-m/crtbegin.o
 *(SORT(.fini_array.*))
                0x000186f4                __fini_array_end = .
 *crtbegin.o(.dtors)
 *(EXCLUDE_FILE(*crtend.o) .dtors)
 *(SORT(.dtors.*))
 *crtend.o(.dtors)
                0x000186f4                . = ALIGN (0x4)
                0x000186f4                _efixed = .
                [!provide]                PROVIDE (__exidx_start, .)

.vfp11_veneer   0x000186f4        0x0
 .vfp11_veneer  0x000186f4        0x0 linker stubs

.v4_bx          0x000186f4        0x0
 .v4_bx         0x000186f4        0x0 linker stubs

.iplt           0x000186f4        0x0
 .iplt          0x000186f4        0x0 c:/program files (x86)/atmel/studio/7.0/toolchain/arm/arm-gnu-toolchain/bin/../lib/gcc/arm-none-eabi/6.3.1/thumb/v6-m/crtbegin.o

.eh_frame       0x000186f4        0x0
 .eh_frame      0x000186f4        0x0 c:/program files (x86)/atmel/studio/7.0/toolchain/arm/arm-gnu-toolchain/bin/../lib/gcc/arm-none-eabi/6.3.1/thumb/v6-m/crtbegin.o

.rel.dyn        0x000186f4        0x0
 .rel.iplt      0x000186f4        0x0 c:/program files (x86)/atmel/studio/7.0/toolchain/arm/arm-gnu-toolchain/bin/../lib/gcc/arm-none-eabi/6.3.1/thumb/v6-m/crtbegin.o

.jcr            0x000186f4        0x0
 .jcr           0x000186f4        0x0 c:/program files (x86)/atmel/studio/7.0/toolchain/arm/arm-gnu-toolchain/bin/../lib/gcc/arm-none-eabi/6.3.1/thumb/v6-m/crtbegin.o

.igot.plt       0x000186f4        0x0
 .igot.plt      0x000186f4        0x0 c:/program files (x86)/atmel/studio/7.0/toolchain/arm/arm-gnu-toolchain/bin/../lib/gcc/arm-none-eabi/6.3.1/thumb/v6-m/crtbegin.o

.ARM.exidx
 *(.ARM.exidx* .gnu.linkonce.armexidx.*)
                [!provide]                PROVIDE (__exidx_end, .)
                0x000186f4                . = ALIGN (0x4)
                0x000186f4                _etext = .

.relocate       0x20000000      0x1f4 load address 0x000186f4
                0x20000000                . = ALIGN (0x4)
                0x20000000                _srelocate = .
 *(.ramfunc .ramfunc.*)
 *(.data .data.*)
 .data.cycles_per_ms
                0x20000000        0x4 src/ASF/common2/services/delay/sam0/systick_counter.o
 .data.cycles_per_us
                0x20000004        0x4 src/ASF/common2/services/delay/sam0/systick_counter.o
 .data.g_interrupt_enabled
                0x20000008        0x1 src/ASF/common/utils/interrupt/interrupt_sam_nvic.o
                0x20000008                g_interrupt_enabled
 .data.BankIndex