Archive member included to satisfy reference by file (symbol)

../src/ASF/thirdparty/wireless/services/common_hw_timer/sam0/lib\libsam0_lib_hw_timer.a(common_hw_timer.o)
                              src/ASF/thirdparty/wireless/miwi/source/sys/sysTimer.o (common_tc_read_count)
c:/program files (x86)/atmel/studio/7.0/toolchain/arm/arm-gnu-toolchain/bin/../lib/gcc/arm-none-eabi/6.3.1/thumb/v6-m\libgcc.a(_udivsi3.o)
                              src/ASF/common2/services/delay/sam0/systick_counter.o (__aeabi_uidiv)
c:/program files (x86)/atmel/studio/7.0/toolchain/arm/arm-gnu-toolchain/bin/../lib/gcc/arm-none-eabi/6.3.1/thumb/v6-m\libgcc.a(_divsi3.o)
                              src/ASF/thirdparty/wireless/miwi/source/miwi_p2p_star/miwi_p2p_star.o (__aeabi_idiv)
c:/program files (x86)/atmel/studio/7.0/toolchain/arm/arm-gnu-toolchain/bin/../lib/gcc/arm-none-eabi/6.3.1/thumb/v6-m\libgcc.a(_dvmd_tls.o)
                              c:/program files (x86)/atmel/studio/7.0/toolchain/arm/arm-gnu-toolchain/bin/../lib/gcc/arm-none-eabi/6.3.1/thumb/v6-m\libgcc.a(_udivsi3.o) (__aeabi_idiv0)
c:/program files (x86)/atmel/studio/7.0/toolchain/arm/arm-gnu-toolchain/bin/../lib/gcc/arm-none-eabi/6.3.1/thumb/v6-m\libgcc.a(_arm_cmpsf2.o)
                              src/ASF/thirdparty/wireless/services/common_hw_timer/sam0/hw_timer.o (__aeabi_fcmpge)
c:/program files (x86)/atmel/studio/7.0/toolchain/arm/arm-gnu-toolchain/bin/../lib/gcc/arm-none-eabi/6.3.1/thumb/v6-m\libgcc.a(_muldi3.o)
                              src/ASF/sam0/drivers/sercom/sercom.o (__aeabi_lmul)
c:/program files (x86)/atmel/studio/7.0/toolchain/arm/arm-gnu-toolchain/bin/../lib/gcc/arm-none-eabi/6.3.1/thumb/v6-m\libgcc.a(_fixunssfsi.o)
                              src/ASF/thirdparty/wireless/services/common_hw_timer/sam0/hw_timer.o (__aeabi_f2uiz)
c:/program files (x86)/atmel/studio/7.0/toolchain/arm/arm-gnu-toolchain/bin/../lib/gcc/arm-none-eabi/6.3.1/thumb/v6-m\libgcc.a(_fixunsdfsi.o)
                              src/dutyCycling.o (__aeabi_d2uiz)
c:/program files (x86)/atmel/studio/7.0/toolchain/arm/arm-gnu-toolchain/bin/../lib/gcc/arm-none-eabi/6.3.1/thumb/v6-m\libgcc.a(addsf3.o)
                              src/ASF/thirdparty/wireless/services/common_hw_timer/sam0/hw_timer.o (__aeabi_fadd)
c:/program files (x86)/atmel/studio/7.0/toolchain/arm/arm-gnu-toolchain/bin/../lib/gcc/arm-none-eabi/6.3.1/thumb/v6-m\libgcc.a(divsf3.o)
                              src/ASF/thirdparty/wireless/services/common_hw_timer/sam0/hw_timer.o (__aeabi_fdiv)
c:/program files (x86)/atmel/studio/7.0/toolchain/arm/arm-gnu-toolchain/bin/../lib/gcc/arm-none-eabi/6.3.1/thumb/v6-m\libgcc.a(eqsf2.o)
                              c:/program files (x86)/atmel/studio/7.0/toolchain/arm/arm-gnu-toolchain/bin/../lib/gcc/arm-none-eabi/6.3.1/thumb/v6-m\libgcc.a(_arm_cmpsf2.o) (__eqsf2)
c:/program files (x86)/atmel/studio/7.0/toolchain/arm/arm-gnu-toolchain/bin/../lib/gcc/arm-none-eabi/6.3.1/thumb/v6-m\libgcc.a(gesf2.o)
                              c:/program files (x86)/atmel/studio/7.0/toolchain/arm/arm-gnu-toolchain/bin/../lib/gcc/arm-none-eabi/6.3.1/thumb/v6-m\libgcc.a(_arm_cmpsf2.o) (__gesf2)
c:/program files (x86)/atmel/studio/7.0/toolchain/arm/arm-gnu-toolchain/bin/../lib/gcc/arm-none-eabi/6.3.1/thumb/v6-m\libgcc.a(lesf2.o)
                              c:/program files (x86)/atmel/studio/7.0/toolchain/arm/arm-gnu-toolchain/bin/../lib/gcc/arm-none-eabi/6.3.1/thumb/v6-m\libgcc.a(_arm_cmpsf2.o) (__lesf2)
c:/program files (x86)/atmel/studio/7.0/toolchain/arm/arm-gnu-toolchain/bin/../lib/gcc/arm-none-eabi/6.3.1/thumb/v6-m\libgcc.a(subsf3.o)
                              src/ASF/thirdparty/wireless/services/common_hw_timer/sam0/hw_timer.o (__aeabi_fsub)
c:/program files (x86)/atmel/studio/7.0/toolchain/arm/arm-gnu-toolchain/bin/../lib/gcc/arm-none-eabi/6.3.1/thumb/v6-m\libgcc.a(fixsfsi.o)
                              c:/program files (x86)/atmel/studio/7.0/toolchain/arm/arm-gnu-toolchain/bin/../lib/gcc/arm-none-eabi/6.3.1/thumb/v6-m\libgcc.a(_fixunssfsi.o) (__aeabi_f2iz)
c:/program files (x86)/atmel/studio/7.0/toolchain/arm/arm-gnu-toolchain/bin/../lib/gcc/arm-none-eabi/6.3.1/thumb/v6-m\libgcc.a(floatunsisf.o)
                              src/ASF/thirdparty/wireless/services/common_hw_timer/sam0/hw_timer.o (__aeabi_ui2f)
c:/program files (x86)/atmel/studio/7.0/toolchain/arm/arm-gnu-toolchain/bin/../lib/gcc/arm-none-eabi/6.3.1/thumb/v6-m\libgcc.a(adddf3.o)
                              src/dutyCycling.o (__aeabi_dadd)
c:/program files (x86)/atmel/studio/7.0/toolchain/arm/arm-gnu-toolchain/bin/../lib/gcc/arm-none-eabi/6.3.1/thumb/v6-m\libgcc.a(divdf3.o)
                              src/main.o (__aeabi_ddiv)
c:/program files (x86)/atmel/studio/7.0/toolchain/arm/arm-gnu-toolchain/bin/../lib/gcc/arm-none-eabi/6.3.1/thumb/v6-m\libgcc.a(muldf3.o)
                              src/dutyCycling.o (__aeabi_dmul)
[...]
Memory Configuration

Name             Origin             Length             Attributes
rom              0x00000000         0x00040000         xr
ram              0x20000000         0x00008000         xrw
lpram            0x30000000         0x00002000         xrw
*default*        0x00000000         0xffffffff

Linker script and memory map

LOAD c:/program files (x86)/atmel/studio/7.0/toolchain/arm/arm-gnu-toolchain/bin/../lib/gcc/arm-none-eabi/6.3.1/thumb/v6-m/crti.o
LOAD c:/program files (x86)/atmel/studio/7.0/toolchain/arm/arm-gnu-toolchain/bin/../lib/gcc/arm-none-eabi/6.3.1/thumb/v6-m/crtbegin.o
LOAD c:/program files (x86)/atmel/studio/7.0/toolchain/arm/arm-gnu-toolchain/bin/../lib/gcc/arm-none-eabi/6.3.1/../../../../arm-none-eabi/lib/thumb/v6-m/crt0.o
LOAD src/ASF/common2/services/delay/sam0/systick_counter.o
LOAD src/ASF/common/utils/interrupt/interrupt_sam_nvic.o
LOAD src/ASF/sam0/boards/samr30_xplained_pro/board_init.o
LOAD src/ASF/sam0/drivers/adc/adc_sam_l_c/adc.o
LOAD src/ASF/sam0/drivers/extint/extint_callback.o
LOAD src/ASF/sam0/drivers/extint/extint_sam_l_c/extint.o
LOAD src/ASF/sam0/drivers/nvm/nvm.o
LOAD src/ASF/sam0/drivers/port/port.o
LOAD src/ASF/sam0/drivers/rtc/rtc_sam_l_c/rtc_count.o
LOAD src/ASF/sam0/drivers/rtc/rtc_sam_l_c/rtc_count_interrupt.o
LOAD src/ASF/sam0/drivers/sercom/sercom.o
LOAD src/ASF/sam0/drivers/sercom/sercom_interrupt.o
LOAD src/ASF/sam0/drivers/sercom/spi/spi.o
LOAD src/ASF/sam0/drivers/sercom/usart/usart.o
LOAD src/ASF/sam0/drivers/sercom/usart/usart_interrupt.o
LOAD src/ASF/sam0/drivers/system/clock/clock_samr30/clock.o
LOAD src/ASF/sam0/drivers/system/clock/clock_samr30/gclk.o
LOAD src/ASF/sam0/drivers/system/interrupt/system_interrupt.o
LOAD src/ASF/sam0/drivers/system/pinmux/pinmux.o
LOAD src/ASF/sam0/drivers/system/system.o
LOAD src/ASF/sam0/drivers/tc/tc_interrupt.o
LOAD src/ASF/sam0/drivers/tc/tc_sam_l_c/tc.o
LOAD src/ASF/sam0/utils/cmsis/samr30/source/gcc/startup_samr30.o
LOAD src/ASF/sam0/utils/cmsis/samr30/source/system_samr30.o
LOAD src/ASF/sam0/utils/stdio/read.o
LOAD src/ASF/sam0/utils/stdio/write.o
LOAD src/ASF/sam0/utils/syscalls/gcc/syscalls.o
LOAD src/ASF/thirdparty/wireless/addons/sio2host/uart/sio2host.o
LOAD src/ASF/thirdparty/wireless/miwi/services/lcd/lcd.o
LOAD src/ASF/thirdparty/wireless/miwi/services/pds/src/nopds/fakePds.o
LOAD src/ASF/thirdparty/wireless/miwi/services/pds/src/nv/D_Nv.o
LOAD src/ASF/thirdparty/wireless/miwi/services/pds/src/nv/External/D_XNv-SamR21.o
LOAD src/ASF/thirdparty/wireless/miwi/services/pds/src/nv/External/S_Nv-External.o
LOAD src/ASF/thirdparty/wireless/miwi/services/pds/src/nv/External/S_XNv.o
LOAD src/ASF/thirdparty/wireless/miwi/services/pds/src/nv/S_Nv-SamR21.o
LOAD src/ASF/thirdparty/wireless/miwi/services/pds/src/wl/wlPdsDataServer.o
LOAD src/ASF/thirdparty/wireless/miwi/services/pds/src/wl/wlPdsInit.o
LOAD src/ASF/thirdparty/wireless/miwi/services/pds/src/wl/wlPdsTaskManager.o
LOAD src/ASF/thirdparty/wireless/miwi/services/pds/src/wl/wlPdsTypesConverter.o
LOAD src/ASF/thirdparty/wireless/miwi/services/sleep_mgr/sam0/sleep_mgr.o
LOAD src/ASF/thirdparty/wireless/miwi/source/mimac/mimac_at86rf.o
LOAD src/ASF/thirdparty/wireless/miwi/source/mimac/phy/at86rf212b/phy.o
LOAD src/ASF/thirdparty/wireless/miwi/source/miwi_p2p_star/miwi_p2p_pds.o
LOAD src/ASF/thirdparty/wireless/miwi/source/miwi_p2p_star/miwi_p2p_star.o
LOAD src/ASF/thirdparty/wireless/miwi/source/sys/mimem.o
LOAD src/ASF/thirdparty/wireless/miwi/source/sys/miqueue.o
LOAD src/ASF/thirdparty/wireless/miwi/source/sys/sysTimer.o
LOAD src/ASF/thirdparty/wireless/services/common_hw_timer/sam0/hw_timer.o
LOAD src/ASF/thirdparty/wireless/services/nvm/sam0/sam_nvm.o
LOAD src/ASF/thirdparty/wireless/services/sal/at86rf2xx/src/sal.o
LOAD src/ASF/thirdparty/wireless/services/trx_access/trx_access.o
LOAD src/assa_protocol.o
LOAD src/demo_output.o
LOAD src/dutyCycling.o
LOAD src/main.o
LOAD src/p2p_demo.o
LOAD src/task.o
START GROUP
LOAD ../src/ASF/thirdparty/wireless/services/common_hw_timer/sam0/lib\libsam0_lib_hw_timer.a
LOAD ../src/ASF/thirdparty/CMSIS/Lib/GCC\libarm_cortexM0l_math.a
LOAD c:/program files (x86)/atmel/studio/7.0/toolchain/arm/arm-gnu-toolchain/bin/../lib/gcc/arm-none-eabi/6.3.1/../../../../arm-none-eabi/lib/thumb/v6-m\libm.a
END GROUP
START GROUP
LOAD c:/program files (x86)/atmel/studio/7.0/toolchain/arm/arm-gnu-toolchain/bin/../lib/gcc/arm-none-eabi/6.3.1/thumb/v6-m\libgcc.a
LOAD c:/program files (x86)/atmel/studio/7.0/toolchain/arm/arm-gnu-toolchain/bin/../lib/gcc/arm-none-eabi/6.3.1/../../../../arm-none-eabi/lib/thumb/v6-m\libc_nano.a
END GROUP
START GROUP
LOAD c:/program files (x86)/atmel/studio/7.0/toolchain/arm/arm-gnu-toolchain/bin/../lib/gcc/arm-none-eabi/6.3.1/thumb/v6-m\libgcc.a
LOAD c:/program files (x86)/atmel/studio/7.0/toolchain/arm/arm-gnu-toolchain/bin/../lib/gcc/arm-none-eabi/6.3.1/../../../../arm-none-eabi/lib/thumb/v6-m\libc_nano.a
END GROUP
LOAD c:/program files (x86)/atmel/studio/7.0/toolchain/arm/arm-gnu-toolchain/bin/../lib/gcc/arm-none-eabi/6.3.1/thumb/v6-m/crtend.o
LOAD c:/program files (x86)/atmel/studio/7.0/toolchain/arm/arm-gnu-toolchain/bin/../lib/gcc/arm-none-eabi/6.3.1/thumb/v6-m/crtn.o
                0x00002000                STACK_SIZE = DEFINED (STACK_SIZE)?STACK_SIZE:DEFINED (__stack_size__)?__stack_size__:0x2000

.text           0x00000000     0x38dc
                0x00000000                . = ALIGN (0x4)
                0x00000000                _sfixed = .
 *(.vectors .vectors.*)
 .vectors       0x00000000       0xb4 src/ASF/sam0/utils/cmsis/samr30/source/gcc/startup_samr30.o
                0x00000000                exception_table
 *(.text .text.* .gnu.linkonce.t.*)
 .text          0x000000b4       0x60 c:/program files (x86)/atmel/studio/7.0/toolchain/arm/arm-gnu-toolchain/bin/../lib/gcc/arm-none-eabi/6.3.1/thumb/v6-m/crtbegin.o
 .text.cpu_irq_enter_critical
                0x00000114       0x40 src/ASF/common/utils/interrupt/interrupt_sam_nvic.o
                0x00000114                cpu_irq_enter_critical
 .text.cpu_irq_leave_critical
                0x00000154       0x30 src/ASF/common/utils/interrupt/interrupt_sam_nvic.o
                0x00000154                cpu_irq_leave_critical
 .text.adc_get_config_defaults
                0x00000184       0x44 src/ASF/sam0/drivers/adc/adc_sam_l_c/adc.o
                0x00000184                adc_get_config_defaults
 .text.adc_init
                0x000001c8      0x390 src/ASF/sam0/drivers/adc/adc_sam_l_c/adc.o
                0x000001c8                adc_init
 .text.EIC_Handler
                0x00000558       0x54 src/ASF/sam0/drivers/extint/extint_callback.o
                0x00000558                EIC_Handler
 .text.port_pin_set_config
                0x000005ac       0x24 src/ASF/sam0/drivers/port/port.o
                0x000005ac                port_pin_set_config
 .text.RTC_Handler
                0x000005d0       0xc4 src/ASF/sam0/drivers/rtc/rtc_sam_l_c/rtc_count_interrupt.o
                0x000005d0                RTC_Handler
 .text.long_division
                0x00000694       0xba src/ASF/sam0/drivers/sercom/sercom.o
 .text._sercom_get_sync_baud_val
                0x0000074e       0x28 src/ASF/sam0/drivers/sercom/sercom.o
                0x0000074e                _sercom_get_sync_baud_val
 *fill*         0x00000776        0x2 
 .text._sercom_get_async_baud_val
                0x00000778       0x94 src/ASF/sam0/drivers/sercom/sercom.o
                0x00000778                _sercom_get_async_baud_val
 .text.sercom_set_gclk_generator
                0x0000080c       0x4c src/ASF/sam0/drivers/sercom/sercom.o
                0x0000080c                sercom_set_gclk_generator
 .text._sercom_get_default_pad
                0x00000858      0x100 src/ASF/sam0/drivers/sercom/sercom.o
                0x00000858                _sercom_get_default_pad
 .text._sercom_get_sercom_inst_index
                0x00000958       0x38 src/ASF/sam0/drivers/sercom/sercom.o
                0x00000958                _sercom_get_sercom_inst_index
 .text._sercom_default_handler
                0x00000990        0x2 src/ASF/sam0/drivers/sercom/sercom_interrupt.o
 *fill*         0x00000992        0x2 
 .text._sercom_set_handler
                0x00000994       0x3c src/ASF/sam0/drivers/sercom/sercom_interrupt.o
                0x00000994                _sercom_set_handler
 .text._sercom_get_interrupt_vector
                0x000009d0       0x30 src/ASF/sam0/drivers/sercom/sercom_interrupt.o
                0x000009d0                _sercom_get_interrupt_vector
 .text.SERCOM0_Handler
                0x00000a00       0x10 src/ASF/sam0/drivers/sercom/sercom_interrupt.o
                0x00000a00                SERCOM0_Handler
 .text.SERCOM1_Handler
                0x00000a10       0x10 src/ASF/sam0/drivers/sercom/sercom_interrupt.o
                0x00000a10                SERCOM1_Handler
 .text.SERCOM2_Handler
                0x00000a20       0x10 src/ASF/sam0/drivers/sercom/sercom_interrupt.o
                0x00000a20                SERCOM2_Handler
 .text.SERCOM3_Handler
                0x00000a30       0x10 src/ASF/sam0/drivers/sercom/sercom_interrupt.o
                0x00000a30                SERCOM3_Handler
 .text.SERCOM4_Handler
                0x00000a40       0x10 src/ASF/sam0/drivers/sercom/sercom_interrupt.o
                0x00000a40                SERCOM4_Handler
 .text.SERCOM5_Handler
                0x00000a50       0x10 src/ASF/sam0/drivers/sercom/sercom_interrupt.o
                0x00000a50                SERCOM5_Handler
 .text.usart_init
                0x00000a60      0x364 src/ASF/sam0/drivers/sercom/usart/usart.o
                0x00000a60                usart_init
 .text._usart_write_buffer
                0x00000dc4       0x3c src/ASF/sam0/drivers/sercom/usart/usart_interrupt.o
                0x00000dc4                _usart_write_buffer
 .text.usart_write_buffer_job
                0x00000e00       0x20 src/ASF/sam0/drivers/sercom/usart/usart_interrupt.o
                0x00000e00                usart_write_buffer_job
 .text._usart_interrupt_handler
                0x00000e20      0x194 src/ASF/sam0/drivers/sercom/usart/usart_interrupt.o
                0x00000e20                _usart_interrupt_handler
 .text.system_clock_source_get_hz
                0x00000fb4       0x98 src/ASF/sam0/drivers/system/clock/clock_samr30/clock.o
                0x00000fb4                system_clock_source_get_hz
 .text.system_gclk_gen_get_hz
                0x0000104c       0x6c src/ASF/sam0/drivers/system/clock/clock_samr30/gclk.o
                0x0000104c                system_gclk_gen_get_hz
 .text.system_gclk_chan_enable
                0x000010b8       0x38 src/ASF/sam0/drivers/system/clock/clock_samr30/gclk.o
                0x000010b8                system_gclk_chan_enable
 .text.system_gclk_chan_disable
                0x000010f0       0x38 src/ASF/sam0/drivers/system/clock/clock_samr30/gclk.o
                0x000010f0                system_gclk_chan_disable
 .text.system_gclk_chan_set_config
                0x00001128       0x24 src/ASF/sam0/drivers/system/clock/clock_samr30/gclk.o
                0x00001128                system_gclk_chan_set_config
 .text.system_gclk_chan_get_hz
                0x0000114c       0x30 src/ASF/sam0/drivers/system/clock/clock_samr30/gclk.o
                0x0000114c                system_gclk_chan_get_hz
 .text._system_pinmux_config
                0x0000117c       0xa8 src/ASF/sam0/drivers/system/pinmux/pinmux.o
 .text.system_pinmux_pin_set_config
                0x00001224       0x30 src/ASF/sam0/drivers/system/pinmux/pinmux.o
                0x00001224                system_pinmux_pin_set_config
 .text.tc_register_callback
                0x00001254       0x32 src/ASF/sam0/drivers/tc/tc_interrupt.o
                0x00001254                tc_register_callback
 *fill*         0x00001286        0x2 
 .text._tc_interrupt_handler
                0x00001288       0x64 src/ASF/sam0/drivers/tc/tc_interrupt.o
                0x00001288                _tc_interrupt_handler
 .text.TC0_Handler
                0x000012ec       0x10 src/ASF/sam0/drivers/tc/tc_interrupt.o
                0x000012ec                TC0_Handler
 .text.TC1_Handler
                0x000012fc       0x10 src/ASF/sam0/drivers/tc/tc_interrupt.o
                0x000012fc                TC1_Handler
 .text.TC4_Handler
                0x0000130c       0x10 src/ASF/sam0/drivers/tc/tc_interrupt.o
                0x0000130c                TC4_Handler
 .text._tc_get_inst_index
                0x0000131c       0x38 src/ASF/sam0/drivers/tc/tc_sam_l_c/tc.o
                0x0000131c                _tc_get_inst_index
 .text.tc_init  0x00001354      0x2e0 src/ASF/sam0/drivers/tc/tc_sam_l_c/tc.o
                0x00001354                tc_init
 .text.Dummy_Handler
                0x00001634        0x2 src/ASF/sam0/utils/cmsis/samr30/source/gcc/startup_samr30.o
                0x00001634                DMAC_Handler
                0x00001634                HardFault_Handler
                0x00001634                AC_Handler
                0x00001634                SysTick_Handler
                0x00001634                PendSV_Handler
                0x00001634                NMI_Handler
                0x00001634                ADC_Handler
                0x00001634                TCC1_Handler
                0x00001634                TCC0_Handler
                0x00001634                WDT_Handler
                0x00001634                USB_Handler
                0x00001634                Dummy_Handler
                0x00001634                SVC_Handler
                0x00001634                TCC2_Handler
                0x00001634                EVSYS_Handler
                0x00001634                NVMCTRL_Handler
                0x00001634                SYSTEM_Handler
                0x00001634                PTC_Handler
 *fill*         0x00001636        0x2 
 .text.Reset_Handler
                0x00001638       0x98 src/ASF/sam0/utils/cmsis/samr30/source/gcc/startup_samr30.o
                0x00001638                Reset_Handler
 .text._sbrk    0x000016d0       0x24 src/ASF/sam0/utils/syscalls/gcc/syscalls.o
                0x000016d0                _sbrk
 .text.tc_callback_to_adc
                0x000016f4       0x28 src/main.o
                0x000016f4                tc_callback_to_adc
 .text.main     0x0000171c      0x2cc src/main.o
                0x0000171c                main
 .text          0x000019e8      0x114 c:/program files (x86)/atmel/studio/7.0/toolchain/arm/arm-gnu-toolchain/bin/../lib/gcc/arm-none-eabi/6.3.1/thumb/v6-m\libgcc.a(_udivsi3.o)
                0x000019e8                __aeabi_uidiv
                0x000019e8                __udivsi3
                0x00001af4                __aeabi_uidivmod
 .text          0x00001afc      0x1d4 c:/program files (x86)/atmel/studio/7.0/toolchain/arm/arm-gnu-toolchain/bin/../lib/gcc/arm-none-eabi/6.3.1/thumb/v6-m\libgcc.a(_divsi3.o)
                0x00001afc                __divsi3
                0x00001afc                __aeabi_idiv
                0x00001cc8                __aeabi_idivmod
 .text          0x00001cd0        0x4 c:/program files (x86)/atmel/studio/7.0/toolchain/arm/arm-gnu-toolchain/bin/../lib/gcc/arm-none-eabi/6.3.1/thumb/v6-m\libgcc.a(_dvmd_tls.o)
                0x00001cd0                __aeabi_idiv0
                0x00001cd0                __aeabi_ldiv0
 .text          0x00001cd4       0x54 c:/program files (x86)/atmel/studio/7.0/toolchain/arm/arm-gnu-toolchain/bin/../lib/gcc/arm-none-eabi/6.3.1/thumb/v6-m\libgcc.a(_muldi3.o)
                0x00001cd4                __muldi3
                0x00001cd4                __aeabi_lmul
 .text          0x00001d28       0x3c c:/program files (x86)/atmel/studio/7.0/toolchain/arm/arm-gnu-toolchain/bin/../lib/gcc/arm-none-eabi/6.3.1/thumb/v6-m\libgcc.a(_fixunsdfsi.o)
                0x00001d28                __aeabi_d2uiz
                0x00001d28                __fixunsdfsi
 .text          0x00001d64      0x668 c:/program files (x86)/atmel/studio/7.0/toolchain/arm/arm-gnu-toolchain/bin/../lib/gcc/arm-none-eabi/6.3.1/thumb/v6-m\libgcc.a(divdf3.o)
                0x00001d64                __aeabi_ddiv
 .text          0x000023cc      0x62c c:/program files (x86)/atmel/studio/7.0/toolchain/arm/arm-gnu-toolchain/bin/../lib/gcc/arm-none-eabi/6.3.1/thumb/v6-m\libgcc.a(subdf3.o)
                0x000023cc                __aeabi_dsub
 .text          0x000029f8       0x68 c:/program files (x86)/atmel/studio/7.0/toolchain/arm/arm-gnu-toolchain/bin/../lib/gcc/arm-none-eabi/6.3.1/thumb/v6-m\libgcc.a(fixdfsi.o)
                0x000029f8                __aeabi_d2iz
 .text          0x00002a60       0x84 c:/program files (x86)/atmel/studio/7.0/toolchain/arm/arm-gnu-toolchain/bin/../lib/gcc/arm-none-eabi/6.3.1/thumb/v6-m\libgcc.a(floatsidf.o)
                0x00002a60                __aeabi_i2d
 .text          0x00002ae4       0x7c c:/program files (x86)/atmel/studio/7.0/toolchain/arm/arm-gnu-toolchain/bin/../lib/gcc/arm-none-eabi/6.3.1/thumb/v6-m\libgcc.a(_arm_cmpdf2.o)
                0x00002ae4                __aeabi_cdrcmple
                0x00002af4                __aeabi_cdcmple
                0x00002af4                __aeabi_cdcmpeq
                0x00002b04                __aeabi_dcmpeq
                0x00002b10                __aeabi_dcmplt
                0x00002b24                __aeabi_dcmple
                0x00002b38                __aeabi_dcmpgt
                0x00002b4c                __aeabi_dcmpge
 .text          0x00002b60       0x3c c:/program files (x86)/atmel/studio/7.0/toolchain/arm/arm-gnu-toolchain/bin/../lib/gcc/arm-none-eabi/6.3.1/thumb/v6-m\libgcc.a(_clzsi2.o)
                0x00002b60                __clzsi2
 .text          0x00002b9c       0x74 c:/program files (x86)/atmel/studio/7.0/toolchain/arm/arm-gnu-toolchain/bin/../lib/gcc/arm-none-eabi/6.3.1/thumb/v6-m\libgcc.a(eqdf2.o)
                0x00002b9c                __nedf2
                0x00002b9c                __eqdf2
 .text          0x00002c10       0xc8 c:/program files (x86)/atmel/studio/7.0/toolchain/arm/arm-gnu-toolchain/bin/../lib/gcc/arm-none-eabi/6.3.1/thumb/v6-m\libgcc.a(gedf2.o)
                0x00002c10                __gedf2
                0x00002c10                __gtdf2
 .text          0x00002cd8       0xc4 c:/program files (x86)/atmel/studio/7.0/toolchain/arm/arm-gnu-toolchain/bin/../lib/gcc/arm-none-eabi/6.3.1/thumb/v6-m\libgcc.a(ledf2.o)
                0x00002cd8                __ledf2
                0x00002cd8                __ltdf2
 .text.__libc_init_array
                0x00002d9c       0x48 c:/program files (x86)/atmel/studio/7.0/toolchain/arm/arm-gnu-toolchain/bin/../lib/gcc/arm-none-eabi/6.3.1/../../../../arm-none-eabi/lib/thumb/v6-m\libc_nano.a(lib_a-init.o)
                0x00002d9c                __libc_init_array
 .text.memcpy   0x00002de4       0x12 c:/program files (x86)/atmel/studio/7.0/toolchain/arm/arm-gnu-toolchain/bin/../lib/gcc/arm-none-eabi/6.3.1/../../../../arm-none-eabi/lib/thumb/v6-m\libc_nano.a(lib_a-memcpy-stub.o)
                0x00002de4                memcpy
 *fill*         0x00002df6        0x2 
 .text.sprintf  0x00002df8       0x44 c:/program files (x86)/atmel/studio/7.0/toolchain/arm/arm-gnu-toolchain/bin/../lib/gcc/arm-none-eabi/6.3.1/../../../../arm-none-eabi/lib/thumb/v6-m\libc_nano.a(lib_a-sprintf.o)
                0x00002df8                siprintf
                0x00002df8                sprintf
 .text._free_r  0x00002e3c       0x94 c:/program files (x86)/atmel/studio/7.0/toolchain/arm/arm-gnu-toolchain/bin/../lib/gcc/arm-none-eabi/6.3.1/../../../../arm-none-eabi/lib/thumb/v6-m\libc_nano.a(lib_a-nano-freer.o)
                0x00002e3c                _free_r
 .text._malloc_r
                0x00002ed0       0xbc c:/program files (x86)/atmel/studio/7.0/toolchain/arm/arm-gnu-toolchain/bin/../lib/gcc/arm-none-eabi/6.3.1/../../../../arm-none-eabi/lib/thumb/v6-m\libc_nano.a(lib_a-nano-mallocr.o)
                0x00002ed0                _malloc_r
 .text.__ssputs_r
                0x00002f8c       0xc4 c:/program files (x86)/atmel/studio/7.0/toolchain/arm/arm-gnu-toolchain/bin/../lib/gcc/arm-none-eabi/6.3.1/../../../../arm-none-eabi/lib/thumb/v6-m\libc_nano.a(lib_a-nano-svfprintf.o)
                0x00002f8c                __ssputs_r
 .text._svfprintf_r
                0x00003050      0x208 c:/program files (x86)/atmel/studio/7.0/toolchain/arm/arm-gnu-toolchain/bin/../lib/gcc/arm-none-eabi/6.3.1/../../../../arm-none-eabi/lib/thumb/v6-m\libc_nano.a(lib_a-nano-svfprintf.o)
                0x00003050                _svfiprintf_r
                0x00003050                _svfprintf_r
 .text._printf_common
                0x00003258       0xda c:/program files (x86)/atmel/studio/7.0/toolchain/arm/arm-gnu-toolchain/bin/../lib/gcc/arm-none-eabi/6.3.1/../../../../arm-none-eabi/lib/thumb/v6-m\libc_nano.a(lib_a-nano-vfprintf_i.o)
                0x00003258                _printf_common
 *fill*         0x00003332        0x2 
 .text._printf_i
                0x00003334      0x234 c:/program files (x86)/atmel/studio/7.0/toolchain/arm/arm-gnu-toolchain/bin/../lib/gcc/arm-none-eabi/6.3.1/../../../../arm-none-eabi/lib/thumb/v6-m\libc_nano.a(lib_a-nano-vfprintf_i.o)
                0x00003334                _printf_i
 .text._sbrk_r  0x00003568       0x24 c:/program files (x86)/atmel/studio/7.0/toolchain/arm/arm-gnu-toolchain/bin/../lib/gcc/arm-none-eabi/6.3.1/../../../../arm-none-eabi/lib/thumb/v6-m\libc_nano.a(lib_a-sbrkr.o)
                0x00003568                _sbrk_r
 .text.memchr   0x0000358c       0x16 c:/program files (x86)/atmel/studio/7.0/toolchain/arm/arm-gnu-toolchain/bin/../lib/gcc/arm-none-eabi/6.3.1/../../../../arm-none-eabi/lib/thumb/v6-m\libc_nano.a(lib_a-memchr-stub.o)
                0x0000358c                memchr
 .text.memmove  0x000035a2       0x24 c:/program files (x86)/atmel/studio/7.0/toolchain/arm/arm-gnu-toolchain/bin/../lib/gcc/arm-none-eabi/6.3.1/../../../../arm-none-eabi/lib/thumb/v6-m\libc_nano.a(lib_a-memmove.o)
                0x000035a2                memmove
 .text.__malloc_lock
                0x000035c6        0x2 c:/program files (x86)/atmel/studio/7.0/toolchain/arm/arm-gnu-toolchain/bin/../lib/gcc/arm-none-eabi/6.3.1/../../../../arm-none-eabi/lib/thumb/v6-m\libc_nano.a(lib_a-mlock.o)
                0x000035c6                __malloc_lock
 .text.__malloc_unlock
                0x000035c8        0x2 c:/program files (x86)/atmel/studio/7.0/toolchain/arm/arm-gnu-toolchain/bin/../lib/gcc/arm-none-eabi/6.3.1/../../../../arm-none-eabi/lib/thumb/v6-m\libc_nano.a(lib_a-mlock.o)
                0x000035c8                __malloc_unlock
 .text._realloc_r
                0x000035ca       0x4c c:/program files (x86)/atmel/studio/7.0/toolchain/arm/arm-gnu-toolchain/bin/../lib/gcc/arm-none-eabi/6.3.1/../../../../arm-none-eabi/lib/thumb/v6-m\libc_nano.a(lib_a-nano-reallocr.o)
                0x000035ca                _realloc_r
 .text._malloc_usable_size_r
                0x00003616       0x10 c:/program files (x86)/atmel/studio/7.0/toolchain/arm/arm-gnu-toolchain/bin/../lib/gcc/arm-none-eabi/6.3.1/../../../../arm-none-eabi/lib/thumb/v6-m\libc_nano.a(lib_a-nano-msizer.o)
                0x00003616                _malloc_usable_size_r
 *(.glue_7t)
 .glue_7t       0x00003626        0x0 linker stubs
 *(.glue_7)
 .glue_7        0x00003626        0x0 linker stubs
 *(.rodata .rodata* .gnu.linkonce.r.*)
 *fill*         0x00003626        0x2 
 .rodata.adc_init
                0x00003628       0xd4 src/ASF/sam0/drivers/adc/adc_sam_l_c/adc.o
 .rodata        0x000036fc       0x58 src/ASF/sam0/drivers/adc/adc_sam_l_c/adc.o
 .rodata        0x00003754       0x18 src/ASF/sam0/drivers/sercom/sercom.o
 .rodata.system_clock_source_get_hz
                0x0000376c       0x24 src/ASF/sam0/drivers/system/clock/clock_samr30/clock.o
 .rodata.tc_init
                0x00003790       0x28 src/ASF/sam0/drivers/tc/tc_sam_l_c/tc.o
 .rodata        0x000037b8       0x24 src/ASF/sam0/drivers/tc/tc_sam_l_c/tc.o
 .rodata.main.str1.4
                0x000037dc        0x8 src/main.o
                                  0x5 (size before relaxing)
 .rodata.tc_interrupt_vectors.14850
                0x000037e4        0x3 src/main.o
 *fill*         0x000037e7        0x1 
 .rodata        0x000037e8       0x40 c:/program files (x86)/atmel/studio/7.0/toolchain/arm/arm-gnu-toolchain/bin/../lib/gcc/arm-none-eabi/6.3.1/thumb/v6-m\libgcc.a(divdf3.o)
 .rodata.__sf_fake_stderr
                0x00003828       0x20 c:/program files (x86)/atmel/studio/7.0/toolchain/arm/arm-gnu-toolchain/bin/../lib/gcc/arm-none-eabi/6.3.1/../../../../arm-none-eabi/lib/thumb/v6-m\libc_nano.a(lib_a-findfp.o)
                0x00003828                __sf_fake_stderr
 .rodata.__sf_fake_stdin
                0x00003848       0x20 c:/program files (x86)/atmel/studio/7.0/toolchain/arm/arm-gnu-toolchain/bin/../lib/gcc/arm-none-eabi/6.3.1/../../../../arm-none-eabi/lib/thumb/v6-m\libc_nano.a(lib_a-findfp.o)
                0x00003848                __sf_fake_stdin
 .rodata.__sf_fake_stdout
                0x00003868       0x20 c:/program files (x86)/atmel/studio/7.0/toolchain/arm/arm-gnu-toolchain/bin/../lib/gcc/arm-none-eabi/6.3.1/../../../../arm-none-eabi/lib/thumb/v6-m\libc_nano.a(lib_a-findfp.o)
                0x00003868                __sf_fake_stdout
 .rodata._svfprintf_r.str1.1
                0x00003888       0x11 c:/program files (x86)/atmel/studio/7.0/toolchain/arm/arm-gnu-toolchain/bin/../lib/gcc/arm-none-eabi/6.3.1/../../../../arm-none-eabi/lib/thumb/v6-m\libc_nano.a(lib_a-nano-svfprintf.o)
 .rodata._printf_i.str1.1
                0x00003899       0x22 c:/program files (x86)/atmel/studio/7.0/toolchain/arm/arm-gnu-toolchain/bin/../lib/gcc/arm-none-eabi/6.3.1/../../../../arm-none-eabi/lib/thumb/v6-m\libc_nano.a(lib_a-nano-vfprintf_i.o)
 *(.ARM.extab* .gnu.linkonce.armextab.*)
                0x000038bc                . = ALIGN (0x4)
 *fill*         0x000038bb        0x1 
 *(.init)
 .init          0x000038bc        0x4 c:/program files (x86)/atmel/studio/7.0/toolchain/arm/arm-gnu-toolchain/bin/../lib/gcc/arm-none-eabi/6.3.1/thumb/v6-m/crti.o
                0x000038bc                _init
 .init          0x000038c0        0x8 c:/program files (x86)/atmel/studio/7.0/toolchain/arm/arm-gnu-toolchain/bin/../lib/gcc/arm-none-eabi/6.3.1/thumb/v6-m/crtn.o
                0x000038c8                . = ALIGN (0x4)
                0x000038c8                __preinit_array_start = .
 *(.preinit_array)
                0x000038c8                __preinit_array_end = .
                0x000038c8                . = ALIGN (0x4)
                0x000038c8                __init_array_start = .
 *(SORT(.init_array.*))
 *(.init_array)
 .init_array    0x000038c8        0x4 c:/program files (x86)/atmel/studio/7.0/toolchain/arm/arm-gnu-toolchain/bin/../lib/gcc/arm-none-eabi/6.3.1/thumb/v6-m/crtbegin.o
                0x000038cc                __init_array_end = .
                0x000038cc                . = ALIGN (0x4)
 *crtbegin.o(.ctors)
 *(EXCLUDE_FILE(*crtend.o) .ctors)
 *(SORT(.ctors.*))
 *crtend.o(.ctors)
                0x000038cc                . = ALIGN (0x4)
 *(.fini)
 .fini          0x000038cc        0x4 c:/program files (x86)/atmel/studio/7.0/toolchain/arm/arm-gnu-toolchain/bin/../lib/gcc/arm-none-eabi/6.3.1/thumb/v6-m/crti.o
                0x000038cc                _fini
 .fini          0x000038d0        0x8 c:/program files (x86)/atmel/studio/7.0/toolchain/arm/arm-gnu-toolchain/bin/../lib/gcc/arm-none-eabi/6.3.1/thumb/v6-m/crtn.o
                0x000038d8                . = ALIGN (0x4)
                0x000038d8                __fini_array_start = .
 *(.fini_array)
 .fini_array    0x000038d8        0x4 c:/program files (x86)/atmel/studio/7.0/toolchain/arm/arm-gnu-toolchain/bin/../lib/gcc/arm-none-eabi/6.3.1/thumb/v6-m/crtbegin.o
 *(SORT(.fini_array.*))
                0x000038dc                __fini_array_end = .
 *crtbegin.o(.dtors)
 *(EXCLUDE_FILE(*crtend.o) .dtors)
 *(SORT(.dtors.*))
 *crtend.o(.dtors)
                0x000038dc                . = ALIGN (0x4)
                0x000038dc                _efixed = .
                [!provide]                PROVIDE (__exidx_start, .)

.vfp11_veneer   0x000038dc        0x0
 .vfp11_veneer  0x000038dc        0x0 linker stubs

.v4_bx          0x000038dc        0x0
 .v4_bx         0x000038dc        0x0 linker stubs

.iplt           0x000038dc        0x0
 .iplt          0x000038dc        0x0 c:/program files (x86)/atmel/studio/7.0/toolchain/arm/arm-gnu-toolchain/bin/../lib/gcc/arm-none-eabi/6.3.1/thumb/v6-m/crtbegin.o

.eh_frame       0x000038dc        0x0
 .eh_frame      0x000038dc        0x0 c:/program files (x86)/atmel/studio/7.0/toolchain/arm/arm-gnu-toolchain/bin/../lib/gcc/arm-none-eabi/6.3.1/thumb/v6-m/crtbegin.o

.rel.dyn        0x000038dc        0x0
 .rel.iplt      0x000038dc        0x0 c:/program files (x86)/atmel/studio/7.0/toolchain/arm/arm-gnu-toolchain/bin/../lib/gcc/arm-none-eabi/6.3.1/thumb/v6-m/crtbegin.o

.jcr            0x000038dc        0x0
 .jcr           0x000038dc        0x0 c:/program files (x86)/atmel/studio/7.0/toolchain/arm/arm-gnu-toolchain/bin/../lib/gcc/arm-none-eabi/6.3.1/thumb/v6-m/crtbegin.o

.igot.plt       0x000038dc        0x0
 .igot.plt      0x000038dc        0x0 c:/program files (x86)/atmel/studio/7.0/toolchain/arm/arm-gnu-toolchain/bin/../lib/gcc/arm-none-eabi/6.3.1/thumb/v6-m/crtbegin.o

.ARM.exidx
 *(.ARM.exidx* .gnu.linkonce.armexidx.*)
                [!provide]                PROVIDE (__exidx_end, .)
                0x000038dc                . = ALIGN (0x4)
                0x000038dc                _etext = .

.relocate       0x20000000       0x68 load address 0x000038dc
                0x20000000                . = ALIGN (0x4)
                0x20000000                _srelocate = .
 *(.ramfunc .ramfunc.*)
 *(.data .data.*)
 .data.g_interrupt_enabled
                0x20000000        0x1 src/ASF/common/utils/interrupt/interrupt_sam_nvic.o
                0x20000000                g_interrupt_enabled
 *fill*         0x20000001        0x3 
 .data._impure_ptr
                0x20000004        0x4 c:/program files (x86)/atmel/studio/7.0/toolchain/arm/arm-gnu-toolchain/bin/../lib/gcc/arm-none-eabi/6.3.1/../../../../arm-none-eabi/lib/thumb/v6-m\libc_nano.a(lib_a-impure.o)
                0x20000004                _impure_ptr
 .data.impure_data
                0x20000008       0x60 c:/program files (x86)/atmel/studio/7.0/toolchain/arm/arm-gnu-toolchain/bin/../lib/gcc/arm-none-eabi/6.3.1/../../../../arm-none-eabi/lib/thumb/v6-m\libc_nano.a(lib_a-impure.o)
                0x20000068                . = ALIGN (0x4)
                0x20000068                _erelocate = .

.lpram          0x30000000        0x0
                0x30000000                . = ALIGN (0x8)
                0x30000000                _slpram = .
 *(.lpram .lpram.*)
                0x30000000                . = ALIGN (0x8)
                0x30000000                _elpram = .

.bss            0x20000068      0x14c load address 0x00003944
                0x20000068                . = ALIGN (0x4)
                0x20000068                _sbss = .
                0x20000068                _szero = .
 *(.bss .bss.*)
 .bss           0x20000068       0x1c c:/program files (x86)/atmel/studio/7.0/toolchain/arm/arm-gnu-toolchain/bin/../lib/gcc/arm-none-eabi/6.3.1/thumb/v6-m/crtbegin.o
 .bss.cpu_irq_critical_section_counter
                0x20000084        0x4 src/ASF/common/utils/interrupt/interrupt_sam_nvic.o
 .bss.cpu_irq_prev_interrupt_state
                0x20000088        0x1 src/ASF/common/utils/interrupt/interrupt_sam_nvic.o
 *fill*         0x20000089        0x3 
 .bss._sercom_config
                0x2000008c        0x2 src/ASF/sam0/drivers/sercom/sercom.o
 .bss._handler_table_initialized
                0x2000008e        0x1 src/ASF/sam0/drivers/sercom/sercom_interrupt.o
 *fill*         0x2000008f        0x1 
 .bss._sercom_interrupt_handlers
                0x20000090       0x18 src/ASF/sam0/drivers/sercom/sercom_interrupt.o
 .bss._system_clock_inst
                0x200000a8       0x18 src/ASF/sam0/drivers/system/clock/clock_samr30/clock.o
 .bss.heap.5296
                0x200000c0        0x4 src/ASF/sam0/utils/syscalls/gcc/syscalls.o
 .bss.count     0x200000c4        0x2 src/main.o
                0x200000c4                count
 .bss.flag      0x200000c6        0x1 src/main.o
                0x200000c6                flag
 *fill*         0x200000c7        0x1 
 .bss.__malloc_free_list
                0x200000c8        0x4 c:/program files (x86)/atmel/studio/7.0/toolchain/arm/arm-gnu-toolchain/bin/../lib/gcc/arm-none-eabi/6.3.1/../../../../arm-none-eabi/lib/thumb/v6-m\libc_nano.a(lib_a-nano-mallocr.o)
                0x200000c8                __malloc_free_list
 .bss.__malloc_sbrk_start
                0x200000cc        0x4 c:/program files (x86)/atmel/studio/7.0/toolchain/arm/arm-gnu-toolchain/bin/../lib/gcc/arm-none-eabi/6.3.1/../../../../arm-none-eabi/lib/thumb/v6-m\libc_nano.a(lib_a-nano-mallocr.o)
                0x200000cc                __malloc_sbrk_start
 *(COMMON)
 COMMON         0x200000d0        0x1 src/ASF/sam0/drivers/extint/extint_callback.o
                0x200000d0                _current_channel
 *fill*         0x200000d1        0x3 
 COMMON         0x200000d4       0x40 src/ASF/sam0/drivers/extint/extint_sam_l_c/extint.o
                0x200000d4                _extint_dev
 COMMON         0x20000114        0x4 src/ASF/sam0/drivers/rtc/rtc_sam_l_c/rtc_count.o
                0x20000114                _rtc_instance
 COMMON         0x20000118       0x18 src/ASF/sam0/drivers/sercom/sercom_interrupt.o
                0x20000118                _sercom_instances
 COMMON         0x20000130        0xc src/ASF/sam0/drivers/tc/tc_interrupt.o
                0x20000130                _tc_instances
 COMMON         0x2000013c       0x74 src/main.o
                0x2000013c                usart_instance
                0x20000170                msg
                0x20000184                voltage
                0x20000186                result
                0x20000188                tc_instance
                0x200001a4                usart_flag
                0x200001a8                adc_instance
 COMMON         0x200001b0        0x4 c:/program files (x86)/atmel/studio/7.0/toolchain/arm/arm-gnu-toolchain/bin/../lib/gcc/arm-none-eabi/6.3.1/../../../../arm-none-eabi/lib/thumb/v6-m\libc_nano.a(lib_a-reent.o)
                0x200001b0                errno
                0x200001b4                . = ALIGN (0x4)
                0x200001b4                _ebss = .
                0x200001b4                _ezero = .

.stack          0x200001b4     0x2004 load address 0x00003a90
                0x200001b8                . = ALIGN (0x8)
 *fill*         0x200001b4        0x4 
                0x200001b8                _sstack = .
                0x200021b8                . = (. + STACK_SIZE)
 *fill*         0x200001b8     0x2000 
                0x200021b8                . = ALIGN (0x8)
                0x200021b8                _estack = .
                0x200021b8                . = ALIGN (0x4)
                0x200021b8                _end = .
OUTPUT(Ophir_MiWi_Tester_SAMR30.elf elf32-littlearm)

.ARM.attributes
                0x00000000       0x28
 .ARM.attributes
                0x00000000       0x1e c:/program files (x86)/atmel/studio/7.0/toolchain/arm/arm-gnu-toolchain/bin/../lib/gcc/arm-none-eabi/6.3.1/thumb/v6-m/crti.o
 .ARM.attributes
                0x0000001e       0x2c c:/program files (x86)/atmel/studio/7.0/toolchain/arm/arm-gnu-toolchain/bin/../lib/gcc/arm-none-eabi/6.3.1/thumb/v6-m/crtbegin.o
 .ARM.attributes
                0x0000004a       0x32 src/ASF/common/utils/interrupt/interrupt_sam_nvic.o
 .ARM.attributes
                0x0000007c       0x32 src/ASF/sam0/drivers/adc/adc_sam_l_c/adc.o
 .ARM.attributes
                0x000000ae       0x32 src/ASF/sam0/drivers/extint/extint_callback.o
 .ARM.attributes
                0x000000e0       0x32 src/ASF/sam0/drivers/extint/extint_sam_l_c/extint.o
 .ARM.attributes
                0x00000112       0x32 src/ASF/sam0/drivers/port/port.o
 .ARM.attributes
                0x00000144       0x32 src/ASF/sam0/drivers/rtc/rtc_sam_l_c/rtc_count.o
 .ARM.attributes
                0x00000176       0x32 src/ASF/sam0/drivers/rtc/rtc_sam_l_c/rtc_count_interrupt.o
 .ARM.attributes
                0x000001a8       0x32 src/ASF/sam0/drivers/sercom/sercom.o
 .ARM.attributes
                0x000001da       0x32 src/ASF/sam0/drivers/sercom/sercom_interrupt.o
 .ARM.attributes
                0x0000020c       0x32 src/ASF/sam0/drivers/sercom/usart/usart.o
 .ARM.attributes
                0x0000023e       0x32 src/ASF/sam0/drivers/sercom/usart/usart_interrupt.o
 .ARM.attributes
                0x00000270       0x32 src/ASF/sam0/drivers/system/clock/clock_samr30/clock.o
 .ARM.attributes
                0x000002a2       0x32 src/ASF/sam0/drivers/system/clock/clock_samr30/gclk.o
 .ARM.attributes
                0x000002d4       0x32 src/ASF/sam0/drivers/system/pinmux/pinmux.o
 .ARM.attributes
                0x00000306       0x32 src/ASF/sam0/drivers/tc/tc_interrupt.o
 .ARM.attributes
                0x00000338       0x32 src/ASF/sam0/drivers/tc/tc_sam_l_c/tc.o
 .ARM.attributes
                0x0000036a       0x32 src/ASF/sam0/utils/cmsis/samr30/source/gcc/startup_samr30.o
 .ARM.attributes
                0x0000039c       0x32 src/ASF/sam0/utils/syscalls/gcc/syscalls.o
 .ARM.attributes
                0x000003ce       0x32 src/main.o
 .ARM.attributes
                0x00000400       0x1e c:/program files (x86)/atmel/studio/7.0/toolchain/arm/arm-gnu-toolchain/bin/../lib/gcc/arm-none-eabi/6.3.1/thumb/v6-m\libgcc.a(_udivsi3.o)
 .ARM.attributes
                0x0000041e       0x1e c:/program files (x86)/atmel/studio/7.0/toolchain/arm/arm-gnu-toolchain/bin/../lib/gcc/arm-none-eabi/6.3.1/thumb/v6-m\libgcc.a(_divsi3.o)
 .ARM.attributes
                0x0000043c       0x1e c:/program files (x86)/atmel/studio/7.0/toolchain/arm/arm-gnu-toolchain/bin/../lib/gcc/arm-none-eabi/6.3.1/thumb/v6-m\libgcc.a(_dvmd_tls.o)
 .ARM.attributes
                0x0000045a       0x2c c:/program files (x86)/atmel/studio/7.0/toolchain/arm/arm-gnu-toolchain/bin/../lib/gcc/arm-none-eabi/6.3.1/thumb/v6-m\libgcc.a(_muldi3.o)
 .ARM.attributes
                0x00000486       0x2c c:/program files (x86)/atmel/studio/7.0/toolchain/arm/arm-gnu-toolchain/bin/../lib/gcc/arm-none-eabi/6.3.1/thumb/v6-m\libgcc.a(_fixunsdfsi.o)
 .ARM.attributes
                0x000004b2       0x2c c:/program files (x86)/atmel/studio/7.0/toolchain/arm/arm-gnu-toolchain/bin/../lib/gcc/arm-none-eabi/6.3.1/thumb/v6-m\libgcc.a(divdf3.o)
 .ARM.attributes
                0x000004de       0x2c c:/program files (x86)/atmel/studio/7.0/toolchain/arm/arm-gnu-toolchain/bin/../lib/gcc/arm-none-eabi/6.3.1/thumb/v6-m\libgcc.a(subdf3.o)
 .ARM.attributes
                0x0000050a       0x2c c:/program files (x86)/atmel/studio/7.0/toolchain/arm/arm-gnu-toolchain/bin/../lib/gcc/arm-none-eabi/6.3.1/thumb/v6-m\libgcc.a(fixdfsi.o)
 .ARM.attributes
                0x00000536       0x2c c:/program files (x86)/atmel/studio/7.0/toolchain/arm/arm-gnu-toolchain/bin/../lib/gcc/arm-none-eabi/6.3.1/thumb/v6-m\libgcc.a(floatsidf.o)
 .ARM.attributes
                0x00000562       0x1e c:/program files (x86)/atmel/studio/7.0/toolchain/arm/arm-gnu-toolchain/bin/../lib/gcc/arm-none-eabi/6.3.1/thumb/v6-m\libgcc.a(_arm_cmpdf2.o)
 .ARM.attributes
                0x00000580       0x1e c:/program files (x86)/atmel/studio/7.0/toolchain/arm/arm-gnu-toolchain/bin/../lib/gcc/arm-none-eabi/6.3.1/thumb/v6-m\libgcc.a(_clzsi2.o)
 .ARM.attributes
                0x0000059e       0x2c c:/program files (x86)/atmel/studio/7.0/toolchain/arm/arm-gnu-toolchain/bin/../lib/gcc/arm-none-eabi/6.3.1/thumb/v6-m\libgcc.a(eqdf2.o)
 .ARM.attributes
                0x000005ca       0x2c c:/program files (x86)/atmel/studio/7.0/toolchain/arm/arm-gnu-toolchain/bin/../lib/gcc/arm-none-eabi/6.3.1/thumb/v6-m\libgcc.a(gedf2.o)
 .ARM.attributes
                0x000005f6       0x2c c:/program files (x86)/atmel/studio/7.0/toolchain/arm/arm-gnu-toolchain/bin/../lib/gcc/arm-none-eabi/6.3.1/thumb/v6-m\libgcc.a(ledf2.o)
 .ARM.attributes
                0x00000622       0x2c c:/program files (x86)/atmel/studio/7.0/toolchain/arm/arm-gnu-toolchain/bin/../lib/gcc/arm-none-eabi/6.3.1/../../../../arm-none-eabi/lib/thumb/v6-m\libc_nano.a(lib_a-impure.o)
 .ARM.attributes
                0x0000064e       0x2c c:/program files (x86)/atmel/studio/7.0/toolchain/arm/arm-gnu-toolchain/bin/../lib/gcc/arm-none-eabi/6.3.1/../../../../arm-none-eabi/lib/thumb/v6-m\libc_nano.a(lib_a-init.o)
 .ARM.attributes
                0x0000067a       0x2c c:/program files (x86)/atmel/studio/7.0/toolchain/arm/arm-gnu-toolchain/bin/../lib/gcc/arm-none-eabi/6.3.1/../../../../arm-none-eabi/lib/thumb/v6-m\libc_nano.a(lib_a-memcpy-stub.o)
 .ARM.attributes
                0x000006a6       0x2c c:/program files (x86)/atmel/studio/7.0/toolchain/arm/arm-gnu-toolchain/bin/../lib/gcc/arm-none-eabi/6.3.1/../../../../arm-none-eabi/lib/thumb/v6-m\libc_nano.a(lib_a-sprintf.o)
 .ARM.attributes
                0x000006d2       0x2c c:/program files (x86)/atmel/studio/7.0/toolchain/arm/arm-gnu-toolchain/bin/../lib/gcc/arm-none-eabi/6.3.1/../../../../arm-none-eabi/lib/thumb/v6-m\libc_nano.a(lib_a-findfp.o)
 .ARM.attributes
                0x000006fe       0x2c c:/program files (x86)/atmel/studio/7.0/toolchain/arm/arm-gnu-toolchain/bin/../lib/gcc/arm-none-eabi/6.3.1/../../../../arm-none-eabi/lib/thumb/v6-m\libc_nano.a(lib_a-nano-freer.o)
 .ARM.attributes
                0x0000072a       0x2c c:/program files (x86)/atmel/studio/7.0/toolchain/arm/arm-gnu-toolchain/bin/../lib/gcc/arm-none-eabi/6.3.1/../../../../arm-none-eabi/lib/thumb/v6-m\libc_nano.a(lib_a-nano-mallocr.o)
 .ARM.attributes
                0x00000756       0x2c c:/program files (x86)/atmel/studio/7.0/toolchain/arm/arm-gnu-toolchain/bin/../lib/gcc/arm-none-eabi/6.3.1/../../../../arm-none-eabi/lib/thumb/v6-m\libc_nano.a(lib_a-nano-svfprintf.o)
 .ARM.attributes
                0x00000782       0x2c c:/program files (x86)/atmel/studio/7.0/toolchain/arm/arm-gnu-toolchain/bin/../lib/gcc/arm-none-eabi/6.3.1/../../../../arm-none-eabi/lib/thumb/v6-m\libc_nano.a(lib_a-nano-vfprintf_i.o)
 .ARM.attributes
                0x000007ae       0x2c c:/program files (x86)/atmel/studio/7.0/toolchain/arm/arm-gnu-toolchain/bin/../lib/gcc/arm-none-eabi/6.3.1/../../../../arm-none-eabi/lib/thumb/v6-m\libc_nano.a(lib_a-sbrkr.o)
 .ARM.attributes
                0x000007da       0x2c c:/program files (x86)/atmel/studio/7.0/toolchain/arm/arm-gnu-toolchain/bin/../lib/gcc/arm-none-eabi/6.3.1/../../../../arm-none-eabi/lib/thumb/v6-m\libc_nano.a(lib_a-memchr-stub.o)
 .ARM.attributes
                0x00000806       0x2c c:/program files (x86)/atmel/studio/7.0/toolchain/arm/arm-gnu-toolchain/bin/../lib/gcc/arm-none-eabi/6.3.1/../../../../arm-none-eabi/lib/thumb/v6-m\libc_nano.a(lib_a-memmove.o)
 .ARM.attributes
                0x00000832       0x2c c:/program files (x86)/atmel/studio/7.0/toolchain/arm/arm-gnu-toolchain/bin/../lib/gcc/arm-none-eabi/6.3.1/../../../../arm-none-eabi/lib/thumb/v6-m\libc_nano.a(lib_a-mlock.o)
 .ARM.attributes
                0x0000085e       0x2c c:/program files (x86)/atmel/studio/7.0/toolchain/arm/arm-gnu-toolchain/bin/../lib/gcc/arm-none-eabi/6.3.1/../../../../arm-none-eabi/lib/thumb/v6-m\libc_nano.a(lib_a-nano-reallocr.o)
 .ARM.attributes
                0x0000088a       0x2c c:/program files (x86)/atmel/studio/7.0/toolchain/arm/arm-gnu-toolchain/bin/../lib/gcc/arm-none-eabi/6.3.1/../../../../arm-none-eabi/lib/thumb/v6-m\libc_nano.a(lib_a-reent.o)
 .ARM.attributes
                0x000008b6       0x2c c:/program files (x86)/atmel/studio/7.0/toolchain/arm/arm-gnu-toolchain/bin/../lib/gcc/arm-none-eabi/6.3.1/../../../../arm-none-eabi/lib/thumb/v6-m\libc_nano.a(lib_a-nano-msizer.o)
 .ARM.attributes
                0x000008e2       0x1e c:/program files (x86)/atmel/studio/7.0/toolchain/arm/arm-gnu-toolchain/bin/../lib/gcc/arm-none-eabi/6.3.1/thumb/v6-m/crtn.o

.comment        0x00000000       0x59
 .comment       0x00000000       0x59 src/ASF/common/utils/interrupt/interrupt_sam_nvic.o
                                 0x5a (size before relaxing)
 .comment       0x00000059       0x5a src/ASF/sam0/drivers/adc/adc_sam_l_c/adc.o
 .comment       0x00000059       0x5a src/ASF/sam0/drivers/extint/extint_callback.o
 .comment       0x00000059       0x5a src/ASF/sam0/drivers/extint/extint_sam_l_c/extint.o
 .comment       0x00000059       0x5a src/ASF/sam0/drivers/port/port.o
 .comment       0x00000059       0x5a src/ASF/sam0/drivers/rtc/rtc_sam_l_c/rtc_count.o
 .comment       0x00000059       0x5a src/ASF/sam0/drivers/rtc/rtc_sam_l_c/rtc_count_interrupt.o
 .comment       0x00000059       0x5a src/ASF/sam0/drivers/sercom/sercom.o
 .comment       0x00000059       0x5a src/ASF/sam0/drivers/sercom/sercom_interrupt.o
 .comment       0x00000059       0x5a src/ASF/sam0/drivers/sercom/usart/usart.o
 .comment       0x00000059       0x5a src/ASF/sam0/drivers/sercom/usart/usart_interrupt.o
 .comment       0x00000059       0x5a src/ASF/sam0/drivers/system/clock/clock_samr30/clock.o
 .comment       0x00000059       0x5a src/ASF/sam0/drivers/system/clock/clock_samr30/gclk.o
 .comment       0x00000059       0x5a src/ASF/sam0/drivers/system/pinmux/pinmux.o
 .comment       0x00000059       0x5a src/ASF/sam0/drivers/tc/tc_interrupt.o
 .comment       0x00000059       0x5a src/ASF/sam0/drivers/tc/tc_sam_l_c/tc.o
 .comment       0x00000059       0x5a src/ASF/sam0/utils/cmsis/samr30/source/gcc/startup_samr30.o
 .comment       0x00000059       0x5a src/ASF/sam0/utils/syscalls/gcc/syscalls.o
 .comment       0x00000059       0x5a src/main.o

.debug_frame    0x00000000      0x654
 .debug_frame   0x00000000       0x20 c:/program files (x86)/atmel/studio/7.0/toolchain/arm/arm-gnu-toolchain/bin/../lib/gcc/arm-none-eabi/6.3.1/thumb/v6-m\libgcc.a(_udivsi3.o)
 .debug_frame   0x00000020       0x20 c:/program files (x86)/atmel/studio/7.0/toolchain/arm/arm-gnu-toolchain/bin/../lib/gcc/arm-none-eabi/6.3.1/thumb/v6-m\libgcc.a(_divsi3.o)
 .debug_frame   0x00000040       0x34 c:/program files (x86)/atmel/studio/7.0/toolchain/arm/arm-gnu-toolchain/bin/../lib/gcc/arm-none-eabi/6.3.1/thumb/v6-m\libgcc.a(_muldi3.o)
 .debug_frame   0x00000074       0x2c c:/program files (x86)/atmel/studio/7.0/toolchain/arm/arm-gnu-toolchain/bin/../lib/gcc/arm-none-eabi/6.3.1/thumb/v6-m\libgcc.a(_fixunsdfsi.o)
 .debug_frame   0x000000a0       0x3c c:/program files (x86)/atmel/studio/7.0/toolchain/arm/arm-gnu-toolchain/bin/../lib/gcc/arm-none-eabi/6.3.1/thumb/v6-m\libgcc.a(divdf3.o)
 .debug_frame   0x000000dc       0x38 c:/program files (x86)/atmel/studio/7.0/toolchain/arm/arm-gnu-toolchain/bin/../lib/gcc/arm-none-eabi/6.3.1/thumb/v6-m\libgcc.a(subdf3.o)
 .debug_frame   0x00000114       0x2c c:/program files (x86)/atmel/studio/7.0/toolchain/arm/arm-gnu-toolchain/bin/../lib/gcc/arm-none-eabi/6.3.1/thumb/v6-m\libgcc.a(fixdfsi.o)
 .debug_frame   0x00000140       0x2c c:/program files (x86)/atmel/studio/7.0/toolchain/arm/arm-gnu-toolchain/bin/../lib/gcc/arm-none-eabi/6.3.1/thumb/v6-m\libgcc.a(floatsidf.o)
 .debug_frame   0x0000016c       0x38 c:/program files (x86)/atmel/studio/7.0/toolchain/arm/arm-gnu-toolchain/bin/../lib/gcc/arm-none-eabi/6.3.1/thumb/v6-m\libgcc.a(eqdf2.o)
 .debug_frame   0x000001a4       0x38 c:/program files (x86)/atmel/studio/7.0/toolchain/arm/arm-gnu-toolchain/bin/../lib/gcc/arm-none-eabi/6.3.1/thumb/v6-m\libgcc.a(gedf2.o)
 .debug_frame   0x000001dc       0x38 c:/program files (x86)/atmel/studio/7.0/toolchain/arm/arm-gnu-toolchain/bin/../lib/gcc/arm-none-eabi/6.3.1/thumb/v6-m\libgcc.a(ledf2.o)
 .debug_frame   0x00000214       0x2c c:/program files (x86)/atmel/studio/7.0/toolchain/arm/arm-gnu-toolchain/bin/../lib/gcc/arm-none-eabi/6.3.1/../../../../arm-none-eabi/lib/thumb/v6-m\libc_nano.a(lib_a-init.o)
 .debug_frame   0x00000240       0x28 c:/program files (x86)/atmel/studio/7.0/toolchain/arm/arm-gnu-toolchain/bin/../lib/gcc/arm-none-eabi/6.3.1/../../../../arm-none-eabi/lib/thumb/v6-m\libc_nano.a(lib_a-memcpy-stub.o)
 .debug_frame   0x00000268       0x50 c:/program files (x86)/atmel/studio/7.0/toolchain/arm/arm-gnu-toolchain/bin/../lib/gcc/arm-none-eabi/6.3.1/../../../../arm-none-eabi/lib/thumb/v6-m\libc_nano.a(lib_a-sprintf.o)
 .debug_frame   0x000002b8      0x140 c:/program files (x86)/atmel/studio/7.0/toolchain/arm/arm-gnu-toolchain/bin/../lib/gcc/arm-none-eabi/6.3.1/../../../../arm-none-eabi/lib/thumb/v6-m\libc_nano.a(lib_a-findfp.o)
 .debug_frame   0x000003f8       0x2c c:/program files (x86)/atmel/studio/7.0/toolchain/arm/arm-gnu-toolchain/bin/../lib/gcc/arm-none-eabi/6.3.1/../../../../arm-none-eabi/lib/thumb/v6-m\libc_nano.a(lib_a-nano-freer.o)
 .debug_frame   0x00000424       0x2c c:/program files (x86)/atmel/studio/7.0/toolchain/arm/arm-gnu-toolchain/bin/../lib/gcc/arm-none-eabi/6.3.1/../../../../arm-none-eabi/lib/thumb/v6-m\libc_nano.a(lib_a-nano-mallocr.o)
 .debug_frame   0x00000450       0x74 c:/program files (x86)/atmel/studio/7.0/toolchain/arm/arm-gnu-toolchain/bin/../lib/gcc/arm-none-eabi/6.3.1/../../../../arm-none-eabi/lib/thumb/v6-m\libc_nano.a(lib_a-nano-svfprintf.o)
 .debug_frame   0x000004c4       0x54 c:/program files (x86)/atmel/studio/7.0/toolchain/arm/arm-gnu-toolchain/bin/../lib/gcc/arm-none-eabi/6.3.1/../../../../arm-none-eabi/lib/thumb/v6-m\libc_nano.a(lib_a-nano-vfprintf_i.o)
 .debug_frame   0x00000518       0x2c c:/program files (x86)/atmel/studio/7.0/toolchain/arm/arm-gnu-toolchain/bin/../lib/gcc/arm-none-eabi/6.3.1/../../../../arm-none-eabi/lib/thumb/v6-m\libc_nano.a(lib_a-sbrkr.o)
 .debug_frame   0x00000544       0x20 c:/program files (x86)/atmel/studio/7.0/toolchain/arm/arm-gnu-toolchain/bin/../lib/gcc/arm-none-eabi/6.3.1/../../../../arm-none-eabi/lib/thumb/v6-m\libc_nano.a(lib_a-memchr-stub.o)
 .debug_frame   0x00000564       0x28 c:/program files (x86)/atmel/studio/7.0/toolchain/arm/arm-gnu-toolchain/bin/../lib/gcc/arm-none-eabi/6.3.1/../../../../arm-none-eabi/lib/thumb/v6-m\libc_nano.a(lib_a-memmove.o)
 .debug_frame   0x0000058c       0x30 c:/program files (x86)/atmel/studio/7.0/toolchain/arm/arm-gnu-toolchain/bin/../lib/gcc/arm-none-eabi/6.3.1/../../../../arm-none-eabi/lib/thumb/v6-m\libc_nano.a(lib_a-mlock.o)
 .debug_frame   0x000005bc       0x30 c:/program files (x86)/atmel/studio/7.0/toolchain/arm/arm-gnu-toolchain/bin/../lib/gcc/arm-none-eabi/6.3.1/../../../../arm-none-eabi/lib/thumb/v6-m\libc_nano.a(lib_a-nano-reallocr.o)
 .debug_frame   0x000005ec       0x48 c:/program files (x86)/atmel/studio/7.0/toolchain/arm/arm-gnu-toolchain/bin/../lib/gcc/arm-none-eabi/6.3.1/../../../../arm-none-eabi/lib/thumb/v6-m\libc_nano.a(lib_a-reent.o)
 .debug_frame   0x00000634       0x20 c:/program files (x86)/atmel/studio/7.0/toolchain/arm/arm-gnu-toolchain/bin/../lib/gcc/arm-none-eabi/6.3.1/../../../../arm-none-eabi/lib/thumb/v6-m\libc_nano.a(lib_a-nano-msizer.o)

Cross Reference Table

Symbol                                            File
AC_Handler                                        src/ASF/sam0/utils/cmsis/samr30/source/gcc/startup_samr30.o
ADC_Handler                                       src/ASF/sam0/utils/cmsis/samr30/source/gcc/startup_samr30.o
AT86RFX_ISR                                       src/ASF/thirdparty/wireless/services/trx_access/trx_access.o
AddConnection                                     src/ASF/thirdparty/wireless/miwi/source/miwi_p2p_star/miwi_p2p_star.o
AdditionalNodeID                                  src/task.o
BankIndex                                         src/ASF/thirdparty/wireless/miwi/source/mimac/mimac_at86rf.o
ButtonPressed                                     src/demo_output.o
                                                  src/task.o
CBC_mic                                           src/ASF/thirdparty/wireless/miwi/source/mimac/mimac_at86rf.o
CTR_mic                                           src/ASF/thirdparty/wireless/miwi/source/mimac/mimac_at86rf.o
ConnMode                                          src/ASF/thirdparty/wireless/miwi/source/miwi_p2p_star/miwi_p2p_star.o
Connection_Confirm                                src/task.o
DE                                                src/demo_output.o
DMAC_Handler                                      src/ASF/sam0/utils/cmsis/samr30/source/gcc/startup_samr30.o
D_Nv_EraseSector_Impl                             src/ASF/thirdparty/wireless/miwi/services/pds/src/nv/D_Nv.o
                                                  src/ASF/thirdparty/wireless/miwi/services/pds/src/nv/S_Nv-SamR21.o
D_Nv_Init                                         src/ASF/thirdparty/wireless/miwi/services/pds/src/nv/D_Nv.o
D_Nv_IsEmpty_Impl                                 src/ASF/thirdparty/wireless/miwi/services/pds/src/nv/D_Nv.o
                                                  src/ASF/thirdparty/wireless/miwi/services/pds/src/nv/S_Nv-SamR21.o
D_Nv_IsEqual_Impl                                 src/ASF/thirdparty/wireless/miwi/services/pds/src/nv/D_Nv.o
                                                  src/ASF/thirdparty/wireless/miwi/services/pds/src/nv/S_Nv-SamR21.o
D_Nv_Read_Impl                                    src/ASF/thirdparty/wireless/miwi/services/pds/src/nv/D_Nv.o
                                                  src/ASF/thirdparty/wireless/miwi/services/pds/src/nv/S_Nv-SamR21.o
D_Nv_SetSystemIntegrityCheckFunction              src/ASF/thirdparty/wireless/miwi/services/pds/src/nv/D_Nv.o
D_Nv_Write_Impl                                   src/ASF/thirdparty/wireless/miwi/services/pds/src/nv/D_Nv.o
                                                  src/ASF/thirdparty/wireless/miwi/services/pds/src/nv/S_Nv-SamR21.o
DataDecrypt                                       src/ASF/thirdparty/wireless/miwi/source/mimac/mimac_at86rf.o
DataEncrypt                                       src/ASF/thirdparty/wireless/miwi/source/mimac/mimac_at86rf.o
DemoOutput_Channel                                src/demo_output.o
                                                  src/task.o
DemoOutput_ChannelError                           src/demo_output.o
DemoOutput_Greeting                               src/demo_output.o
DemoOutput_HandleMessage                          src/demo_output.o
DemoOutput_Instruction                            src/demo_output.o
                                                  src/task.o
DemoOutput_UnicastFail                            src/demo_output.o
DemoOutput_UpdateTxRx                             src/demo_output.o
Dummy_Handler                                     src/ASF/sam0/utils/cmsis/samr30/source/gcc/startup_samr30.o
DumpConnection                                    src/task.o
                                                  src/p2p_demo.o
EIC_Handler                                       src/ASF/sam0/drivers/extint/extint_callback.o
END_DEVICES_Short_Address                         src/ASF/thirdparty/wireless/miwi/source/miwi_p2p_star/miwi_p2p_star.o
EVSYS_Handler                                     src/ASF/sam0/utils/cmsis/samr30/source/gcc/startup_samr30.o
HardFault_Handler                                 src/ASF/sam0/utils/cmsis/samr30/source/gcc/startup_samr30.o
IEEESeqNum                                        src/ASF/thirdparty/wireless/miwi/source/mimac/mimac_at86rf.o
IncomingFrameCounter                              src/ASF/thirdparty/wireless/miwi/source/miwi_p2p_star/miwi_p2p_star.o
                                                  src/ASF/thirdparty/wireless/miwi/source/mimac/mimac_at86rf.o
InitVect_in                                       src/ASF/thirdparty/wireless/miwi/source/mimac/mimac_at86rf.o
Initialize_Demo                                   src/task.o
LatestConnection                                  src/ASF/thirdparty/wireless/miwi/source/miwi_p2p_star/miwi_p2p_star.o
MACCurrentChannel                                 src/ASF/thirdparty/wireless/miwi/source/mimac/mimac_at86rf.o
MACInitParams                                     src/ASF/thirdparty/wireless/miwi/source/mimac/mimac_at86rf.o
MACRxPacket                                       src/ASF/thirdparty/wireless/miwi/source/miwi_p2p_star/miwi_p2p_star.o
                                                  src/ASF/thirdparty/wireless/miwi/source/mimac/mimac_at86rf.o
MAC_PANID                                         src/ASF/thirdparty/wireless/miwi/source/mimac/mimac_at86rf.o
MiApp_ConnectionMode                              src/ASF/thirdparty/wireless/miwi/source/miwi_p2p_star/miwi_p2p_star.o
                                                  src/task.o
MiApp_DutyCyclingInit                             src/dutyCycling.o
MiApp_EstablishConnection                         src/ASF/thirdparty/wireless/miwi/source/miwi_p2p_star/miwi_p2p_star.o
MiApp_Get                                         src/ASF/thirdparty/wireless/miwi/source/miwi_p2p_star/miwi_p2p_star.o
MiApp_NoiseDetection                              src/ASF/thirdparty/wireless/miwi/source/miwi_p2p_star/miwi_p2p_star.o
MiApp_ProtocolInit                                src/ASF/thirdparty/wireless/miwi/source/miwi_p2p_star/miwi_p2p_star.o
                                                  src/task.o
MiApp_RemoveConnection                            src/ASF/thirdparty/wireless/miwi/source/miwi_p2p_star/miwi_p2p_star.o
MiApp_SendData                                    src/ASF/thirdparty/wireless/miwi/source/miwi_p2p_star/miwi_p2p_star.o
                                                  src/task.o
                                                  src/dutyCycling.o
MiApp_SendDutyCycledData                          src/dutyCycling.o
MiApp_Set                                         src/ASF/thirdparty/wireless/miwi/source/miwi_p2p_star/miwi_p2p_star.o
                                                  src/task.o
MiApp_StartConnection                             src/ASF/thirdparty/wireless/miwi/source/miwi_p2p_star/miwi_p2p_star.o
                                                  src/task.o
MiApp_SubscribeDataIndicationCallback             src/ASF/thirdparty/wireless/miwi/source/miwi_p2p_star/miwi_p2p_star.o
                                                  src/task.o
MiApp_SubscribeLinkFailureCallback                src/ASF/thirdparty/wireless/miwi/source/miwi_p2p_star/miwi_p2p_star.o
                                                  src/task.o
MiMAC_ChannelAssessment                           src/ASF/thirdparty/wireless/miwi/source/mimac/mimac_at86rf.o
                                                  src/ASF/thirdparty/wireless/miwi/source/miwi_p2p_star/miwi_p2p_star.o
MiMAC_DiscardPacket                               src/ASF/thirdparty/wireless/miwi/source/mimac/mimac_at86rf.o
                                                  src/ASF/thirdparty/wireless/miwi/source/miwi_p2p_star/miwi_p2p_star.o
MiMAC_GetPHYChannelInfo                           src/ASF/thirdparty/wireless/miwi/source/mimac/mimac_at86rf.o
                                                  src/ASF/thirdparty/wireless/miwi/source/miwi_p2p_star/miwi_p2p_star.o
MiMAC_Init                                        src/ASF/thirdparty/wireless/miwi/source/mimac/mimac_at86rf.o
                                                  src/ASF/thirdparty/wireless/miwi/source/miwi_p2p_star/miwi_p2p_star.o
MiMAC_PowerState                                  src/ASF/thirdparty/wireless/miwi/source/mimac/mimac_at86rf.o
MiMAC_ReceivedPacket                              src/ASF/thirdparty/wireless/miwi/source/mimac/mimac_at86rf.o
                                                  src/ASF/thirdparty/wireless/miwi/source/miwi_p2p_star/miwi_p2p_star.o
MiMAC_SendPacket                                  src/ASF/thirdparty/wireless/miwi/source/mimac/mimac_at86rf.o
                                                  src/ASF/thirdparty/wireless/miwi/source/miwi_p2p_star/miwi_p2p_star.o
MiMAC_Set                                         src/ASF/thirdparty/wireless/miwi/source/mimac/mimac_at86rf.o
                                                  src/ASF/thirdparty/wireless/miwi/source/miwi_p2p_star/miwi_p2p_star.o
MiMAC_SetAltAddress                               src/ASF/thirdparty/wireless/miwi/source/mimac/mimac_at86rf.o
                                                  src/task.o
                                                  src/ASF/thirdparty/wireless/miwi/source/miwi_p2p_star/miwi_p2p_star.o
MiMAC_SymbolToTicks                               src/ASF/thirdparty/wireless/miwi/source/mimac/mimac_at86rf.o
                                                  src/ASF/thirdparty/wireless/miwi/source/miwi_p2p_star/miwi_p2p_star.o
MiMAC_Task                                        src/ASF/thirdparty/wireless/miwi/source/mimac/mimac_at86rf.o
                                                  src/ASF/thirdparty/wireless/miwi/source/miwi_p2p_star/miwi_p2p_star.o
MiMem_Alloc                                       src/ASF/thirdparty/wireless/miwi/source/sys/mimem.o
                                                  src/ASF/thirdparty/wireless/miwi/source/miwi_p2p_star/miwi_p2p_star.o
                                                  src/ASF/thirdparty/wireless/miwi/source/mimac/phy/at86rf212b/phy.o
MiMem_Free                                        src/ASF/thirdparty/wireless/miwi/source/sys/mimem.o
                                                  src/ASF/thirdparty/wireless/miwi/source/sys/miqueue.o
                                                  src/ASF/thirdparty/wireless/miwi/source/miwi_p2p_star/miwi_p2p_star.o
                                                  src/ASF/thirdparty/wireless/miwi/source/mimac/phy/at86rf212b/phy.o
MiMem_Init                                        src/ASF/thirdparty/wireless/miwi/source/sys/mimem.o
MiMem_PercentageOfFreeBuffers                     src/ASF/thirdparty/wireless/miwi/source/sys/mimem.o
                                                  src/ASF/thirdparty/wireless/miwi/source/miwi_p2p_star/miwi_p2p_star.o
MiWi                                              src/demo_output.o
MiWi_ConnectionFailed                             src/task.o
MiWi_DestinationAddress                           src/task.o
MiWi_TickGet                                      src/ASF/thirdparty/wireless/miwi/source/sys/sysTimer.o
                                                  src/task.o
                                                  src/demo_output.o
                                                  src/ASF/thirdparty/wireless/miwi/source/miwi_p2p_star/miwi_p2p_star.o
MiWi_TickGetDiff                                  src/ASF/thirdparty/wireless/miwi/source/sys/sysTimer.o
                                                  src/task.o
                                                  src/demo_output.o
                                                  src/ASF/thirdparty/wireless/miwi/source/miwi_p2p_star/miwi_p2p_star.o
MyindexinPC                                       src/ASF/thirdparty/wireless/miwi/source/miwi_p2p_star/miwi_p2p_star.o
NMI_Handler                                       src/ASF/sam0/utils/cmsis/samr30/source/gcc/startup_samr30.o
NVMCTRL_Handler                                   src/ASF/sam0/utils/cmsis/samr30/source/gcc/startup_samr30.o
NumOfActiveScanResponse                           src/p2p_demo.o
OutgoingFrameCounter                              src/ASF/thirdparty/wireless/miwi/source/mimac/mimac_at86rf.o
P2PCapacityInfo                                   src/ASF/thirdparty/wireless/miwi/source/miwi_p2p_star/miwi_p2p_star.o
P2PStatus                                         src/ASF/thirdparty/wireless/miwi/source/miwi_p2p_star/miwi_p2p_star.o
P2PTasks                                          src/ASF/thirdparty/wireless/miwi/source/miwi_p2p_star/miwi_p2p_star.o
                                                  src/task.o
PDS_BlockingStore                                 src/ASF/thirdparty/wireless/miwi/services/pds/src/nopds/fakePds.o
PDS_ClearRestoredMemory                           src/ASF/thirdparty/wireless/miwi/services/pds/src/nopds/fakePds.o
PDS_Delete                                        src/ASF/thirdparty/wireless/miwi/services/pds/src/nopds/fakePds.o
PDS_DeleteAll                                     src/ASF/thirdparty/wireless/miwi/services/pds/src/nopds/fakePds.o
PDS_EraseSecureItems                              src/ASF/thirdparty/wireless/miwi/services/pds/src/nopds/fakePds.o
PDS_FlushData                                     src/ASF/thirdparty/wireless/miwi/services/pds/src/nopds/fakePds.o
PDS_Init                                          src/ASF/thirdparty/wireless/miwi/services/pds/src/nopds/fakePds.o
PDS_InitItems                                     src/ASF/thirdparty/wireless/miwi/services/pds/src/nopds/fakePds.o
PDS_IsAbleToRestore                               src/ASF/thirdparty/wireless/miwi/services/pds/src/nopds/fakePds.o
PDS_IsAbleToStore                                 src/ASF/thirdparty/wireless/miwi/services/pds/src/nopds/fakePds.o
PDS_IsBusy                                        src/ASF/thirdparty/wireless/miwi/services/pds/src/nopds/fakePds.o
PDS_IsMemoryRestored                              src/ASF/thirdparty/wireless/miwi/services/pds/src/nopds/fakePds.o
PDS_ResetStorage                                  src/ASF/thirdparty/wireless/miwi/services/pds/src/nopds/fakePds.o
PDS_Restore                                       src/ASF/thirdparty/wireless/miwi/services/pds/src/nopds/fakePds.o
PDS_Run                                           src/ASF/thirdparty/wireless/miwi/services/pds/src/nopds/fakePds.o
PDS_Stop                                          src/ASF/thirdparty/wireless/miwi/services/pds/src/nopds/fakePds.o
PDS_Store                                         src/ASF/thirdparty/wireless/miwi/services/pds/src/nopds/fakePds.o
PDS_StoreByEvents                                 src/ASF/thirdparty/wireless/miwi/services/pds/src/nopds/fakePds.o
PDS_StoreByTimer                                  src/ASF/thirdparty/wireless/miwi/services/pds/src/nopds/fakePds.o
PHY_DataConf                                      src/ASF/thirdparty/wireless/miwi/source/mimac/mimac_at86rf.o
PHY_DataReq                                       src/ASF/thirdparty/wireless/miwi/source/mimac/phy/at86rf212b/phy.o
                                                  src/ASF/thirdparty/wireless/miwi/source/mimac/mimac_at86rf.o
PHY_DecryptReq                                    src/ASF/thirdparty/wireless/miwi/source/mimac/phy/at86rf212b/phy.o
PHY_EdReq                                         src/ASF/thirdparty/wireless/miwi/source/mimac/phy/at86rf212b/phy.o
                                                  src/ASF/thirdparty/wireless/miwi/source/mimac/mimac_at86rf.o
PHY_EncryptReq                                    src/ASF/thirdparty/wireless/miwi/source/mimac/phy/at86rf212b/phy.o
                                                  src/ASF/thirdparty/wireless/miwi/source/mimac/mimac_at86rf.o
PHY_EncryptReqCBC                                 src/ASF/thirdparty/wireless/miwi/source/mimac/phy/at86rf212b/phy.o
PHY_Init                                          src/ASF/thirdparty/wireless/miwi/source/mimac/phy/at86rf212b/phy.o
                                                  src/ASF/thirdparty/wireless/miwi/source/mimac/mimac_at86rf.o
PHY_RandomReq                                     src/ASF/thirdparty/wireless/miwi/source/mimac/phy/at86rf212b/phy.o
                                                  src/task.o
                                                  src/ASF/thirdparty/wireless/miwi/source/miwi_p2p_star/miwi_p2p_star.o
                                                  src/ASF/thirdparty/wireless/miwi/source/mimac/mimac_at86rf.o
PHY_SetBand                                       src/ASF/thirdparty/wireless/miwi/source/mimac/phy/at86rf212b/phy.o
PHY_SetChannel                                    src/ASF/thirdparty/wireless/miwi/source/mimac/phy/at86rf212b/phy.o
                                                  src/ASF/thirdparty/wireless/miwi/source/mimac/mimac_at86rf.o
PHY_SetIEEEAddr                                   src/ASF/thirdparty/wireless/miwi/source/mimac/phy/at86rf212b/phy.o
                                                  src/task.o
                                                  src/ASF/thirdparty/wireless/miwi/source/mimac/mimac_at86rf.o
PHY_SetModulation                                 src/ASF/thirdparty/wireless/miwi/source/mimac/phy/at86rf212b/phy.o
PHY_SetPanId                                      src/ASF/thirdparty/wireless/miwi/source/mimac/phy/at86rf212b/phy.o
                                                  src/ASF/thirdparty/wireless/miwi/source/mimac/mimac_at86rf.o
PHY_SetRxState                                    src/ASF/thirdparty/wireless/miwi/source/mimac/phy/at86rf212b/phy.o
                                                  src/ASF/thirdparty/wireless/miwi/source/mimac/mimac_at86rf.o
PHY_SetShortAddr                                  src/ASF/thirdparty/wireless/miwi/source/mimac/phy/at86rf212b/phy.o
                                                  src/ASF/thirdparty/wireless/miwi/source/mimac/mimac_at86rf.o
PHY_SetTxPower                                    src/ASF/thirdparty/wireless/miwi/source/mimac/phy/at86rf212b/phy.o
PHY_Sleep                                         src/ASF/thirdparty/wireless/miwi/source/mimac/phy/at86rf212b/phy.o
                                                  src/ASF/thirdparty/wireless/miwi/source/mimac/mimac_at86rf.o
PHY_TaskHandler                                   src/ASF/thirdparty/wireless/miwi/source/mimac/phy/at86rf212b/phy.o
                                                  src/ASF/thirdparty/wireless/miwi/source/mimac/mimac_at86rf.o
PHY_TxHandler                                     src/ASF/thirdparty/wireless/miwi/source/mimac/phy/at86rf212b/phy.o
PHY_Wakeup                                        src/ASF/thirdparty/wireless/miwi/source/mimac/phy/at86rf212b/phy.o
                                                  src/ASF/thirdparty/wireless/miwi/source/mimac/mimac_at86rf.o
PTC_Handler                                       src/ASF/sam0/utils/cmsis/samr30/source/gcc/startup_samr30.o
PUSH_BUTTON_press_time                            src/demo_output.o
PUSH_BUTTON_pressed                               src/demo_output.o
PendSV_Handler                                    src/ASF/sam0/utils/cmsis/samr30/source/gcc/startup_samr30.o
PhyReset                                          src/ASF/thirdparty/wireless/services/trx_access/trx_access.o
                                                  src/ASF/thirdparty/wireless/miwi/source/mimac/phy/at86rf212b/phy.o
RTC_Handler                                       src/ASF/sam0/drivers/rtc/rtc_sam_l_c/rtc_count_interrupt.o
ReceivedDataIndication                            src/p2p_demo.o
                                                  src/task.o
Reset_Handler                                     src/ASF/sam0/utils/cmsis/samr30/source/gcc/startup_samr30.o
Run_Demo                                          src/task.o
RxBuffer                                          src/ASF/thirdparty/wireless/miwi/source/mimac/phy/at86rf212b/phy.o
                                                  src/ASF/thirdparty/wireless/miwi/source/mimac/mimac_at86rf.o
RxNum                                             src/p2p_demo.o
SERCOM0_Handler                                   src/ASF/sam0/drivers/sercom/sercom_interrupt.o
SERCOM1_Handler                                   src/ASF/sam0/drivers/sercom/sercom_interrupt.o
SERCOM2_Handler                                   src/ASF/sam0/drivers/sercom/sercom_interrupt.o
SERCOM3_Handler                                   src/ASF/sam0/drivers/sercom/sercom_interrupt.o
SERCOM4_Handler                                   src/ASF/sam0/drivers/sercom/sercom_interrupt.o
SERCOM5_Handler                                   src/ASF/sam0/drivers/sercom/sercom_interrupt.o
STAR_DEMO_OPTIONS_MESSAGE                         src/demo_output.o
SVC_Handler                                       src/ASF/sam0/utils/cmsis/samr30/source/gcc/startup_samr30.o
SYSTEM_Handler                                    src/ASF/sam0/utils/cmsis/samr30/source/gcc/startup_samr30.o
SYS_TimerAdjust_SleptTime                         src/ASF/thirdparty/wireless/miwi/source/sys/sysTimer.o
                                                  src/ASF/thirdparty/wireless/miwi/services/sleep_mgr/sam0/sleep_mgr.o
SYS_TimerInit                                     src/ASF/thirdparty/wireless/miwi/source/sys/sysTimer.o
SYS_TimerRemainingTimeout                         src/ASF/thirdparty/wireless/miwi/source/sys/sysTimer.o
                                                  src/dutyCycling.o
SYS_TimerStart                                    src/ASF/thirdparty/wireless/miwi/source/sys/sysTimer.o
                                                  src/dutyCycling.o
                                                  src/ASF/thirdparty/wireless/miwi/source/miwi_p2p_star/miwi_p2p_star.o
                                                  src/ASF/thirdparty/wireless/miwi/services/pds/src/nv/S_Nv-SamR21.o
SYS_TimerStarted                                  src/ASF/thirdparty/wireless/miwi/source/sys/sysTimer.o
                                                  src/ASF/thirdparty/wireless/miwi/services/pds/src/nv/S_Nv-SamR21.o
SYS_TimerStop                                     src/ASF/thirdparty/wireless/miwi/source/sys/sysTimer.o
                                                  src/ASF/thirdparty/wireless/miwi/source/miwi_p2p_star/miwi_p2p_star.o
                                                  src/ASF/thirdparty/wireless/miwi/services/pds/src/nv/S_Nv-SamR21.o
SYS_TimerTaskHandler                              src/ASF/thirdparty/wireless/miwi/source/sys/sysTimer.o
                                                  src/ASF/thirdparty/wireless/miwi/source/miwi_p2p_star/miwi_p2p_star.o
S_Nv_CompactSector_Impl                           src/ASF/thirdparty/wireless/miwi/services/pds/src/nv/S_Nv-SamR21.o
S_Nv_Delete_Impl                                  src/ASF/thirdparty/wireless/miwi/services/pds/src/nv/S_Nv-SamR21.o
S_Nv_EarlyInit                                    src/ASF/thirdparty/wireless/miwi/services/pds/src/nv/S_Nv-SamR21.o
S_Nv_EraseAll_Impl                                src/ASF/thirdparty/wireless/miwi/services/pds/src/nv/S_Nv-SamR21.o
S_Nv_Init                                         src/ASF/thirdparty/wireless/miwi/services/pds/src/nv/S_Nv-SamR21.o
S_Nv_IsItemAvailable_Impl                         src/ASF/thirdparty/wireless/miwi/services/pds/src/nv/S_Nv-SamR21.o
S_Nv_ItemInit_Impl                                src/ASF/thirdparty/wireless/miwi/services/pds/src/nv/S_Nv-SamR21.o
S_Nv_ItemLength_Impl                              src/ASF/thirdparty/wireless/miwi/services/pds/src/nv/S_Nv-SamR21.o
S_Nv_Read_Impl                                    src/ASF/thirdparty/wireless/miwi/services/pds/src/nv/S_Nv-SamR21.o
S_Nv_SetPowerSupplyCheckingFunction_Impl          src/ASF/thirdparty/wireless/miwi/services/pds/src/nv/S_Nv-SamR21.o
S_Nv_Write_Impl                                   src/ASF/thirdparty/wireless/miwi/services/pds/src/nv/S_Nv-SamR21.o
Source_END_DEVICE_INFO                            src/demo_output.o
SysTick_Handler                                   src/ASF/sam0/utils/cmsis/samr30/source/gcc/startup_samr30.o
SysTimerIrqCount                                  src/ASF/thirdparty/wireless/miwi/source/sys/sysTimer.o
SystemCoreClock                                   src/ASF/sam0/utils/cmsis/samr30/source/system_samr30.o
SystemCoreClockUpdate                             src/ASF/sam0/utils/cmsis/samr30/source/system_samr30.o
SystemInit                                        src/ASF/sam0/utils/cmsis/samr30/source/system_samr30.o
TC0_Handler                                       src/ASF/sam0/drivers/tc/tc_interrupt.o
TC1_Handler                                       src/ASF/sam0/drivers/tc/tc_interrupt.o
TC4_Handler                                       src/ASF/sam0/drivers/tc/tc_interrupt.o
TCC0_Handler                                      src/ASF/sam0/utils/cmsis/samr30/source/gcc/startup_samr30.o
TCC1_Handler                                      src/ASF/sam0/utils/cmsis/samr30/source/gcc/startup_samr30.o
TCC2_Handler                                      src/ASF/sam0/utils/cmsis/samr30/source/gcc/startup_samr30.o
Total_Connections                                 src/ASF/thirdparty/wireless/miwi/source/miwi_p2p_star/miwi_p2p_star.o
TxNum                                             src/p2p_demo.o
TxSynCount                                        src/p2p_demo.o
TxSynCount2                                       src/p2p_demo.o
USART_HOST_ISR_VECT                               src/ASF/thirdparty/wireless/addons/sio2host/uart/sio2host.o
USB_Handler                                       src/ASF/sam0/utils/cmsis/samr30/source/gcc/startup_samr30.o
WDT_Handler                                       src/ASF/sam0/utils/cmsis/samr30/source/gcc/startup_samr30.o
XAH_CTRL_0_reg_value                              src/ASF/thirdparty/wireless/miwi/source/mimac/phy/at86rf212b/phy.o
XAH_CTRL_1_reg_value                              src/ASF/thirdparty/wireless/miwi/source/mimac/phy/at86rf212b/phy.o
_Jv_RegisterClasses                               c:/program files (x86)/atmel/studio/7.0/toolchain/arm/arm-gnu-toolchain/bin/../lib/gcc/arm-none-eabi/6.3.1/thumb/v6-m/crtbegin.o
__aeabi_cdcmpeq                                   c:/program files (x86)/atmel/studio/7.0/toolchain/arm/arm-gnu-toolchain/bin/../lib/gcc/arm-none-eabi/6.3.1/thumb/v6-m\libgcc.a(_arm_cmpdf2.o)
__aeabi_cdcmple                                   c:/program files (x86)/atmel/studio/7.0/toolchain/arm/arm-gnu-toolchain/bin/../lib/gcc/arm-none-eabi/6.3.1/thumb/v6-m\libgcc.a(_arm_cmpdf2.o)
__aeabi_cdrcmple                                  c:/program files (x86)/atmel/studio/7.0/toolchain/arm/arm-gnu-toolchain/bin/../lib/gcc/arm-none-eabi/6.3.1/thumb/v6-m\libgcc.a(_arm_cmpdf2.o)
__aeabi_cfcmpeq                                   c:/program files (x86)/atmel/studio/7.0/toolchain/arm/arm-gnu-toolchain/bin/../lib/gcc/arm-none-eabi/6.3.1/thumb/v6-m\libgcc.a(_arm_cmpsf2.o)
__aeabi_cfcmple                                   c:/program files (x86)/atmel/studio/7.0/toolchain/arm/arm-gnu-toolchain/bin/../lib/gcc/arm-none-eabi/6.3.1/thumb/v6-m\libgcc.a(_arm_cmpsf2.o)
__aeabi_cfrcmple                                  c:/program files (x86)/atmel/studio/7.0/toolchain/arm/arm-gnu-toolchain/bin/../lib/gcc/arm-none-eabi/6.3.1/thumb/v6-m\libgcc.a(_arm_cmpsf2.o)
__aeabi_d2iz                                      c:/program files (x86)/atmel/studio/7.0/toolchain/arm/arm-gnu-toolchain/bin/../lib/gcc/arm-none-eabi/6.3.1/thumb/v6-m\libgcc.a(fixdfsi.o)
                                                  c:/program files (x86)/atmel/studio/7.0/toolchain/arm/arm-gnu-toolchain/bin/../lib/gcc/arm-none-eabi/6.3.1/thumb/v6-m\libgcc.a(_fixunsdfsi.o)
__aeabi_d2uiz                                     c:/program files (x86)/atmel/studio/7.0/toolchain/arm/arm-gnu-toolchain/bin/../lib/gcc/arm-none-eabi/6.3.1/thumb/v6-m\libgcc.a(_fixunsdfsi.o)
                                                  src/main.o
                                                  src/dutyCycling.o
__aeabi_dadd                                      c:/program files (x86)/atmel/studio/7.0/toolchain/arm/arm-gnu-toolchain/bin/../lib/gcc/arm-none-eabi/6.3.1/thumb/v6-m\libgcc.a(adddf3.o)
                                                  src/dutyCycling.o
__aeabi_dcmpeq                                    c:/program files (x86)/atmel/studio/7.0/toolchain/arm/arm-gnu-toolchain/bin/../lib/gcc/arm-none-eabi/6.3.1/thumb/v6-m\libgcc.a(_arm_cmpdf2.o)
__aeabi_dcmpge                                    c:/program files (x86)/atmel/studio/7.0/toolchain/arm/arm-gnu-toolchain/bin/../lib/gcc/arm-none-eabi/6.3.1/thumb/v6-m\libgcc.a(_arm_cmpdf2.o)
                                                  c:/program files (x86)/atmel/studio/7.0/toolchain/arm/arm-gnu-toolchain/bin/../lib/gcc/arm-none-eabi/6.3.1/thumb/v6-m\libgcc.a(_fixunsdfsi.o)
__aeabi_dcmpgt                                    c:/program files (x86)/atmel/studio/7.0/toolchain/arm/arm-gnu-toolchain/bin/../lib/gcc/arm-none-eabi/6.3.1/thumb/v6-m\libgcc.a(_arm_cmpdf2.o)
__aeabi_dcmple                                    c:/program files (x86)/atmel/studio/7.0/toolchain/arm/arm-gnu-toolchain/bin/../lib/gcc/arm-none-eabi/6.3.1/thumb/v6-m\libgcc.a(_arm_cmpdf2.o)
__aeabi_dcmplt                                    c:/program files (x86)/atmel/studio/7.0/toolchain/arm/arm-gnu-toolchain/bin/../lib/gcc/arm-none-eabi/6.3.1/thumb/v6-m\libgcc.a(_arm_cmpdf2.o)
__aeabi_ddiv                                      c:/program files (x86)/atmel/studio/7.0/toolchain/arm/arm-gnu-toolchain/bin/../lib/gcc/arm-none-eabi/6.3.1/thumb/v6-m\libgcc.a(divdf3.o)
                                                  src/main.o
__aeabi_dmul                                      c:/program files (x86)/atmel/studio/7.0/toolchain/arm/arm-gnu-toolchain/bin/../lib/gcc/arm-none-eabi/6.3.1/thumb/v6-m\libgcc.a(muldf3.o)
                                                  src/dutyCycling.o
__aeabi_dsub                                      c:/program files (x86)/atmel/studio/7.0/toolchain/arm/arm-gnu-toolchain/bin/../lib/gcc/arm-none-eabi/6.3.1/thumb/v6-m\libgcc.a(subdf3.o)
                                                  c:/program files (x86)/atmel/studio/7.0/toolchain/arm/arm-gnu-toolchain/bin/../lib/gcc/arm-none-eabi/6.3.1/thumb/v6-m\libgcc.a(_fixunsdfsi.o)
__aeabi_f2iz                                      c:/program files (x86)/atmel/studio/7.0/toolchain/arm/arm-gnu-toolchain/bin/../lib/gcc/arm-none-eabi/6.3.1/thumb/v6-m\libgcc.a(fixsfsi.o)
                                                  c:/program files (x86)/atmel/studio/7.0/toolchain/arm/arm-gnu-toolchain/bin/../lib/gcc/arm-none-eabi/6.3.1/thumb/v6-m\libgcc.a(_fixunssfsi.o)
__aeabi_f2uiz                                     c:/program files (x86)/atmel/studio/7.0/toolchain/arm/arm-gnu-toolchain/bin/../lib/gcc/arm-none-eabi/6.3.1/thumb/v6-m\libgcc.a(_fixunssfsi.o)
                                                  src/ASF/thirdparty/wireless/services/common_hw_timer/sam0/hw_timer.o
__aeabi_fadd                                      c:/program files (x86)/atmel/studio/7.0/toolchain/arm/arm-gnu-toolchain/bin/../lib/gcc/arm-none-eabi/6.3.1/thumb/v6-m\libgcc.a(addsf3.o)
                                                  src/ASF/thirdparty/wireless/services/common_hw_timer/sam0/hw_timer.o
__aeabi_fcmpeq                                    c:/program files (x86)/atmel/studio/7.0/toolchain/arm/arm-gnu-toolchain/bin/../lib/gcc/arm-none-eabi/6.3.1/thumb/v6-m\libgcc.a(_arm_cmpsf2.o)
__aeabi_fcmpge                                    c:/program files (x86)/atmel/studio/7.0/toolchain/arm/arm-gnu-toolchain/bin/../lib/gcc/arm-none-eabi/6.3.1/thumb/v6-m\libgcc.a(_arm_cmpsf2.o)
                                                  c:/program files (x86)/atmel/studio/7.0/toolchain/arm/arm-gnu-toolchain/bin/../lib/gcc/arm-none-eabi/6.3.1/thumb/v6-m\libgcc.a(_fixunssfsi.o)
                                                  src/ASF/thirdparty/wireless/services/common_hw_timer/sam0/hw_timer.o
__aeabi_fcmpgt                                    c:/program files (x86)/atmel/studio/7.0/toolchain/arm/arm-gnu-toolchain/bin/../lib/gcc/arm-none-eabi/6.3.1/thumb/v6-m\libgcc.a(_arm_cmpsf2.o)
__aeabi_fcmple                                    c:/program files (x86)/atmel/studio/7.0/toolchain/arm/arm-gnu-toolchain/bin/../lib/gcc/arm-none-eabi/6.3.1/thumb/v6-m\libgcc.a(_arm_cmpsf2.o)
__aeabi_fcmplt                                    c:/program files (x86)/atmel/studio/7.0/toolchain/arm/arm-gnu-toolchain/bin/../lib/gcc/arm-none-eabi/6.3.1/thumb/v6-m\libgcc.a(_arm_cmpsf2.o)
__aeabi_fdiv                                      c:/program files (x86)/atmel/studio/7.0/toolchain/arm/arm-gnu-toolchain/bin/../lib/gcc/arm-none-eabi/6.3.1/thumb/v6-m\libgcc.a(divsf3.o)
                                                  src/ASF/thirdparty/wireless/services/common_hw_timer/sam0/hw_timer.o
__aeabi_fsub                                      c:/program files (x86)/atmel/studio/7.0/toolchain/arm/arm-gnu-toolchain/bin/../lib/gcc/arm-none-eabi/6.3.1/thumb/v6-m\libgcc.a(subsf3.o)
                                                  c:/program files (x86)/atmel/studio/7.0/toolchain/arm/arm-gnu-toolchain/bin/../lib/gcc/arm-none-eabi/6.3.1/thumb/v6-m\libgcc.a(_fixunssfsi.o)
                                                  src/ASF/thirdparty/wireless/services/common_hw_timer/sam0/hw_timer.o
__aeabi_i2d                                       c:/program files (x86)/atmel/studio/7.0/toolchain/arm/arm-gnu-toolchain/bin/../lib/gcc/arm-none-eabi/6.3.1/thumb/v6-m\libgcc.a(floatsidf.o)
                                                  src/main.o
                                                  src/dutyCycling.o
__aeabi_idiv                                      c:/program files (x86)/atmel/studio/7.0/toolchain/arm/arm-gnu-toolchain/bin/../lib/gcc/arm-none-eabi/6.3.1/thumb/v6-m\libgcc.a(_divsi3.o)
                                                  c:/program files (x86)/atmel/studio/7.0/toolchain/arm/arm-gnu-toolchain/bin/../lib/gcc/arm-none-eabi/6.3.1/../../../../arm-none-eabi/lib/thumb/v6-m\libc_nano.a(lib_a-fvwrite.o)
                                                  ../src/ASF/thirdparty/wireless/services/common_hw_timer/sam0/lib\libsam0_lib_hw_timer.a(common_hw_timer.o)
                                                  src/main.o
                                                  src/ASF/thirdparty/wireless/miwi/source/miwi_p2p_star/miwi_p2p_star.o
__aeabi_idiv0                                     c:/program files (x86)/atmel/studio/7.0/toolchain/arm/arm-gnu-toolchain/bin/../lib/gcc/arm-none-eabi/6.3.1/thumb/v6-m\libgcc.a(_dvmd_tls.o)
                                                  c:/program files (x86)/atmel/studio/7.0/toolchain/arm/arm-gnu-toolchain/bin/../lib/gcc/arm-none-eabi/6.3.1/thumb/v6-m\libgcc.a(_divsi3.o)
                                                  c:/program files (x86)/atmel/studio/7.0/toolchain/arm/arm-gnu-toolchain/bin/../lib/gcc/arm-none-eabi/6.3.1/thumb/v6-m\libgcc.a(_udivsi3.o)
__aeabi_idivmod                                   c:/program files (x86)/atmel/studio/7.0/toolchain/arm/arm-gnu-toolchain/bin/../lib/gcc/arm-none-eabi/6.3.1/thumb/v6-m\libgcc.a(_divsi3.o)
                                                  src/ASF/thirdparty/wireless/miwi/source/miwi_p2p_star/miwi_p2p_star.o
__aeabi_ldiv0                                     c:/program files (x86)/atmel/studio/7.0/toolchain/arm/arm-gnu-toolchain/bin/../lib/gcc/arm-none-eabi/6.3.1/thumb/v6-m\libgcc.a(_dvmd_tls.o)
__aeabi_lmul                                      c:/program files (x86)/atmel/studio/7.0/toolchain/arm/arm-gnu-toolchain/bin/../lib/gcc/arm-none-eabi/6.3.1/thumb/v6-m\libgcc.a(_muldi3.o)
                                                  c:/program files (x86)/atmel/studio/7.0/toolchain/arm/arm-gnu-toolchain/bin/../lib/gcc/arm-none-eabi/6.3.1/../../../../arm-none-eabi/lib/thumb/v6-m\libc_nano.a(lib_a-rand.o)
                                                  src/ASF/sam0/drivers/sercom/sercom.o
__aeabi_ui2f                                      c:/program files (x86)/atmel/studio/7.0/toolchain/arm/arm-gnu-toolchain/bin/../lib/gcc/arm-none-eabi/6.3.1/thumb/v6-m\libgcc.a(floatunsisf.o)
                                                  src/ASF/thirdparty/wireless/services/common_hw_timer/sam0/hw_timer.o
__aeabi_uidiv                                     c:/program files (x86)/atmel/studio/7.0/toolchain/arm/arm-gnu-toolchain/bin/../lib/gcc/arm-none-eabi/6.3.1/thumb/v6-m\libgcc.a(_udivsi3.o)
                                                  c:/program files (x86)/atmel/studio/7.0/toolchain/arm/arm-gnu-toolchain/bin/../lib/gcc/arm-none-eabi/6.3.1/../../../../arm-none-eabi/lib/thumb/v6-m\libc_nano.a(lib_a-nano-vfprintf_i.o)
                                                  c:/program files (x86)/atmel/studio/7.0/toolchain/arm/arm-gnu-toolchain/bin/../lib/gcc/arm-none-eabi/6.3.1/thumb/v6-m\libgcc.a(divdf3.o)
                                                  src/dutyCycling.o
                                                  src/demo_output.o
                                                  src/ASF/thirdparty/wireless/miwi/source/sys/sysTimer.o
                                                  src/ASF/thirdparty/wireless/miwi/source/sys/mimem.o
                                                  src/ASF/thirdparty/wireless/miwi/source/miwi_p2p_star/miwi_p2p_star.o
                                                  src/ASF/sam0/drivers/system/clock/clock_samr30/gclk.o
                                                  src/ASF/sam0/drivers/system/clock/clock_samr30/clock.o
                                                  src/ASF/sam0/drivers/nvm/nvm.o
                                                  src/ASF/common2/services/delay/sam0/systick_counter.o
__aeabi_uidivmod                                  c:/program files (x86)/atmel/studio/7.0/toolchain/arm/arm-gnu-toolchain/bin/../lib/gcc/arm-none-eabi/6.3.1/thumb/v6-m\libgcc.a(_udivsi3.o)
                                                  c:/program files (x86)/atmel/studio/7.0/toolchain/arm/arm-gnu-toolchain/bin/../lib/gcc/arm-none-eabi/6.3.1/../../../../arm-none-eabi/lib/thumb/v6-m\libc_nano.a(lib_a-nano-vfprintf_i.o)
                                                  c:/program files (x86)/atmel/studio/7.0/toolchain/arm/arm-gnu-toolchain/bin/../lib/gcc/arm-none-eabi/6.3.1/thumb/v6-m\libgcc.a(divdf3.o)
                                                  src/ASF/sam0/drivers/nvm/nvm.o
__bss_end__                                       c:/program files (x86)/atmel/studio/7.0/toolchain/arm/arm-gnu-toolchain/bin/../lib/gcc/arm-none-eabi/6.3.1/../../../../arm-none-eabi/lib/thumb/v6-m/crt0.o
__bss_start__                                     c:/program files (x86)/atmel/studio/7.0/toolchain/arm/arm-gnu-toolchain/bin/../lib/gcc/arm-none-eabi/6.3.1/../../../../arm-none-eabi/lib/thumb/v6-m/crt0.o
__call_exitprocs                                  c:/program files (x86)/atmel/studio/7.0/toolchain/arm/arm-gnu-toolchain/bin/../lib/gcc/arm-none-eabi/6.3.1/../../../../arm-none-eabi/lib/thumb/v6-m\libc_nano.a(lib_a-exit.o)
__clzsi2                                          c:/program files (x86)/atmel/studio/7.0/toolchain/arm/arm-gnu-toolchain/bin/../lib/gcc/arm-none-eabi/6.3.1/thumb/v6-m\libgcc.a(_clzsi2.o)
                                                  c:/program files (x86)/atmel/studio/7.0/toolchain/arm/arm-gnu-toolchain/bin/../lib/gcc/arm-none-eabi/6.3.1/thumb/v6-m\libgcc.a(floatsidf.o)
                                                  c:/program files (x86)/atmel/studio/7.0/toolchain/arm/arm-gnu-toolchain/bin/../lib/gcc/arm-none-eabi/6.3.1/thumb/v6-m\libgcc.a(subdf3.o)
                                                  c:/program files (x86)/atmel/studio/7.0/toolchain/arm/arm-gnu-toolchain/bin/../lib/gcc/arm-none-eabi/6.3.1/thumb/v6-m\libgcc.a(muldf3.o)
                                                  c:/program files (x86)/atmel/studio/7.0/toolchain/arm/arm-gnu-toolchain/bin/../lib/gcc/arm-none-eabi/6.3.1/thumb/v6-m\libgcc.a(divdf3.o)
                                                  c:/program files (x86)/atmel/studio/7.0/toolchain/arm/arm-gnu-toolchain/bin/../lib/gcc/arm-none-eabi/6.3.1/thumb/v6-m\libgcc.a(adddf3.o)
                                                  c:/program files (x86)/atmel/studio/7.0/toolchain/arm/arm-gnu-toolchain/bin/../lib/gcc/arm-none-eabi/6.3.1/thumb/v6-m\libgcc.a(floatunsisf.o)
                                                  c:/program files (x86)/atmel/studio/7.0/toolchain/arm/arm-gnu-toolchain/bin/../lib/gcc/arm-none-eabi/6.3.1/thumb/v6-m\libgcc.a(subsf3.o)
                                                  c:/program files (x86)/atmel/studio/7.0/toolchain/arm/arm-gnu-toolchain/bin/../lib/gcc/arm-none-eabi/6.3.1/thumb/v6-m\libgcc.a(divsf3.o)
                                                  c:/program files (x86)/atmel/studio/7.0/toolchain/arm/arm-gnu-toolchain/bin/../lib/gcc/arm-none-eabi/6.3.1/thumb/v6-m\libgcc.a(addsf3.o)
__d_nv_mem_start                                  src/ASF/thirdparty/wireless/miwi/services/pds/src/nv/D_Nv.o
__deregister_frame_info                           c:/program files (x86)/atmel/studio/7.0/toolchain/arm/arm-gnu-toolchain/bin/../lib/gcc/arm-none-eabi/6.3.1/thumb/v6-m/crtbegin.o
__divsi3                                          c:/program files (x86)/atmel/studio/7.0/toolchain/arm/arm-gnu-toolchain/bin/../lib/gcc/arm-none-eabi/6.3.1/thumb/v6-m\libgcc.a(_divsi3.o)
__dso_handle                                      c:/program files (x86)/atmel/studio/7.0/toolchain/arm/arm-gnu-toolchain/bin/../lib/gcc/arm-none-eabi/6.3.1/thumb/v6-m/crtbegin.o
__eqdf2                                           c:/program files (x86)/atmel/studio/7.0/toolchain/arm/arm-gnu-toolchain/bin/../lib/gcc/arm-none-eabi/6.3.1/thumb/v6-m\libgcc.a(eqdf2.o)
                                                  c:/program files (x86)/atmel/studio/7.0/toolchain/arm/arm-gnu-toolchain/bin/../lib/gcc/arm-none-eabi/6.3.1/thumb/v6-m\libgcc.a(_arm_cmpdf2.o)
__eqsf2                                           c:/program files (x86)/atmel/studio/7.0/toolchain/arm/arm-gnu-toolchain/bin/../lib/gcc/arm-none-eabi/6.3.1/thumb/v6-m\libgcc.a(eqsf2.o)
                                                  c:/program files (x86)/atmel/studio/7.0/toolchain/arm/arm-gnu-toolchain/bin/../lib/gcc/arm-none-eabi/6.3.1/thumb/v6-m\libgcc.a(_arm_cmpsf2.o)
__fixunsdfsi                                      c:/program files (x86)/atmel/studio/7.0/toolchain/arm/arm-gnu-toolchain/bin/../lib/gcc/arm-none-eabi/6.3.1/thumb/v6-m\libgcc.a(_fixunsdfsi.o)
__fixunssfsi                                      c:/program files (x86)/atmel/studio/7.0/toolchain/arm/arm-gnu-toolchain/bin/../lib/gcc/arm-none-eabi/6.3.1/thumb/v6-m\libgcc.a(_fixunssfsi.o)
__fp_lock_all                                     c:/program files (x86)/atmel/studio/7.0/toolchain/arm/arm-gnu-toolchain/bin/../lib/gcc/arm-none-eabi/6.3.1/../../../../arm-none-eabi/lib/thumb/v6-m\libc_nano.a(lib_a-findfp.o)
__fp_unlock_all                                   c:/program files (x86)/atmel/studio/7.0/toolchain/arm/arm-gnu-toolchain/bin/../lib/gcc/arm-none-eabi/6.3.1/../../../../arm-none-eabi/lib/thumb/v6-m\libc_nano.a(lib_a-findfp.o)